
[ERROR] COMPILATION 
ERROR : 
[ERROR] WARNING: A 
terminally deprecated 
method in 
sun.misc.Unsafe has 
been called
C:\Users\User\SA_PROJEC
T\backend\src\test\java
\com\bookfair\controlle
r\AdminControllerTest.j
ava:[52,12] error: 
cannot find symbol
[INFO] 1 error
[ERROR] Failed to 
execute goal org.apache
.maven.plugins:maven-co
mpiler-plugin:3.13.0:te
stCompile 
(default-testCompile) 
on project 
stall-reservation-api: 
Compilation failure
[ERROR] WARNING: A 
terminally deprecated 
method in 
sun.misc.Unsafe has 
been called
[ERROR] WARNING: sun.mi
sc.Unsafe:objectFieldOf
fset has been called 
by lombok.permit.Permit
[ERROR] WARNING: 
Please consider 
reporting this to the 
maintainers of class 
lombok.permit.Permit
[ERROR] WARNING: sun.mi
sc.Unsafe:objectFieldOf
fset will be removed 
in a future release
[ERROR] C:\Users\User\S
A_PROJECT\backend\src\t
est\java\com\bookfair\c
ontroller\AdminControll
erTest.java:[52,12] 
error: cannot find 
symbol
[ERROR]   symbol:   
class PricingService
[ERROR]   location: 
class 
AdminControllerTest
[ERROR] 
[ERROR] -> [Help 1]
[ERROR] 
[ERROR] To see the 
full stack trace of 
the errors, re-run 
Maven with the -e 
switch.
[ERROR] Re-run Maven 
using the -X switch to 
enable full debug 
logging.
[ERROR] 
[ERROR] For more 
information about the 
errors and possible 
solutions, please read 
the following articles:
[ERROR] [Help 1] http:/
/cwiki.apache.org/confl
uence/display/MAVEN/Moj
oFailureException


