[INFO] Scanning for projects...
[INFO] 
[INFO] -----------------< com.bookfair:stall-reservation-api >-----------------
[INFO] Building Bookfair Stall Reservation API 1.0.0
[INFO]   from pom.xml
[INFO] --------------------------------[ jar ]---------------------------------
[INFO] 
[INFO] --- resources:3.3.1:resources (default-resources) @ stall-reservation-api ---
[INFO] Copying 1 resource from src\main\resources to target\classes
[INFO] Copying 3 resources from src\main\resources to target\classes
[INFO] 
[INFO] --- compiler:3.13.0:compile (default-compile) @ stall-reservation-api ---
[INFO] Recompiling the module because of changed source code.
[INFO] Compiling 126 source files with javac [forked debug parameters release 21] to target\classes
[WARNING] Unable to autodetect 'javac' path, using 'javac' from the environment.
[WARNING] WARNING: A terminally deprecated method in sun.misc.Unsafe has been called
WARNING: sun.misc.Unsafe:objectFieldOffset has been called by lombok.permit.Permit
WARNING: Please consider reporting this to the maintainers of class lombok.permit.Permit
WARNING: sun.misc.Unsafe:objectFieldOffset will be removed in a future release
C:\Users\User\SA_PROJECT\backend\src\main\java\com\bookfair\entity\StallTemplate.java:[52,20] @Builder will ignore the initializing expression entirely. If you want the initializing expression to serve as default, add @Builder.Default. If it is not supposed to be settable during building, make the field final.
[WARNING] C:\Users\User\SA_PROJECT\backend\src\main\java\com\bookfair\entity\EventStall.java:[56,29] @Builder will ignore the initializing expression entirely. If you want the initializing expression to serve as default, add @Builder.Default. If it is not supposed to be settable during building, make the field final.
[INFO] 
[INFO] --- resources:3.3.1:testResources (default-testResources) @ stall-reservation-api ---
[INFO] Copying 1 resource from src\test\resources to target\test-classes
[INFO] 
[INFO] --- compiler:3.13.0:testCompile (default-testCompile) @ stall-reservation-api ---
[INFO] Recompiling the module because of changed dependency.
[INFO] Compiling 11 source files with javac [forked debug parameters release 21] to target\test-classes
[WARNING] Unable to autodetect 'javac' path, using 'javac' from the environment.
[INFO] 
[INFO] --- surefire:3.2.5:test (default-test) @ stall-reservation-api ---
[INFO] Using auto detected provider org.apache.maven.surefire.junitplatform.JUnitPlatformProvider
[INFO] 
[INFO] -------------------------------------------------------
[INFO]  T E S T S
[INFO] -------------------------------------------------------
[INFO] Running com.bookfair.controller.AdminControllerTest
12:39:46.638 [main] INFO org.springframework.test.context.support.AnnotationConfigContextLoaderUtils -- Could not detect default configuration classes for test class [com.bookfair.controller.AdminControllerTest]: AdminControllerTest does not declare any static, non-private, non-final, nested classes annotated with @Configuration.
12:39:46.781 [main] INFO org.springframework.boot.test.context.SpringBootTestContextBootstrapper -- Found @SpringBootConfiguration com.bookfair.BookfairApplication for test class com.bookfair.controller.AdminControllerTest
12:39:46.846 [main] INFO org.springframework.boot.devtools.restart.RestartApplicationListener -- Restart disabled due to context in which it is running

  .   ____          _            __ _ _
 /\\ / ___'_ __ _ _(_)_ __  __ _ \ \ \ \
( ( )\___ | '_ | '_| | '_ \/ _` | \ \ \ \
 \\/  ___)| |_)| | | | | || (_| |  ) ) ) )
  '  |____| .__|_| |_|_| |_\__, | / / / /
 =========|_|==============|___/=/_/_/_/

 :: Spring Boot ::                (v3.3.5)

2026-03-02T12:39:47.158+05:30  INFO 6540 --- [           main] c.b.controller.AdminControllerTest       : Starting AdminControllerTest using Java 25.0.1 with PID 6540 (started by User in C:\Users\User\SA_PROJECT\backend)
2026-03-02T12:39:47.159+05:30  INFO 6540 --- [           main] c.b.controller.AdminControllerTest       : No active profile set, falling back to 1 default profile: "default"
mvn : Java HotSpot(TM) 
64-Bit Server VM 
warning: Sharing is 
only supported for 
boot loader classes 
because bootstrap 
classpath has been 
appended
At line:1 char:1
+ mvn test 2>&1 | 
Out-File -FilePath C:\U
sers\User\SA_PROJECT\ba
ckend\t ...
+ ~~~~~~~~~~~~~
    + CategoryInfo     
         : NotSpecifi  
  ed: (Java HotSpot(   
 TM...s been append    
ed:String) [], Rem    
oteException
    + FullyQualifiedEr 
   rorId : NativeComm  
  andError
 
WARNING: A Java agent 
has been loaded 
dynamically (C:\Users\U
ser\.m2\repository\net\
bytebuddy\byte-buddy-ag
ent\1.14.19\byte-buddy-
agent-1.14.19.jar)
WARNING: If a 
serviceability tool is 
in use, please run 
with -XX:+EnableDynamic
AgentLoading to hide 
this warning
WARNING: If a 
serviceability tool is 
not in use, please run 
with -Djdk.instrument.t
raceUsage for more 
information
WARNING: Dynamic 
loading of agents will 
be disallowed by 
default in a future 
release
WARNING: A terminally 
deprecated method in 
sun.misc.Unsafe has 
been called
WARNING: sun.misc.Unsaf
e::objectFieldOffset 
has been called by net.
bytebuddy.dynamic.loadi
ng.ClassInjector$UsingU
nsafe$Dispatcher$Creati
onAction (file:/C:/User
s/User/.m2/repository/n
et/bytebuddy/byte-buddy
/1.14.19/byte-buddy-1.1
4.19.jar)
WARNING: Please 
consider reporting 
this to the 
maintainers of class ne
t.bytebuddy.dynamic.loa
ding.ClassInjector$Usin
gUnsafe$Dispatcher$Crea
tionAction
WARNING: sun.misc.Unsaf
e::objectFieldOffset 
will be removed in a 
future release
2026-03-02T12:39:49.726+05:30  INFO 6540 --- [           main] r$InitializeUserDetailsManagerConfigurer : Global AuthenticationManager configured with UserDetailsService bean with name inMemoryUserDetailsManager
2026-03-02T12:39:49.887+05:30  INFO 6540 --- [           main] o.s.b.t.m.w.SpringBootMockServletContext : Initializing Spring TestDispatcherServlet ''
2026-03-02T12:39:49.888+05:30  INFO 6540 --- [           main] o.s.t.web.servlet.TestDispatcherServlet  : Initializing Servlet ''
2026-03-02T12:39:49.889+05:30  INFO 6540 --- [           main] o.s.t.web.servlet.TestDispatcherServlet  : Completed initialization in 1 ms
2026-03-02T12:39:49.924+05:30  INFO 6540 --- [           main] c.b.controller.AdminControllerTest       : Started AdminControllerTest in 3.087 seconds (process running for 3.889)

MockHttpServletRequest:
      HTTP Method = POST
      Request URI = /api/v1/admin/halls/1/static-layout
       Parameters = {_csrf=[tlK-w_sAbOP_aVAzdRYq5vXPf74gcrk1S_uAp41-It9BUncg0mqM9M5kCtfSCmJWRDse3pf3UocTSokYcp2wk7hNQO8gZhFE]}
          Headers = [Content-Type:"application/json;charset=UTF-8", Content-Length:"31"]
             Body = {"staticLayout":"{\"data\":1}"}
    Session Attrs = {SPRING_SECURITY_CONTEXT=SecurityContextImpl [Authentication=UsernamePasswordAuthenticationToken [Principal=org.springframework.security.core.userdetails.User [Username=user, Password=[PROTECTED], Enabled=true, AccountNonExpired=true, CredentialsNonExpired=true, AccountNonLocked=true, Granted Authorities=[ROLE_ADMIN]], Credentials=[PROTECTED], Authenticated=true, Details=null, Granted Authorities=[ROLE_ADMIN]]]}

Handler:
             Type = com.bookfair.controller.AdminController
           Method = com.bookfair.controller.AdminController#updateHallLayout(Long, Map)

Async:
    Async started = false
     Async result = null

Resolved Exception:
             Type = null

ModelAndView:
        View name = null
             View = null
            Model = null

FlashMap:
       Attributes = null

MockHttpServletResponse:
           Status = 200
    Error message = null
          Headers = [Content-Type:"application/json", X-Content-Type-Options:"nosniff", X-XSS-Protection:"0", Cache-Control:"no-cache, no-store, max-age=0, must-revalidate", Pragma:"no-cache", Expires:"0", X-Frame-Options:"DENY"]
     Content type = application/json
             Body = {"success":true,"message":"Hall layout updated successfully"}
    Forwarded URL = null
   Redirected URL = null
          Cookies = []
[ERROR] Tests run: 2, Failures: 1, Errors: 0, Skipped: 0, Time elapsed: 3.895 s <<< FAILURE! -- in com.bookfair.controller.AdminControllerTest
[ERROR] com.bookfair.controller.AdminControllerTest.updateHallLayout_ShouldReturnOk -- Time elapsed: 0.066 s <<< FAILURE!
java.lang.AssertionError: No value at JSON path "$.updated"
	at org.springframework.test.util.JsonPathExpectationsHelper.evaluateJsonPath(JsonPathExpectationsHelper.java:302)
	at org.springframework.test.util.JsonPathExpectationsHelper.assertValue(JsonPathExpectationsHelper.java:99)
	at org.springframework.test.web.servlet.result.JsonPathResultMatchers.lambda$value$2(JsonPathResultMatchers.java:111)
	at org.springframework.test.web.servlet.MockMvc$1.andExpect(MockMvc.java:214)
	at com.bookfair.controller.AdminControllerTest.updateHallLayout_ShouldReturnOk(AdminControllerTest.java:94)
	at java.base/java.lang.reflect.Method.invoke(Method.java:565)
	at java.base/java.util.ArrayList.forEach(ArrayList.java:1604)
	at java.base/java.util.ArrayList.forEach(ArrayList.java:1604)
Caused by: com.jayway.jsonpath.PathNotFoundException: No results for path: $['updated']

[INFO] Running com.bookfair.controller.AuthControllerTest
2026-03-02T12:39:50.443+05:30  INFO 6540 --- [           main] t.c.s.AnnotationConfigContextLoaderUtils : Could not detect default configuration classes for test class [com.bookfair.controller.AuthControllerTest]: AuthControllerTest does not declare any static, non-private, non-final, nested classes annotated with @Configuration.
2026-03-02T12:39:50.451+05:30  INFO 6540 --- [           main] .b.t.c.SpringBootTestContextBootstrapper : Found @SpringBootConfiguration com.bookfair.BookfairApplication for test class com.bookfair.controller.AuthControllerTest
2026-03-02T12:39:50.462+05:30  INFO 6540 --- [           main] o.s.b.d.r.RestartApplicationListener     : Restart disabled due to context in which it is running

  .   ____          _            __ _ _
 /\\ / ___'_ __ _ _(_)_ __  __ _ \ \ \ \
( ( )\___ | '_ | '_| | '_ \/ _` | \ \ \ \
 \\/  ___)| |_)| | | | | || (_| |  ) ) ) )
  '  |____| .__|_| |_|_| |_\__, | / / / /
 =========|_|==============|___/=/_/_/_/

 :: Spring Boot ::                (v3.3.5)

2026-03-02T12:39:50.493+05:30  INFO 6540 --- [           main] c.b.controller.AuthControllerTest        : Starting AuthControllerTest using Java 25.0.1 with PID 6540 (started by User in C:\Users\User\SA_PROJECT\backend)
2026-03-02T12:39:50.494+05:30  INFO 6540 --- [           main] c.b.controller.AuthControllerTest        : No active profile set, falling back to 1 default profile: "default"
2026-03-02T12:39:51.034+05:30  INFO 6540 --- [           main] .s.d.r.c.RepositoryConfigurationDelegate : Multiple Spring Data modules found, entering strict repository configuration mode
2026-03-02T12:39:51.036+05:30  INFO 6540 --- [           main] .s.d.r.c.RepositoryConfigurationDelegate : Bootstrapping Spring Data JPA repositories in DEFAULT mode.
2026-03-02T12:39:51.190+05:30  INFO 6540 --- [           main] .s.d.r.c.RepositoryConfigurationDelegate : Finished Spring Data repository scanning in 140 ms. Found 14 JPA repository interfaces.
2026-03-02T12:39:51.582+05:30  INFO 6540 --- [           main] com.zaxxer.hikari.HikariDataSource       : HikariPool-1 - Starting...
2026-03-02T12:39:51.736+05:30  INFO 6540 --- [           main] com.zaxxer.hikari.pool.HikariPool        : HikariPool-1 - Added connection conn0: url=jdbc:h2:mem:testdb user=SA
2026-03-02T12:39:51.738+05:30  INFO 6540 --- [           main] com.zaxxer.hikari.HikariDataSource       : HikariPool-1 - Start completed.
2026-03-02T12:39:51.764+05:30  WARN 6540 --- [           main] o.s.w.c.s.GenericWebApplicationContext   : Exception encountered during context initialization - cancelling refresh attempt: org.springframework.beans.factory.BeanCreationException: Error creating bean with name 'entityManagerFactory' defined in class path resource [org/springframework/boot/autoconfigure/orm/jpa/HibernateJpaConfiguration.class]: Failed to initialize dependency 'dataSourceScriptDatabaseInitializer' of LoadTimeWeaverAware bean 'entityManagerFactory': Error creating bean with name 'dataSourceScriptDatabaseInitializer' defined in class path resource [org/springframework/boot/autoconfigure/sql/init/DataSourceInitializationConfiguration.class]: Failed to execute SQL script statement #1 of file [C:\Users\User\SA_PROJECT\backend\target\classes\data.sql]: TRUNCATE TABLE reservations CASCADE
2026-03-02T12:39:51.764+05:30  INFO 6540 --- [           main] com.zaxxer.hikari.HikariDataSource       : HikariPool-1 - Shutdown initiated...
2026-03-02T12:39:51.767+05:30  INFO 6540 --- [           main] com.zaxxer.hikari.HikariDataSource       : HikariPool-1 - Shutdown completed.



=======================
=====
CONDITIONS EVALUATION 
REPORT
=======================
=====


Positive matches:
-----------------

   
AopAutoConfiguration 
matched:
      - 
@ConditionalOnProperty 
(spring.aop.auto=true) 
matched 
(OnPropertyCondition)

   AopAutoConfiguration
.AspectJAutoProxyingCon
figuration matched:
      - 
@ConditionalOnClass 
found required class 'o
rg.aspectj.weaver.Advic
e' (OnClassCondition)

   AopAutoConfiguration
.AspectJAutoProxyingCon
figuration.CglibAutoPro
xyConfiguration 
matched:
      - 
@ConditionalOnProperty 
(spring.aop.proxy-targe
t-class=true) matched 
(OnPropertyCondition)

   ApplicationAvailabil
ityAutoConfiguration#ap
plicationAvailability 
matched:
      - @ConditionalOnM
issingBean (types: org.
springframework.boot.av
ailability.ApplicationA
vailability; 
SearchStrategy: all) 
did not find any beans 
(OnBeanCondition)

   
CacheAutoConfiguration 
matched:
      - 
@ConditionalOnClass 
found required class 'o
rg.springframework.cach
e.CacheManager' 
(OnClassCondition)
      - 
@ConditionalOnBean 
(types: org.springframe
work.cache.interceptor.
CacheAspectSupport; 
SearchStrategy: all) 
found bean 
'cacheInterceptor'; @Co
nditionalOnMissingBean 
(names: cacheResolver 
types: org.springframew
ork.cache.CacheManager;
 SearchStrategy: all) 
did not find any beans 
(OnBeanCondition)

   CacheAutoConfigurati
on#cacheManagerCustomiz
ers matched:
      - @ConditionalOnM
issingBean (types: org.
springframework.boot.au
toconfigure.cache.Cache
ManagerCustomizers; 
SearchStrategy: all) 
did not find any beans 
(OnBeanCondition)

   CacheAutoConfigurati
on.CacheManagerEntityMa
nagerFactoryDependsOnPo
stProcessor matched:
      - 
@ConditionalOnClass 
found required class 'o
rg.springframework.orm.
jpa.LocalContainerEntit
yManagerFactoryBean' 
(OnClassCondition)
      - 
@ConditionalOnBean 
(types: org.springframe
work.orm.jpa.AbstractEn
tityManagerFactoryBean;
 SearchStrategy: all) 
found bean '&entityMana
gerFactory' 
(OnBeanCondition)

   DataSourceAutoConfig
uration matched:
      - 
@ConditionalOnClass 
found required classes 
'javax.sql.DataSource',
 'org.springframework.j
dbc.datasource.embedded
.EmbeddedDatabaseType' 
(OnClassCondition)
      - @ConditionalOnM
issingBean (types: io.r
2dbc.spi.ConnectionFact
ory; SearchStrategy: 
all) did not find any 
beans (OnBeanCondition)

   DataSourceAutoConfig
uration.PooledDataSourc
eConfiguration matched:
      - 
AnyNestedCondition 1 
matched 1 did not; 
NestedCondition on Data
SourceAutoConfiguration
.PooledDataSourceCondit
ion.PooledDataSourceAva
ilable 
PooledDataSource found 
supported DataSource; 
NestedCondition on Data
SourceAutoConfiguration
.PooledDataSourceCondit
ion.ExplicitType 
@ConditionalOnProperty 
(spring.datasource.type
) did not find 
property 'type' (DataSo
urceAutoConfiguration.P
ooledDataSourceConditio
n)
      - @ConditionalOnM
issingBean (types: java
x.sql.DataSource,javax.
sql.XADataSource; 
SearchStrategy: all) 
did not find any beans 
(OnBeanCondition)

   DataSourceAutoConfig
uration.PooledDataSourc
eConfiguration#jdbcConn
ectionDetails matched:
      - @ConditionalOnM
issingBean (types: org.
springframework.boot.au
toconfigure.jdbc.JdbcCo
nnectionDetails; 
SearchStrategy: all) 
did not find any beans 
(OnBeanCondition)

   DataSourceConfigurat
ion.Hikari matched:
      - 
@ConditionalOnClass 
found required class 'c
om.zaxxer.hikari.Hikari
DataSource' 
(OnClassCondition)
      - 
@ConditionalOnProperty 
(spring.datasource.type
=com.zaxxer.hikari.Hika
riDataSource) matched 
(OnPropertyCondition)
      - @ConditionalOnM
issingBean (types: 
javax.sql.DataSource; 
SearchStrategy: all) 
did not find any beans 
(OnBeanCondition)

   DataSourceInitializa
tionConfiguration 
matched:
      - 
@ConditionalOnClass 
found required class 'o
rg.springframework.jdbc
.datasource.init.Databa
sePopulator' 
(OnClassCondition)
      - @ConditionalOnS
ingleCandidate (types: 
javax.sql.DataSource; 
SearchStrategy: all) 
found a single bean 
'dataSource'; @Conditio
nalOnMissingBean 
(types: org.springframe
work.boot.autoconfigure
.sql.init.SqlDataSource
ScriptDatabaseInitializ
er,org.springframework.
boot.autoconfigure.sql.
init.SqlR2dbcScriptData
baseInitializer; 
SearchStrategy: all) 
did not find any beans 
(OnBeanCondition)

   DataSourcePoolMetada
taProvidersConfiguratio
n.HikariPoolDataSourceM
etadataProviderConfigur
ation matched:
      - 
@ConditionalOnClass 
found required class 'c
om.zaxxer.hikari.Hikari
DataSource' 
(OnClassCondition)

   DataSourceTransactio
nManagerAutoConfigurati
on matched:
      - 
@ConditionalOnClass 
found required classes 
'javax.sql.DataSource',
 'org.springframework.j
dbc.core.JdbcTemplate',
 'org.springframework.t
ransaction.TransactionM
anager' 
(OnClassCondition)

   DataSourceTransactio
nManagerAutoConfigurati
on.JdbcTransactionManag
erConfiguration 
matched:
      - @ConditionalOnS
ingleCandidate (types: 
javax.sql.DataSource; 
SearchStrategy: all) 
found a single bean 
'dataSource' 
(OnBeanCondition)

   DispatcherServletAut
oConfiguration matched:
      - 
@ConditionalOnClass 
found required class 'o
rg.springframework.web.
servlet.DispatcherServl
et' (OnClassCondition)
      - found 
'session' scope (OnWebA
pplicationCondition)

   DispatcherServletAut
oConfiguration.Dispatch
erServletConfiguration 
matched:
      - 
@ConditionalOnClass 
found required class 'j
akarta.servlet.ServletR
egistration' 
(OnClassCondition)
      - Default 
DispatcherServlet did 
not find dispatcher 
servlet beans (Dispatch
erServletAutoConfigurat
ion.DefaultDispatcherSe
rvletCondition)

   DispatcherServletAut
oConfiguration.Dispatch
erServletRegistrationCo
nfiguration matched:
      - 
@ConditionalOnClass 
found required class 'j
akarta.servlet.ServletR
egistration' 
(OnClassCondition)
      - 
DispatcherServlet 
Registration did not 
find servlet 
registration bean (Disp
atcherServletAutoConfig
uration.DispatcherServl
etRegistrationCondition
)

   DispatcherServletAut
oConfiguration.Dispatch
erServletRegistrationCo
nfiguration#dispatcherS
ervletRegistration 
matched:
      - 
@ConditionalOnBean 
(names: 
dispatcherServlet 
types: org.springframew
ork.web.servlet.Dispatc
herServlet; 
SearchStrategy: all) 
found bean 
'dispatcherServlet' 
(OnBeanCondition)

   ErrorMvcAutoConfigur
ation matched:
      - 
@ConditionalOnClass 
found required classes 
'jakarta.servlet.Servle
t', 'org.springframewor
k.web.servlet.Dispatche
rServlet' 
(OnClassCondition)
      - found 
'session' scope (OnWebA
pplicationCondition)

   ErrorMvcAutoConfigur
ation#basicErrorControl
ler matched:
      - @ConditionalOnM
issingBean (types: org.
springframework.boot.we
b.servlet.error.ErrorCo
ntroller; 
SearchStrategy: 
current) did not find 
any beans 
(OnBeanCondition)

   ErrorMvcAutoConfigur
ation#errorAttributes 
matched:
      - @ConditionalOnM
issingBean (types: org.
springframework.boot.we
b.servlet.error.ErrorAt
tributes; 
SearchStrategy: 
current) did not find 
any beans 
(OnBeanCondition)

   ErrorMvcAutoConfigur
ation.DefaultErrorViewR
esolverConfiguration#co
nventionErrorViewResolv
er matched:
      - 
@ConditionalOnBean 
(types: org.springframe
work.web.servlet.Dispat
cherServlet; 
SearchStrategy: all) 
found bean 
'dispatcherServlet'; @C
onditionalOnMissingBean
 (types: org.springfram
ework.boot.autoconfigur
e.web.servlet.error.Err
orViewResolver; 
SearchStrategy: all) 
did not find any beans 
(OnBeanCondition)

   ErrorMvcAutoConfigur
ation.WhitelabelErrorVi
ewConfiguration 
matched:
      - 
@ConditionalOnProperty 
(server.error.whitelabe
l.enabled) matched 
(OnPropertyCondition)
      - ErrorTemplate 
Missing did not find 
error template view (Er
rorMvcAutoConfiguration
.ErrorTemplateMissingCo
ndition)

   ErrorMvcAutoConfigur
ation.WhitelabelErrorVi
ewConfiguration#beanNam
eViewResolver matched:
      - @ConditionalOnM
issingBean (types: org.
springframework.web.ser
vlet.view.BeanNameViewR
esolver; 
SearchStrategy: all) 
did not find any beans 
(OnBeanCondition)

   ErrorMvcAutoConfigur
ation.WhitelabelErrorVi
ewConfiguration#default
ErrorView matched:
      - @ConditionalOnM
issingBean (names: 
error; SearchStrategy: 
all) did not find any 
beans (OnBeanCondition)

   
GsonAutoConfiguration 
matched:
      - 
@ConditionalOnClass 
found required class 
'com.google.gson.Gson' 
(OnClassCondition)

   GsonAutoConfiguratio
n#gson matched:
      - @ConditionalOnM
issingBean (types: 
com.google.gson.Gson; 
SearchStrategy: all) 
did not find any beans 
(OnBeanCondition)

   GsonAutoConfiguratio
n#gsonBuilder matched:
      - @ConditionalOnM
issingBean (types: com.
google.gson.GsonBuilder
; SearchStrategy: all) 
did not find any beans 
(OnBeanCondition)

   GsonHttpMessageConve
rtersConfiguration 
matched:
      - 
@ConditionalOnClass 
found required class 
'com.google.gson.Gson' 
(OnClassCondition)

   HibernateJpaAutoConf
iguration matched:
      - 
@ConditionalOnClass 
found required classes 
'org.springframework.or
m.jpa.LocalContainerEnt
ityManagerFactoryBean',
 'jakarta.persistence.E
ntityManager', 'org.hib
ernate.engine.spi.Sessi
onImplementor' 
(OnClassCondition)

   HibernateJpaConfigur
ation matched:
      - @ConditionalOnS
ingleCandidate (types: 
javax.sql.DataSource; 
SearchStrategy: all) 
found a single bean 
'dataSource' 
(OnBeanCondition)

   HttpEncodingAutoConf
iguration matched:
      - 
@ConditionalOnClass 
found required class 'o
rg.springframework.web.
filter.CharacterEncodin
gFilter' 
(OnClassCondition)
      - found 
'session' scope (OnWebA
pplicationCondition)
      - 
@ConditionalOnProperty 
(server.servlet.encodin
g.enabled) matched 
(OnPropertyCondition)

   HttpEncodingAutoConf
iguration#characterEnco
dingFilter matched:
      - @ConditionalOnM
issingBean (types: org.
springframework.web.fil
ter.CharacterEncodingFi
lter; SearchStrategy: 
all) did not find any 
beans (OnBeanCondition)

   HttpMessageConverter
sAutoConfiguration 
matched:
      - 
@ConditionalOnClass 
found required class 'o
rg.springframework.http
.converter.HttpMessageC
onverter' 
(OnClassCondition)
      - 
NoneNestedConditions 0 
matched 1 did not; 
NestedCondition on Http
MessageConvertersAutoCo
nfiguration.NotReactive
WebApplicationCondition
.ReactiveWebApplication
 did not find reactive 
web application 
classes (HttpMessageCon
vertersAutoConfiguratio
n.NotReactiveWebApplica
tionCondition)

   HttpMessageConverter
sAutoConfiguration#mess
ageConverters matched:
      - @ConditionalOnM
issingBean (types: org.
springframework.boot.au
toconfigure.http.HttpMe
ssageConverters; 
SearchStrategy: all) 
did not find any beans 
(OnBeanCondition)

   HttpMessageConverter
sAutoConfiguration.Stri
ngHttpMessageConverterC
onfiguration matched:
      - 
@ConditionalOnClass 
found required class 'o
rg.springframework.http
.converter.StringHttpMe
ssageConverter' 
(OnClassCondition)

   HttpMessageConverter
sAutoConfiguration.Stri
ngHttpMessageConverterC
onfiguration#stringHttp
MessageConverter 
matched:
      - @ConditionalOnM
issingBean (types: org.
springframework.http.co
nverter.StringHttpMessa
geConverter; 
SearchStrategy: all) 
did not find any beans 
(OnBeanCondition)

   JacksonAutoConfigura
tion matched:
      - 
@ConditionalOnClass 
found required class 'c
om.fasterxml.jackson.da
tabind.ObjectMapper' 
(OnClassCondition)

   JacksonAutoConfigura
tion.Jackson2ObjectMapp
erBuilderCustomizerConf
iguration matched:
      - 
@ConditionalOnClass 
found required class 'o
rg.springframework.http
.converter.json.Jackson
2ObjectMapperBuilder' 
(OnClassCondition)

   JacksonAutoConfigura
tion.JacksonObjectMappe
rBuilderConfiguration 
matched:
      - 
@ConditionalOnClass 
found required class 'o
rg.springframework.http
.converter.json.Jackson
2ObjectMapperBuilder' 
(OnClassCondition)

   JacksonAutoConfigura
tion.JacksonObjectMappe
rBuilderConfiguration#j
acksonObjectMapperBuild
er matched:
      - @ConditionalOnM
issingBean (types: org.
springframework.http.co
nverter.json.Jackson2Ob
jectMapperBuilder; 
SearchStrategy: all) 
did not find any beans 
(OnBeanCondition)

   JacksonAutoConfigura
tion.JacksonObjectMappe
rConfiguration matched:
      - 
@ConditionalOnClass 
found required class 'o
rg.springframework.http
.converter.json.Jackson
2ObjectMapperBuilder' 
(OnClassCondition)

   JacksonAutoConfigura
tion.JacksonObjectMappe
rConfiguration#jacksonO
bjectMapper matched:
      - @ConditionalOnM
issingBean (types: com.
fasterxml.jackson.datab
ind.ObjectMapper; 
SearchStrategy: all) 
did not find any beans 
(OnBeanCondition)

   JacksonAutoConfigura
tion.ParameterNamesModu
leConfiguration 
matched:
      - 
@ConditionalOnClass 
found required class 'c
om.fasterxml.jackson.mo
dule.paramnames.Paramet
erNamesModule' 
(OnClassCondition)

   JacksonAutoConfigura
tion.ParameterNamesModu
leConfiguration#paramet
erNamesModule matched:
      - @ConditionalOnM
issingBean (types: com.
fasterxml.jackson.modul
e.paramnames.ParameterN
amesModule; 
SearchStrategy: all) 
did not find any beans 
(OnBeanCondition)

   JacksonHttpMessageCo
nvertersConfiguration.M
appingJackson2HttpMessa
geConverterConfiguratio
n matched:
      - 
@ConditionalOnClass 
found required class 'c
om.fasterxml.jackson.da
tabind.ObjectMapper' 
(OnClassCondition)
      - 
@ConditionalOnProperty 
(spring.mvc.converters.
preferred-json-mapper=j
ackson) matched 
(OnPropertyCondition)
      - 
@ConditionalOnBean 
(types: com.fasterxml.j
ackson.databind.ObjectM
apper; SearchStrategy: 
all) found bean 
'jacksonObjectMapper' 
(OnBeanCondition)

   JacksonHttpMessageCo
nvertersConfiguration.M
appingJackson2HttpMessa
geConverterConfiguratio
n#mappingJackson2HttpMe
ssageConverter matched:
      - @ConditionalOnM
issingBean (types: org.
springframework.http.co
nverter.json.MappingJac
kson2HttpMessageConvert
er ignored: org.springf
ramework.hateoas.server
.mvc.TypeConstrainedMap
pingJackson2HttpMessage
Converter,org.springfra
mework.data.rest.webmvc
.alps.AlpsJsonHttpMessa
geConverter; 
SearchStrategy: all) 
did not find any beans 
(OnBeanCondition)

   JdbcClientAutoConfig
uration matched:
      - @ConditionalOnS
ingleCandidate (types: 
org.springframework.jdb
c.core.namedparam.Named
ParameterJdbcTemplate; 
SearchStrategy: all) 
found a single bean 'na
medParameterJdbcTemplat
e'; @ConditionalOnMissi
ngBean (types: org.spri
ngframework.jdbc.core.s
imple.JdbcClient; 
SearchStrategy: all) 
did not find any beans 
(OnBeanCondition)

   JdbcTemplateAutoConf
iguration matched:
      - 
@ConditionalOnClass 
found required classes 
'javax.sql.DataSource',
 'org.springframework.j
dbc.core.JdbcTemplate' 
(OnClassCondition)
      - @ConditionalOnS
ingleCandidate (types: 
javax.sql.DataSource; 
SearchStrategy: all) 
found a single bean 
'dataSource' 
(OnBeanCondition)

   JdbcTemplateConfigur
ation matched:
      - @ConditionalOnM
issingBean (types: org.
springframework.jdbc.co
re.JdbcOperations; 
SearchStrategy: all) 
did not find any beans 
(OnBeanCondition)

   JpaBaseConfiguration
#entityManagerFactory 
matched:
      - @ConditionalOnM
issingBean (types: org.
springframework.orm.jpa
.LocalContainerEntityMa
nagerFactoryBean,jakart
a.persistence.EntityMan
agerFactory; 
SearchStrategy: all) 
did not find any beans 
(OnBeanCondition)

   JpaBaseConfiguration
#entityManagerFactoryBu
ilder matched:
      - @ConditionalOnM
issingBean (types: org.
springframework.boot.or
m.jpa.EntityManagerFact
oryBuilder; 
SearchStrategy: all) 
did not find any beans 
(OnBeanCondition)

   JpaBaseConfiguration
#jpaVendorAdapter 
matched:
      - @ConditionalOnM
issingBean (types: org.
springframework.orm.jpa
.JpaVendorAdapter; 
SearchStrategy: all) 
did not find any beans 
(OnBeanCondition)

   JpaBaseConfiguration
#transactionManager 
matched:
      - @ConditionalOnM
issingBean (types: org.
springframework.transac
tion.TransactionManager
; SearchStrategy: all) 
did not find any beans 
(OnBeanCondition)

   JpaBaseConfiguration
.JpaWebConfiguration 
matched:
      - 
@ConditionalOnClass 
found required class 'o
rg.springframework.web.
servlet.config.annotati
on.WebMvcConfigurer' 
(OnClassCondition)
      - found 
'session' scope (OnWebA
pplicationCondition)
      - 
@ConditionalOnProperty 
(spring.jpa.open-in-vie
w=true) matched 
(OnPropertyCondition)
      - @ConditionalOnM
issingBean (types: org.
springframework.orm.jpa
.support.OpenEntityMana
gerInViewInterceptor,or
g.springframework.orm.j
pa.support.OpenEntityMa
nagerInViewFilter; 
SearchStrategy: all) 
did not find any beans 
(OnBeanCondition)

   JpaBaseConfiguration
.PersistenceManagedType
sConfiguration matched:
      - @ConditionalOnM
issingBean (types: org.
springframework.orm.jpa
.LocalContainerEntityMa
nagerFactoryBean,jakart
a.persistence.EntityMan
agerFactory; 
SearchStrategy: all) 
did not find any beans 
(OnBeanCondition)

   JpaBaseConfiguration
.PersistenceManagedType
sConfiguration#persiste
nceManagedTypes 
matched:
      - @ConditionalOnM
issingBean (types: org.
springframework.orm.jpa
.persistenceunit.Persis
tenceManagedTypes; 
SearchStrategy: all) 
did not find any beans 
(OnBeanCondition)

   JpaRepositoriesAutoC
onfiguration matched:
      - 
@ConditionalOnClass 
found required class 'o
rg.springframework.data
.jpa.repository.JpaRepo
sitory' 
(OnClassCondition)
      - 
@ConditionalOnProperty 
(spring.data.jpa.reposi
tories.enabled=true) 
matched 
(OnPropertyCondition)
      - 
@ConditionalOnBean 
(types: 
javax.sql.DataSource; 
SearchStrategy: all) 
found bean 
'dataSource'; @Conditio
nalOnMissingBean 
(types: org.springframe
work.data.jpa.repositor
y.support.JpaRepository
FactoryBean,org.springf
ramework.data.jpa.repos
itory.config.JpaReposit
oryConfigExtension; 
SearchStrategy: all) 
did not find any beans 
(OnBeanCondition)

   
JtaAutoConfiguration 
matched:
      - 
@ConditionalOnClass 
found required class 'j
akarta.transaction.Tran
saction' 
(OnClassCondition)
      - 
@ConditionalOnProperty 
(spring.jta.enabled) 
matched 
(OnPropertyCondition)

   LifecycleAutoConfigu
ration#defaultLifecycle
Processor matched:
      - @ConditionalOnM
issingBean (names: 
lifecycleProcessor; 
SearchStrategy: 
current) did not find 
any beans 
(OnBeanCondition)

   MailSenderAutoConfig
uration matched:
      - 
@ConditionalOnClass 
found required classes 
'jakarta.mail.internet.
MimeMessage', 'jakarta.
activation.MimeType', '
org.springframework.mai
l.MailSender' 
(OnClassCondition)
      - 
AnyNestedCondition 1 
matched 1 did not; 
NestedCondition on Mail
SenderAutoConfiguration
.MailSenderCondition.Jn
diNameProperty 
@ConditionalOnProperty 
(spring.mail.jndi-name)
 did not find property 
'jndi-name'; 
NestedCondition on Mail
SenderAutoConfiguration
.MailSenderCondition.Ho
stProperty 
@ConditionalOnProperty 
(spring.mail.host) 
matched (MailSenderAuto
Configuration.MailSende
rCondition)
      - @ConditionalOnM
issingBean (types: org.
springframework.mail.Ma
ilSender; 
SearchStrategy: all) 
did not find any beans 
(OnBeanCondition)

   MailSenderProperties
Configuration matched:
      - 
@ConditionalOnProperty 
(spring.mail.host) 
matched 
(OnPropertyCondition)

   MailSenderProperties
Configuration#mailSende
r matched:
      - @ConditionalOnM
issingBean (types: org.
springframework.mail.ja
vamail.JavaMailSender; 
SearchStrategy: all) 
did not find any beans 
(OnBeanCondition)

   MockMvcAutoConfigura
tion matched:
      - found 
'session' scope (OnWebA
pplicationCondition)

   MockMvcAutoConfigura
tion#mockMvc matched:
      - @ConditionalOnM
issingBean (types: org.
springframework.test.we
b.servlet.MockMvc; 
SearchStrategy: all) 
did not find any beans 
(OnBeanCondition)

   MockMvcAutoConfigura
tion#mockMvcBuilder 
matched:
      - @ConditionalOnM
issingBean (types: org.
springframework.test.we
b.servlet.MockMvcBuilde
r; SearchStrategy: 
all) did not find any 
beans (OnBeanCondition)

   MockMvcSecurityConfi
guration matched:
      - 
@ConditionalOnClass 
found required class 'o
rg.springframework.secu
rity.test.web.servlet.r
equest.SecurityMockMvcR
equestPostProcessors' 
(OnClassCondition)

   MockMvcSecurityConfi
guration#securityMockMv
cBuilderCustomizer 
matched:
      - 
@ConditionalOnBean 
(names: springSecurityF
ilterChain; 
SearchStrategy: all) 
found bean 'springSecur
ityFilterChain' 
(OnBeanCondition)

   MultipartAutoConfigu
ration matched:
      - 
@ConditionalOnClass 
found required classes 
'jakarta.servlet.Servle
t', 'org.springframewor
k.web.multipart.support
.StandardServletMultipa
rtResolver', 'jakarta.s
ervlet.MultipartConfigE
lement' 
(OnClassCondition)
      - found 
'session' scope (OnWebA
pplicationCondition)
      - 
@ConditionalOnProperty 
(spring.servlet.multipa
rt.enabled) matched 
(OnPropertyCondition)

   MultipartAutoConfigu
ration#multipartConfigE
lement matched:
      - @ConditionalOnM
issingBean (types: jaka
rta.servlet.MultipartCo
nfigElement; 
SearchStrategy: all) 
did not find any beans 
(OnBeanCondition)

   MultipartAutoConfigu
ration#multipartResolve
r matched:
      - @ConditionalOnM
issingBean (types: org.
springframework.web.mul
tipart.MultipartResolve
r; SearchStrategy: 
all) did not find any 
beans (OnBeanCondition)

   NamedParameterJdbcTe
mplateConfiguration 
matched:
      - @ConditionalOnS
ingleCandidate (types: 
org.springframework.jdb
c.core.JdbcTemplate; 
SearchStrategy: all) 
found a single bean 
'jdbcTemplate'; @Condit
ionalOnMissingBean 
(types: org.springframe
work.jdbc.core.namedpar
am.NamedParameterJdbcOp
erations; 
SearchStrategy: all) 
did not find any beans 
(OnBeanCondition)

   
NettyAutoConfiguration 
matched:
      - 
@ConditionalOnClass 
found required class 'i
o.netty.util.NettyRunti
me' (OnClassCondition)

   PersistenceException
TranslationAutoConfigur
ation matched:
      - 
@ConditionalOnClass 
found required class 'o
rg.springframework.dao.
annotation.PersistenceE
xceptionTranslationPost
Processor' 
(OnClassCondition)

   PersistenceException
TranslationAutoConfigur
ation#persistenceExcept
ionTranslationPostProce
ssor matched:
      - 
@ConditionalOnProperty 
(spring.dao.exceptiontr
anslation.enabled) 
matched 
(OnPropertyCondition)
      - @ConditionalOnM
issingBean (types: org.
springframework.dao.ann
otation.PersistenceExce
ptionTranslationPostPro
cessor; 
SearchStrategy: all) 
did not find any beans 
(OnBeanCondition)

   PropertyPlaceholderA
utoConfiguration#proper
tySourcesPlaceholderCon
figurer matched:
      - @ConditionalOnM
issingBean (types: org.
springframework.context
.support.PropertySource
sPlaceholderConfigurer;
 SearchStrategy: 
current) did not find 
any beans 
(OnBeanCondition)

   ReactorAutoConfigura
tion matched:
      - 
@ConditionalOnClass 
found required class 'r
eactor.core.publisher.H
ooks' 
(OnClassCondition)

   RedisReactiveAutoCon
figuration matched:
      - 
@ConditionalOnClass 
found required classes 
'org.springframework.da
ta.redis.connection.Rea
ctiveRedisConnectionFac
tory', 'org.springframe
work.data.redis.core.Re
activeRedisTemplate', '
reactor.core.publisher.
Flux' 
(OnClassCondition)

   RestClientAutoConfig
uration matched:
      - 
@ConditionalOnClass 
found required class 'o
rg.springframework.web.
client.RestClient' 
(OnClassCondition)
      - 
NoneNestedConditions 0 
matched 1 did not; 
NestedCondition on NotR
eactiveWebApplicationCo
ndition.ReactiveWebAppl
ication did not find 
reactive web 
application classes (No
tReactiveWebApplication
Condition)

   RestClientAutoConfig
uration#httpMessageConv
ertersRestClientCustomi
zer matched:
      - @ConditionalOnM
issingBean (types: org.
springframework.boot.au
toconfigure.web.client.
HttpMessageConvertersRe
stClientCustomizer; 
SearchStrategy: all) 
did not find any beans 
(OnBeanCondition)

   RestClientAutoConfig
uration#restClientBuild
er matched:
      - @ConditionalOnM
issingBean (types: org.
springframework.web.cli
ent.RestClient$Builder;
 SearchStrategy: all) 
did not find any beans 
(OnBeanCondition)

   RestClientAutoConfig
uration#restClientBuild
erConfigurer matched:
      - @ConditionalOnM
issingBean (types: org.
springframework.boot.au
toconfigure.web.client.
RestClientBuilderConfig
urer; SearchStrategy: 
all) did not find any 
beans (OnBeanCondition)

   RestClientAutoConfig
uration#restClientSsl 
matched:
      - 
@ConditionalOnBean 
(types: org.springframe
work.boot.ssl.SslBundle
s; SearchStrategy: 
all) found bean 
'sslBundleRegistry'; @C
onditionalOnMissingBean
 (types: org.springfram
ework.boot.autoconfigur
e.web.client.RestClient
Ssl; SearchStrategy: 
all) did not find any 
beans (OnBeanCondition)

   RestTemplateAutoConf
iguration matched:
      - 
@ConditionalOnClass 
found required class 'o
rg.springframework.web.
client.RestTemplate' 
(OnClassCondition)
      - 
NoneNestedConditions 0 
matched 1 did not; 
NestedCondition on NotR
eactiveWebApplicationCo
ndition.ReactiveWebAppl
ication did not find 
reactive web 
application classes (No
tReactiveWebApplication
Condition)

   RestTemplateAutoConf
iguration#restTemplateB
uilder matched:
      - @ConditionalOnM
issingBean (types: org.
springframework.boot.we
b.client.RestTemplateBu
ilder; SearchStrategy: 
all) did not find any 
beans (OnBeanCondition)

   SecurityAutoConfigur
ation matched:
      - 
@ConditionalOnClass 
found required class 'o
rg.springframework.secu
rity.authentication.Def
aultAuthenticationEvent
Publisher' 
(OnClassCondition)

   SecurityAutoConfigur
ation#authenticationEve
ntPublisher matched:
      - @ConditionalOnM
issingBean (types: org.
springframework.securit
y.authentication.Authen
ticationEventPublisher;
 SearchStrategy: all) 
did not find any beans 
(OnBeanCondition)

   SecurityFilterAutoCo
nfiguration matched:
      - 
@ConditionalOnClass 
found required classes 
'org.springframework.se
curity.web.context.Abst
ractSecurityWebApplicat
ionInitializer', 'org.s
pringframework.security
.config.http.SessionCre
ationPolicy' 
(OnClassCondition)
      - found 
'session' scope (OnWebA
pplicationCondition)

   SecurityFilterAutoCo
nfiguration#securityFil
terChainRegistration 
matched:
      - 
@ConditionalOnBean 
(names: springSecurityF
ilterChain; 
SearchStrategy: all) 
found bean 'springSecur
ityFilterChain' 
(OnBeanCondition)

   ServletWebServerFact
oryAutoConfiguration 
matched:
      - 
@ConditionalOnClass 
found required class 'j
akarta.servlet.ServletR
equest' 
(OnClassCondition)
      - found 
'session' scope (OnWebA
pplicationCondition)

   ServletWebServerFact
oryAutoConfiguration#to
mcatServletWebServerFac
toryCustomizer matched:
      - 
@ConditionalOnClass 
found required class 'o
rg.apache.catalina.star
tup.Tomcat' 
(OnClassCondition)

   ServletWebServerFact
oryConfiguration.Embedd
edTomcat matched:
      - 
@ConditionalOnClass 
found required classes 
'jakarta.servlet.Servle
t', 'org.apache.catalin
a.startup.Tomcat', 'org
.apache.coyote.UpgradeP
rotocol' 
(OnClassCondition)
      - @ConditionalOnM
issingBean (types: org.
springframework.boot.we
b.servlet.server.Servle
tWebServerFactory; 
SearchStrategy: 
current) did not find 
any beans 
(OnBeanCondition)

   SimpleCacheConfigura
tion matched:
      - Cache org.sprin
gframework.boot.autocon
figure.cache.SimpleCach
eConfiguration SIMPLE 
cache type 
(CacheCondition)
      - @ConditionalOnM
issingBean (types: org.
springframework.cache.C
acheManager; 
SearchStrategy: all) 
did not find any beans 
(OnBeanCondition)

   SpringBootWebSecurit
yConfiguration matched:
      - found 
'session' scope (OnWebA
pplicationCondition)

   SpringDataWebAutoCon
figuration matched:
      - 
@ConditionalOnClass 
found required classes 
'org.springframework.da
ta.web.PageableHandlerM
ethodArgumentResolver',
 'org.springframework.w
eb.servlet.config.annot
ation.WebMvcConfigurer'
 (OnClassCondition)
      - found 
'session' scope (OnWebA
pplicationCondition)
      - @ConditionalOnM
issingBean (types: org.
springframework.data.we
b.PageableHandlerMethod
ArgumentResolver; 
SearchStrategy: all) 
did not find any beans 
(OnBeanCondition)

   SpringDataWebAutoCon
figuration#pageableCust
omizer matched:
      - @ConditionalOnM
issingBean (types: org.
springframework.data.we
b.config.PageableHandle
rMethodArgumentResolver
Customizer; 
SearchStrategy: all) 
did not find any beans 
(OnBeanCondition)

   SpringDataWebAutoCon
figuration#sortCustomiz
er matched:
      - @ConditionalOnM
issingBean (types: org.
springframework.data.we
b.config.SortHandlerMet
hodArgumentResolverCust
omizer; 
SearchStrategy: all) 
did not find any beans 
(OnBeanCondition)

   SqlInitializationAut
oConfiguration matched:
      - 
@ConditionalOnProperty 
(spring.sql.init.enable
d) matched 
(OnPropertyCondition)
      - 
NoneNestedConditions 0 
matched 1 did not; 
NestedCondition on SqlI
nitializationAutoConfig
uration.SqlInitializati
onModeCondition.ModeIsN
ever 
@ConditionalOnProperty 
(spring.sql.init.mode=n
ever) did not find 
property 'mode' (SqlIni
tializationAutoConfigur
ation.SqlInitialization
ModeCondition)

   SslAutoConfiguration
#sslBundleRegistry 
matched:
      - @ConditionalOnM
issingBean (types: org.
springframework.boot.ss
l.SslBundleRegistry,org
.springframework.boot.s
sl.SslBundles; 
SearchStrategy: all) 
did not find any beans 
(OnBeanCondition)

   TaskExecutionAutoCon
figuration matched:
      - 
@ConditionalOnClass 
found required class 'o
rg.springframework.sche
duling.concurrent.Threa
dPoolTaskExecutor' 
(OnClassCondition)

   TaskExecutorConfigur
ations.SimpleAsyncTaskE
xecutorBuilderConfigura
tion#simpleAsyncTaskExe
cutorBuilder matched:
      - @ConditionalOnM
issingBean (types: org.
springframework.boot.ta
sk.SimpleAsyncTaskExecu
torBuilder; 
SearchStrategy: all) 
did not find any beans 
(OnBeanCondition)
      - @ConditionalOnT
hreading found 
PLATFORM 
(OnThreadingCondition)

   TaskExecutorConfigur
ations.TaskExecutorBuil
derConfiguration#taskEx
ecutorBuilder matched:
      - @ConditionalOnM
issingBean (types: org.
springframework.boot.ta
sk.TaskExecutorBuilder;
 SearchStrategy: all) 
did not find any beans 
(OnBeanCondition)

   TaskExecutorConfigur
ations.TaskExecutorConf
iguration matched:
      - @ConditionalOnM
issingBean (types: java
.util.concurrent.Execut
or; SearchStrategy: 
all) did not find any 
beans (OnBeanCondition)

   TaskExecutorConfigur
ations.TaskExecutorConf
iguration#applicationTa
skExecutor matched:
      - @ConditionalOnT
hreading found 
PLATFORM 
(OnThreadingCondition)

   TaskExecutorConfigur
ations.ThreadPoolTaskEx
ecutorBuilderConfigurat
ion#threadPoolTaskExecu
torBuilder matched:
      - @ConditionalOnM
issingBean (types: org.
springframework.boot.ta
sk.TaskExecutorBuilder,
org.springframework.boo
t.task.ThreadPoolTaskEx
ecutorBuilder; 
SearchStrategy: all) 
did not find any beans 
(OnBeanCondition)

   TaskSchedulingAutoCo
nfiguration matched:
      - 
@ConditionalOnClass 
found required class 'o
rg.springframework.sche
duling.concurrent.Threa
dPoolTaskScheduler' 
(OnClassCondition)

   TaskSchedulingConfig
urations.SimpleAsyncTas
kSchedulerBuilderConfig
uration#simpleAsyncTask
SchedulerBuilder 
matched:
      - @ConditionalOnM
issingBean (types: org.
springframework.boot.ta
sk.SimpleAsyncTaskSched
ulerBuilder; 
SearchStrategy: all) 
did not find any beans 
(OnBeanCondition)
      - @ConditionalOnT
hreading found 
PLATFORM 
(OnThreadingCondition)

   TaskSchedulingConfig
urations.TaskSchedulerB
uilderConfiguration#tas
kSchedulerBuilder 
matched:
      - @ConditionalOnM
issingBean (types: org.
springframework.boot.ta
sk.TaskSchedulerBuilder
; SearchStrategy: all) 
did not find any beans 
(OnBeanCondition)

   TaskSchedulingConfig
urations.ThreadPoolTask
SchedulerBuilderConfigu
ration#threadPoolTaskSc
hedulerBuilder matched:
      - @ConditionalOnM
issingBean (types: org.
springframework.boot.ta
sk.TaskSchedulerBuilder
,org.springframework.bo
ot.task.ThreadPoolTaskS
chedulerBuilder; 
SearchStrategy: all) 
did not find any beans 
(OnBeanCondition)

   TemplateEngineConfig
urations.DefaultTemplat
eEngineConfiguration#te
mplateEngine matched:
      - @ConditionalOnM
issingBean (types: org.
thymeleaf.spring6.ISpri
ngTemplateEngine; 
SearchStrategy: all) 
did not find any beans 
(OnBeanCondition)

   ThymeleafAutoConfigu
ration matched:
      - 
@ConditionalOnClass 
found required classes 
'org.thymeleaf.template
mode.TemplateMode', 'or
g.thymeleaf.spring6.Spr
ingTemplateEngine' 
(OnClassCondition)

   ThymeleafAutoConfigu
ration.DefaultTemplateR
esolverConfiguration 
matched:
      - @ConditionalOnM
issingBean (names: defa
ultTemplateResolver; 
SearchStrategy: all) 
did not find any beans 
(OnBeanCondition)

   ThymeleafAutoConfigu
ration.ThymeleafWebMvcC
onfiguration matched:
      - found 
'session' scope (OnWebA
pplicationCondition)
      - 
@ConditionalOnProperty 
(spring.thymeleaf.enabl
ed) matched 
(OnPropertyCondition)

   ThymeleafAutoConfigu
ration.ThymeleafWebMvcC
onfiguration.ThymeleafV
iewResolverConfiguratio
n#thymeleafViewResolver
 matched:
      - @ConditionalOnM
issingBean (names: 
thymeleafViewResolver; 
SearchStrategy: all) 
did not find any beans 
(OnBeanCondition)

   TransactionAutoConfi
guration matched:
      - 
@ConditionalOnClass 
found required class 'o
rg.springframework.tran
saction.PlatformTransac
tionManager' 
(OnClassCondition)

   TransactionAutoConfi
guration.EnableTransact
ionManagementConfigurat
ion matched:
      - 
@ConditionalOnBean 
(types: org.springframe
work.transaction.Transa
ctionManager; 
SearchStrategy: all) 
found bean 
'transactionManager'; @
ConditionalOnMissingBea
n (types: org.springfra
mework.transaction.anno
tation.AbstractTransact
ionManagementConfigurat
ion; SearchStrategy: 
all) did not find any 
beans (OnBeanCondition)

   TransactionAutoConfi
guration.EnableTransact
ionManagementConfigurat
ion.CglibAutoProxyConfi
guration matched:
      - 
@ConditionalOnProperty 
(spring.aop.proxy-targe
t-class=true) matched 
(OnPropertyCondition)

   TransactionAutoConfi
guration.TransactionTem
plateConfiguration 
matched:
      - @ConditionalOnS
ingleCandidate (types: 
org.springframework.tra
nsaction.PlatformTransa
ctionManager; 
SearchStrategy: all) 
found a single bean 
'transactionManager' 
(OnBeanCondition)

   TransactionAutoConfi
guration.TransactionTem
plateConfiguration#tran
sactionTemplate 
matched:
      - @ConditionalOnM
issingBean (types: org.
springframework.transac
tion.support.Transactio
nOperations; 
SearchStrategy: all) 
did not find any beans 
(OnBeanCondition)

   TransactionManagerCu
stomizationAutoConfigur
ation matched:
      - 
@ConditionalOnClass 
found required class 'o
rg.springframework.tran
saction.PlatformTransac
tionManager' 
(OnClassCondition)

   TransactionManagerCu
stomizationAutoConfigur
ation#platformTransacti
onManagerCustomizers 
matched:
      - @ConditionalOnM
issingBean (types: org.
springframework.boot.au
toconfigure.transaction
.TransactionManagerCust
omizers; 
SearchStrategy: all) 
did not find any beans 
(OnBeanCondition)

   ValidationAutoConfig
uration matched:
      - 
@ConditionalOnClass 
found required class 'j
akarta.validation.execu
table.ExecutableValidat
or' (OnClassCondition)
      - 
@ConditionalOnResource 
found location classpat
h:META-INF/services/jak
arta.validation.spi.Val
idationProvider 
(OnResourceCondition)

   ValidationAutoConfig
uration#defaultValidato
r matched:
      - @ConditionalOnM
issingBean (types: jaka
rta.validation.Validato
r; SearchStrategy: 
all) did not find any 
beans (OnBeanCondition)

   ValidationAutoConfig
uration#methodValidatio
nPostProcessor matched:
      - @ConditionalOnM
issingBean (types: org.
springframework.validat
ion.beanvalidation.Meth
odValidationPostProcess
or; SearchStrategy: 
current) did not find 
any beans 
(OnBeanCondition)

   WebMvcAutoConfigurat
ion matched:
      - 
@ConditionalOnClass 
found required classes 
'jakarta.servlet.Servle
t', 'org.springframewor
k.web.servlet.Dispatche
rServlet', 'org.springf
ramework.web.servlet.co
nfig.annotation.WebMvcC
onfigurer' 
(OnClassCondition)
      - found 
'session' scope (OnWebA
pplicationCondition)
      - @ConditionalOnM
issingBean (types: org.
springframework.web.ser
vlet.config.annotation.
WebMvcConfigurationSupp
ort; SearchStrategy: 
all) did not find any 
beans (OnBeanCondition)

   WebMvcAutoConfigurat
ion#formContentFilter 
matched:
      - 
@ConditionalOnProperty 
(spring.mvc.formcontent
.filter.enabled) 
matched 
(OnPropertyCondition)
      - @ConditionalOnM
issingBean (types: org.
springframework.web.fil
ter.FormContentFilter; 
SearchStrategy: all) 
did not find any beans 
(OnBeanCondition)

   WebMvcAutoConfigurat
ion.EnableWebMvcConfigu
ration#flashMapManager 
matched:
      - @ConditionalOnM
issingBean (names: 
flashMapManager; 
SearchStrategy: all) 
did not find any beans 
(OnBeanCondition)

   WebMvcAutoConfigurat
ion.EnableWebMvcConfigu
ration#localeResolver 
matched:
      - @ConditionalOnM
issingBean (names: 
localeResolver; 
SearchStrategy: all) 
did not find any beans 
(OnBeanCondition)

   WebMvcAutoConfigurat
ion.EnableWebMvcConfigu
ration#themeResolver 
matched:
      - @ConditionalOnM
issingBean (names: 
themeResolver; 
SearchStrategy: all) 
did not find any beans 
(OnBeanCondition)

   WebMvcAutoConfigurat
ion.WebMvcAutoConfigura
tionAdapter#defaultView
Resolver matched:
      - @ConditionalOnM
issingBean (types: org.
springframework.web.ser
vlet.view.InternalResou
rceViewResolver; 
SearchStrategy: all) 
did not find any beans 
(OnBeanCondition)

   WebMvcAutoConfigurat
ion.WebMvcAutoConfigura
tionAdapter#requestCont
extFilter matched:
      - @ConditionalOnM
issingBean (types: org.
springframework.web.con
text.request.RequestCon
textListener,org.spring
framework.web.filter.Re
questContextFilter; 
SearchStrategy: all) 
did not find any beans 
(OnBeanCondition)

   WebMvcAutoConfigurat
ion.WebMvcAutoConfigura
tionAdapter#viewResolve
r matched:
      - 
@ConditionalOnBean 
(types: org.springframe
work.web.servlet.ViewRe
solver; 
SearchStrategy: all) 
found beans 
'defaultViewResolver', 
'beanNameViewResolver',
 'mvcViewResolver'; @Co
nditionalOnMissingBean 
(names: viewResolver 
types: org.springframew
ork.web.servlet.view.Co
ntentNegotiatingViewRes
olver; SearchStrategy: 
all) did not find any 
beans (OnBeanCondition)

   WebSocketServletAuto
Configuration matched:
      - 
@ConditionalOnClass 
found required classes 
'jakarta.servlet.Servle
t', 'jakarta.websocket.
server.ServerContainer'
 (OnClassCondition)
      - found 
'session' scope (OnWebA
pplicationCondition)

   WebSocketServletAuto
Configuration.TomcatWeb
SocketConfiguration 
matched:
      - 
@ConditionalOnClass 
found required classes 
'org.apache.catalina.st
artup.Tomcat', 'org.apa
che.tomcat.websocket.se
rver.WsSci' 
(OnClassCondition)

   WebSocketServletAuto
Configuration.TomcatWeb
SocketConfiguration#web
socketServletWebServerC
ustomizer matched:
      - @ConditionalOnM
issingBean (names: webs
ocketServletWebServerCu
stomizer; 
SearchStrategy: all) 
did not find any beans 
(OnBeanCondition)


Negative matches:
-----------------

   ActiveMQAutoConfigur
ation:
      Did not match:
         - 
@ConditionalOnClass 
did not find required 
class 'jakarta.jms.Conn
ectionFactory' 
(OnClassCondition)

   AopAutoConfiguration
.AspectJAutoProxyingCon
figuration.JdkDynamicAu
toProxyConfiguration:
      Did not match:
         - 
@ConditionalOnProperty 
(spring.aop.proxy-targe
t-class=false) did not 
find property 
'proxy-target-class' 
(OnPropertyCondition)

   AopAutoConfiguration
.ClassProxyingConfigura
tion:
      Did not match:
         - @Conditional
OnMissingClass found 
unwanted class 'org.asp
ectj.weaver.Advice' 
(OnClassCondition)

   ArtemisAutoConfigura
tion:
      Did not match:
         - 
@ConditionalOnClass 
did not find required 
class 'jakarta.jms.Conn
ectionFactory' 
(OnClassCondition)

   
BatchAutoConfiguration:
      Did not match:
         - 
@ConditionalOnClass 
did not find required 
class 'org.springframew
ork.batch.core.launch.J
obLauncher' 
(OnClassCondition)

   Cache2kCacheConfigur
ation:
      Did not match:
         - 
@ConditionalOnClass 
did not find required 
class 'org.cache2k.Cach
e2kBuilder' 
(OnClassCondition)

   CaffeineCacheConfigu
ration:
      Did not match:
         - 
@ConditionalOnClass 
did not find required 
class 'com.github.benma
nes.caffeine.cache.Caff
eine' 
(OnClassCondition)

   CassandraAutoConfigu
ration:
      Did not match:
         - 
@ConditionalOnClass 
did not find required 
class 'com.datastax.oss
.driver.api.core.CqlSes
sion' 
(OnClassCondition)

   CassandraDataAutoCon
figuration:
      Did not match:
         - 
@ConditionalOnClass 
did not find required 
class 'com.datastax.oss
.driver.api.core.CqlSes
sion' 
(OnClassCondition)

   CassandraReactiveDat
aAutoConfiguration:
      Did not match:
         - 
@ConditionalOnClass 
did not find required 
class 'com.datastax.oss
.driver.api.core.CqlSes
sion' 
(OnClassCondition)

   CassandraReactiveRep
ositoriesAutoConfigurat
ion:
      Did not match:
         - 
@ConditionalOnClass 
did not find required 
class 'org.springframew
ork.data.cassandra.Reac
tiveSession' 
(OnClassCondition)

   CassandraRepositorie
sAutoConfiguration:
      Did not match:
         - 
@ConditionalOnClass 
did not find required 
class 'com.datastax.oss
.driver.api.core.CqlSes
sion' 
(OnClassCondition)

   ClientHttpConnectorA
utoConfiguration:
      Did not match:
         - 
@ConditionalOnClass 
did not find required 
class 'org.springframew
ork.web.reactive.functi
on.client.WebClient' 
(OnClassCondition)

   CodecsAutoConfigurat
ion:
      Did not match:
         - 
@ConditionalOnClass 
did not find required 
class 'org.springframew
ork.web.reactive.functi
on.client.WebClient' 
(OnClassCondition)

   CouchbaseAutoConfigu
ration:
      Did not match:
         - 
@ConditionalOnClass 
did not find required 
class 'com.couchbase.cl
ient.java.Cluster' 
(OnClassCondition)

   CouchbaseCacheConfig
uration:
      Did not match:
         - 
@ConditionalOnClass 
did not find required 
class 'com.couchbase.cl
ient.java.Cluster' 
(OnClassCondition)

   CouchbaseDataAutoCon
figuration:
      Did not match:
         - 
@ConditionalOnClass 
did not find required 
class 'com.couchbase.cl
ient.java.Bucket' 
(OnClassCondition)

   CouchbaseReactiveDat
aAutoConfiguration:
      Did not match:
         - 
@ConditionalOnClass 
did not find required 
class 'com.couchbase.cl
ient.java.Cluster' 
(OnClassCondition)

   CouchbaseReactiveRep
ositoriesAutoConfigurat
ion:
      Did not match:
         - 
@ConditionalOnClass 
did not find required 
class 'com.couchbase.cl
ient.java.Cluster' 
(OnClassCondition)

   CouchbaseRepositorie
sAutoConfiguration:
      Did not match:
         - 
@ConditionalOnClass 
did not find required 
class 'com.couchbase.cl
ient.java.Bucket' 
(OnClassCondition)

   DataSourceAutoConfig
uration.EmbeddedDatabas
eConfiguration:
      Did not match:
         - 
EmbeddedDataSource 
spring.datasource.url 
is set (DataSourceAutoC
onfiguration.EmbeddedDa
tabaseCondition)

   DataSourceCheckpoint
RestoreConfiguration:
      Did not match:
         - 
@ConditionalOnClass 
did not find required 
class 
'org.crac.Resource' 
(OnClassCondition)

   DataSourceConfigurat
ion.Dbcp2:
      Did not match:
         - 
@ConditionalOnClass 
did not find required 
class 'org.apache.commo
ns.dbcp2.BasicDataSourc
e' (OnClassCondition)

   DataSourceConfigurat
ion.Generic:
      Did not match:
         - 
@ConditionalOnProperty 
(spring.datasource.type
) did not find 
property 'spring.dataso
urce.type' 
(OnPropertyCondition)

   DataSourceConfigurat
ion.OracleUcp:
      Did not match:
         - 
@ConditionalOnClass 
did not find required 
classes 'oracle.ucp.jdb
c.PoolDataSourceImpl', 
'oracle.jdbc.OracleConn
ection' 
(OnClassCondition)

   DataSourceConfigurat
ion.Tomcat:
      Did not match:
         - 
@ConditionalOnClass 
did not find required 
class 'org.apache.tomca
t.jdbc.pool.DataSource'
 (OnClassCondition)

   DataSourceJmxConfigu
ration:
      Did not match:
         - 
@ConditionalOnProperty 
(spring.jmx.enabled=tru
e) found different 
value in property 
'enabled' 
(OnPropertyCondition)

   DataSourcePoolMetada
taProvidersConfiguratio
n.CommonsDbcp2PoolDataS
ourceMetadataProviderCo
nfiguration:
      Did not match:
         - 
@ConditionalOnClass 
did not find required 
class 'org.apache.commo
ns.dbcp2.BasicDataSourc
e' (OnClassCondition)

   DataSourcePoolMetada
taProvidersConfiguratio
n.OracleUcpPoolDataSour
ceMetadataProviderConfi
guration:
      Did not match:
         - 
@ConditionalOnClass 
did not find required 
classes 'oracle.ucp.jdb
c.PoolDataSource', 'ora
cle.jdbc.OracleConnecti
on' (OnClassCondition)

   DataSourcePoolMetada
taProvidersConfiguratio
n.TomcatDataSourcePoolM
etadataProviderConfigur
ation:
      Did not match:
         - 
@ConditionalOnClass 
did not find required 
class 'org.apache.tomca
t.jdbc.pool.DataSource'
 (OnClassCondition)

   DataSourceTransactio
nManagerAutoConfigurati
on.JdbcTransactionManag
erConfiguration#transac
tionManager:
      Did not match:
         - @Conditional
OnMissingBean (types: o
rg.springframework.tran
saction.TransactionMana
ger; SearchStrategy: 
all) found beans of 
type 'org.springframewo
rk.transaction.Transact
ionManager' 
transactionManager 
(OnBeanCondition)

   DevToolsDataSourceAu
toConfiguration:
      Did not match:
         - Devtools 
devtools is disabled 
for current context. (O
nEnabledDevToolsConditi
on)
      Matched:
         - 
@ConditionalOnClass 
found required class 
'javax.sql.DataSource' 
(OnClassCondition)

   DevToolsR2dbcAutoCon
figuration:
      Did not match:
         - 
@ConditionalOnClass 
did not find required 
class 'io.r2dbc.spi.Con
nectionFactory' 
(OnClassCondition)

   DispatcherServletAut
oConfiguration.Dispatch
erServletConfiguration#
multipartResolver:
      Did not match:
         - 
@ConditionalOnBean 
(types: org.springframe
work.web.multipart.Mult
ipartResolver; 
SearchStrategy: all) 
did not find any beans 
of type org.springframe
work.web.multipart.Mult
ipartResolver 
(OnBeanCondition)

   ElasticsearchClientA
utoConfiguration:
      Did not match:
         - 
@ConditionalOnClass 
did not find required 
class 'co.elastic.clien
ts.elasticsearch.Elasti
csearchClient' 
(OnClassCondition)

   ElasticsearchDataAut
oConfiguration:
      Did not match:
         - 
@ConditionalOnClass 
did not find required 
class 'org.springframew
ork.data.elasticsearch.
client.elc.Elasticsearc
hTemplate' 
(OnClassCondition)

   ElasticsearchReposit
oriesAutoConfiguration:
      Did not match:
         - 
@ConditionalOnClass 
did not find required 
class 'org.springframew
ork.data.elasticsearch.
repository.Elasticsearc
hRepository' 
(OnClassCondition)

   ElasticsearchRestCli
entAutoConfiguration:
      Did not match:
         - 
@ConditionalOnClass 
did not find required 
class 'org.elasticsearc
h.client.RestClientBuil
der' (OnClassCondition)

   EmbeddedLdapAutoConf
iguration:
      Did not match:
         - 
@ConditionalOnClass 
did not find required 
class 'com.unboundid.ld
ap.listener.InMemoryDir
ectoryServer' 
(OnClassCondition)

   EmbeddedWebServerFac
toryCustomizerAutoConfi
guration:
      Did not match:
         - Application 
is deployed as a WAR 
file. (OnWarDeploymentC
ondition)
      Matched:
         - @Conditional
OnWebApplication 
(required) found 
'session' scope (OnWebA
pplicationCondition)

   ErrorWebFluxAutoConf
iguration:
      Did not match:
         - 
@ConditionalOnClass 
did not find required 
class 'org.springframew
ork.web.reactive.config
.WebFluxConfigurer' 
(OnClassCondition)

   FlywayAutoConfigurat
ion:
      Did not match:
         - 
@ConditionalOnClass 
did not find required 
class 'org.flywaydb.cor
e.Flyway' 
(OnClassCondition)

   FreeMarkerAutoConfig
uration:
      Did not match:
         - 
@ConditionalOnClass 
did not find required 
class 'freemarker.templ
ate.Configuration' 
(OnClassCondition)

   GenericCacheConfigur
ation:
      Did not match:
         - Cache org.sp
ringframework.boot.auto
configure.cache.Generic
CacheConfiguration 
unknown cache type 
(CacheCondition)

   GraphQlAutoConfigura
tion:
      Did not match:
         - 
@ConditionalOnClass 
did not find required 
class 
'graphql.GraphQL' 
(OnClassCondition)

   GraphQlQueryByExampl
eAutoConfiguration:
      Did not match:
         - 
@ConditionalOnClass 
did not find required 
class 
'graphql.GraphQL' 
(OnClassCondition)

   GraphQlQuerydslAutoC
onfiguration:
      Did not match:
         - 
@ConditionalOnClass 
did not find required 
class 'com.querydsl.cor
e.Query' 
(OnClassCondition)

   GraphQlRSocketAutoCo
nfiguration:
      Did not match:
         - 
@ConditionalOnClass 
did not find required 
class 
'graphql.GraphQL' 
(OnClassCondition)

   GraphQlReactiveQuery
ByExampleAutoConfigurat
ion:
      Did not match:
         - 
@ConditionalOnClass 
did not find required 
class 
'graphql.GraphQL' 
(OnClassCondition)

   GraphQlReactiveQuery
dslAutoConfiguration:
      Did not match:
         - 
@ConditionalOnClass 
did not find required 
class 'com.querydsl.cor
e.Query' 
(OnClassCondition)

   GraphQlWebFluxAutoCo
nfiguration:
      Did not match:
         - 
@ConditionalOnClass 
did not find required 
class 
'graphql.GraphQL' 
(OnClassCondition)

   GraphQlWebFluxSecuri
tyAutoConfiguration:
      Did not match:
         - 
@ConditionalOnClass 
did not find required 
class 
'graphql.GraphQL' 
(OnClassCondition)

   GraphQlWebMvcAutoCon
figuration:
      Did not match:
         - 
@ConditionalOnClass 
did not find required 
class 
'graphql.GraphQL' 
(OnClassCondition)

   GraphQlWebMvcSecurit
yAutoConfiguration:
      Did not match:
         - 
@ConditionalOnClass 
did not find required 
class 
'graphql.GraphQL' 
(OnClassCondition)

   GroovyTemplateAutoCo
nfiguration:
      Did not match:
         - 
@ConditionalOnClass 
did not find required 
class 'groovy.text.mark
up.MarkupTemplateEngine
' (OnClassCondition)

   GsonHttpMessageConve
rtersConfiguration.Gson
HttpMessageConverterCon
figuration:
      Did not match:
         - 
AnyNestedCondition 0 
matched 2 did not; 
NestedCondition on Gson
HttpMessageConvertersCo
nfiguration.PreferGsonO
rJacksonAndJsonbUnavail
ableCondition.JacksonJs
onbUnavailable 
NoneNestedConditions 1 
matched 1 did not; 
NestedCondition on Gson
HttpMessageConvertersCo
nfiguration.JacksonAndJ
sonbUnavailableConditio
n.JsonbPreferred 
@ConditionalOnProperty 
(spring.mvc.converters.
preferred-json-mapper=j
sonb) did not find 
property 'spring.mvc.co
nverters.preferred-json
-mapper'; 
NestedCondition on Gson
HttpMessageConvertersCo
nfiguration.JacksonAndJ
sonbUnavailableConditio
n.JacksonAvailable 
@ConditionalOnBean 
(types: org.springframe
work.http.converter.jso
n.MappingJackson2HttpMe
ssageConverter; 
SearchStrategy: all) 
found bean 'mappingJack
son2HttpMessageConverte
r'; NestedCondition on 
GsonHttpMessageConverte
rsConfiguration.PreferG
sonOrJacksonAndJsonbUna
vailableCondition.GsonP
referred 
@ConditionalOnProperty 
(spring.mvc.converters.
preferred-json-mapper=g
son) did not find 
property 'spring.mvc.co
nverters.preferred-json
-mapper' (GsonHttpMessa
geConvertersConfigurati
on.PreferGsonOrJacksonA
ndJsonbUnavailableCondi
tion)

   H2ConsoleAutoConfigu
ration:
      Did not match:
         - 
@ConditionalOnProperty 
(spring.h2.console.enab
led=true) did not find 
property 'enabled' 
(OnPropertyCondition)
      Matched:
         - 
@ConditionalOnClass 
found required class 'o
rg.h2.server.web.Jakart
aWebServlet' 
(OnClassCondition)
         - found 
'session' scope (OnWebA
pplicationCondition)

   HazelcastAutoConfigu
ration:
      Did not match:
         - 
@ConditionalOnClass 
did not find required 
class 'com.hazelcast.co
re.HazelcastInstance' 
(OnClassCondition)

   HazelcastCacheConfig
uration:
      Did not match:
         - 
@ConditionalOnClass 
did not find required 
class 'com.hazelcast.co
re.HazelcastInstance' 
(OnClassCondition)

   HazelcastJpaDependen
cyAutoConfiguration:
      Did not match:
         - 
@ConditionalOnClass 
did not find required 
class 'com.hazelcast.co
re.HazelcastInstance' 
(OnClassCondition)

   HttpHandlerAutoConfi
guration:
      Did not match:
         - 
@ConditionalOnClass 
did not find required 
class 'org.springframew
ork.web.reactive.Dispat
cherHandler' 
(OnClassCondition)

   HypermediaAutoConfig
uration:
      Did not match:
         - 
@ConditionalOnClass 
did not find required 
class 'org.springframew
ork.hateoas.EntityModel
' (OnClassCondition)

   InfinispanCacheConfi
guration:
      Did not match:
         - 
@ConditionalOnClass 
did not find required 
class 'org.infinispan.s
pring.embedded.provider
.SpringEmbeddedCacheMan
ager' 
(OnClassCondition)

   InfluxDbAutoConfigur
ation:
      Did not match:
         - 
@ConditionalOnClass 
did not find required 
class 'org.influxdb.Inf
luxDB' 
(OnClassCondition)

   IntegrationAutoConfi
guration:
      Did not match:
         - 
@ConditionalOnClass 
did not find required 
class 'org.springframew
ork.integration.config.
EnableIntegration' 
(OnClassCondition)

   JCacheCacheConfigura
tion:
      Did not match:
         - 
@ConditionalOnClass 
did not find required 
class 
'javax.cache.Caching' 
(OnClassCondition)

   JacksonHttpMessageCo
nvertersConfiguration.M
appingJackson2XmlHttpMe
ssageConverterConfigura
tion:
      Did not match:
         - 
@ConditionalOnClass 
did not find required 
class 'com.fasterxml.ja
ckson.dataformat.xml.Xm
lMapper' 
(OnClassCondition)

   JdbcRepositoriesAuto
Configuration:
      Did not match:
         - 
@ConditionalOnClass 
did not find required 
class 'org.springframew
ork.data.jdbc.repositor
y.config.AbstractJdbcCo
nfiguration' 
(OnClassCondition)

   JerseyAutoConfigurat
ion:
      Did not match:
         - 
@ConditionalOnClass 
did not find required 
class 'org.glassfish.je
rsey.server.spring.Spri
ngComponentProvider' 
(OnClassCondition)

   
JmsAutoConfiguration:
      Did not match:
         - 
@ConditionalOnClass 
did not find required 
class 
'jakarta.jms.Message' 
(OnClassCondition)

   
JmxAutoConfiguration:
      Did not match:
         - 
@ConditionalOnProperty 
(spring.jmx.enabled=tru
e) found different 
value in property 
'enabled' 
(OnPropertyCondition)
      Matched:
         - 
@ConditionalOnClass 
found required class 'o
rg.springframework.jmx.
export.MBeanExporter' 
(OnClassCondition)

   JndiConnectionFactor
yAutoConfiguration:
      Did not match:
         - 
@ConditionalOnClass 
did not find required 
class 'org.springframew
ork.jms.core.JmsTemplat
e' (OnClassCondition)

   JndiDataSourceAutoCo
nfiguration:
      Did not match:
         - 
@ConditionalOnProperty 
(spring.datasource.jndi
-name) did not find 
property 'jndi-name' 
(OnPropertyCondition)
      Matched:
         - 
@ConditionalOnClass 
found required classes 
'javax.sql.DataSource',
 'org.springframework.j
dbc.datasource.embedded
.EmbeddedDatabaseType' 
(OnClassCondition)

   
JndiJtaConfiguration:
      Did not match:
         - 
@ConditionalOnJndi 
JNDI environment is 
not available 
(OnJndiCondition)
      Matched:
         - 
@ConditionalOnClass 
found required class 'o
rg.springframework.tran
saction.jta.JtaTransact
ionManager' 
(OnClassCondition)

   
JooqAutoConfiguration:
      Did not match:
         - 
@ConditionalOnClass 
did not find required 
class 
'org.jooq.DSLContext' 
(OnClassCondition)

   JpaRepositoriesAutoC
onfiguration#entityMana
gerFactoryBootstrapExec
utorCustomizer:
      Did not match:
         - 
AnyNestedCondition 0 
matched 2 did not; 
NestedCondition on JpaR
epositoriesAutoConfigur
ation.BootstrapExecutor
Condition.LazyBootstrap
Mode 
@ConditionalOnProperty 
(spring.data.jpa.reposi
tories.bootstrap-mode=l
azy) did not find 
property 
'bootstrap-mode'; 
NestedCondition on JpaR
epositoriesAutoConfigur
ation.BootstrapExecutor
Condition.DeferredBoots
trapMode 
@ConditionalOnProperty 
(spring.data.jpa.reposi
tories.bootstrap-mode=d
eferred) did not find 
property 
'bootstrap-mode' (JpaRe
positoriesAutoConfigura
tion.BootstrapExecutorC
ondition)

   
JsonbAutoConfiguration:
      Did not match:
         - 
@ConditionalOnClass 
did not find required 
class 'jakarta.json.bin
d.Jsonb' 
(OnClassCondition)

   JsonbHttpMessageConv
ertersConfiguration:
      Did not match:
         - 
@ConditionalOnClass 
did not find required 
class 'jakarta.json.bin
d.Jsonb' 
(OnClassCondition)

   
KafkaAutoConfiguration:
      Did not match:
         - 
@ConditionalOnClass 
did not find required 
class 'org.springframew
ork.kafka.core.KafkaTem
plate' 
(OnClassCondition)

   
LdapAutoConfiguration:
      Did not match:
         - 
@ConditionalOnClass 
did not find required 
class 'org.springframew
ork.ldap.core.ContextSo
urce' 
(OnClassCondition)

   LdapRepositoriesAuto
Configuration:
      Did not match:
         - 
@ConditionalOnClass 
did not find required 
class 'org.springframew
ork.data.ldap.repositor
y.LdapRepository' 
(OnClassCondition)

   LiquibaseAutoConfigu
ration:
      Did not match:
         - 
@ConditionalOnClass 
did not find required 
class 'liquibase.change
.DatabaseChange' 
(OnClassCondition)

   LocalDevToolsAutoCon
figuration:
      Did not match:
         - Initialized 
Restarter Condition 
initialized without 
URLs (OnInitializedRest
arterCondition)

   MailSenderJndiConfig
uration:
      Did not match:
         - 
@ConditionalOnProperty 
(spring.mail.jndi-name)
 did not find property 
'jndi-name' 
(OnPropertyCondition)
      Matched:
         - 
@ConditionalOnClass 
found required class 
'jakarta.mail.Session' 
(OnClassCondition)

   MailSenderValidatorA
utoConfiguration:
      Did not match:
         - 
@ConditionalOnProperty 
(spring.mail.test-conne
ction) did not find 
property 
'test-connection' 
(OnPropertyCondition)

   MessageSourceAutoCon
figuration:
      Did not match:
         - 
ResourceBundle did not 
find bundle with 
basename messages (Mess
ageSourceAutoConfigurat
ion.ResourceBundleCondi
tion)

   MockMvcAutoConfigura
tion#dispatcherServlet:
      Did not match:
         - @Conditional
OnMissingBean (types: o
rg.springframework.web.
servlet.DispatcherServl
et; SearchStrategy: 
all) found beans of 
type 'org.springframewo
rk.web.servlet.Dispatch
erServlet' 
dispatcherServlet 
(OnBeanCondition)

   MockMvcAutoConfigura
tion#dispatcherServletP
ath:
      Did not match:
         - @Conditional
OnMissingBean (types: o
rg.springframework.boot
.autoconfigure.web.serv
let.DispatcherServletPa
th; SearchStrategy: 
all) found beans of 
type 'org.springframewo
rk.boot.autoconfigure.w
eb.servlet.DispatcherSe
rvletPath' dispatcherSe
rvletRegistration 
(OnBeanCondition)

   MockMvcAutoConfigura
tion.WebTestClientMockM
vcConfiguration:
      Did not match:
         - 
@ConditionalOnClass 
did not find required 
class 'org.springframew
ork.web.reactive.functi
on.client.WebClient' 
(OnClassCondition)

   MockMvcWebClientAuto
Configuration:
      Did not match:
         - 
@ConditionalOnClass 
did not find required 
class 'com.gargoylesoft
ware.htmlunit.WebClient
' (OnClassCondition)

   MockMvcWebDriverAuto
Configuration:
      Did not match:
         - 
@ConditionalOnClass 
did not find required 
class 'org.openqa.selen
ium.htmlunit.HtmlUnitDr
iver' 
(OnClassCondition)

   
MongoAutoConfiguration:
      Did not match:
         - 
@ConditionalOnClass 
did not find required 
class 'com.mongodb.clie
nt.MongoClient' 
(OnClassCondition)

   MongoDataAutoConfigu
ration:
      Did not match:
         - 
@ConditionalOnClass 
did not find required 
class 'com.mongodb.clie
nt.MongoClient' 
(OnClassCondition)

   MongoReactiveAutoCon
figuration:
      Did not match:
         - 
@ConditionalOnClass 
did not find required 
class 'com.mongodb.reac
tivestreams.client.Mong
oClient' 
(OnClassCondition)

   MongoReactiveDataAut
oConfiguration:
      Did not match:
         - 
@ConditionalOnClass 
did not find required 
class 'com.mongodb.reac
tivestreams.client.Mong
oClient' 
(OnClassCondition)

   MongoReactiveReposit
oriesAutoConfiguration:
      Did not match:
         - 
@ConditionalOnClass 
did not find required 
class 'com.mongodb.reac
tivestreams.client.Mong
oClient' 
(OnClassCondition)

   MongoRepositoriesAut
oConfiguration:
      Did not match:
         - 
@ConditionalOnClass 
did not find required 
class 'com.mongodb.clie
nt.MongoClient' 
(OnClassCondition)

   MustacheAutoConfigur
ation:
      Did not match:
         - 
@ConditionalOnClass 
did not find required 
class 'com.samskivert.m
ustache.Mustache' 
(OnClassCondition)

   
Neo4jAutoConfiguration:
      Did not match:
         - 
@ConditionalOnClass 
did not find required 
class 'org.neo4j.driver
.Driver' 
(OnClassCondition)

   Neo4jDataAutoConfigu
ration:
      Did not match:
         - 
@ConditionalOnClass 
did not find required 
class 'org.neo4j.driver
.Driver' 
(OnClassCondition)

   Neo4jReactiveDataAut
oConfiguration:
      Did not match:
         - 
@ConditionalOnClass 
did not find required 
class 'org.neo4j.driver
.Driver' 
(OnClassCondition)

   Neo4jReactiveReposit
oriesAutoConfiguration:
      Did not match:
         - 
@ConditionalOnClass 
did not find required 
class 'org.neo4j.driver
.Driver' 
(OnClassCondition)

   Neo4jRepositoriesAut
oConfiguration:
      Did not match:
         - 
@ConditionalOnClass 
did not find required 
class 'org.neo4j.driver
.Driver' 
(OnClassCondition)

   
NoOpCacheConfiguration:
      Did not match:
         - Cache org.sp
ringframework.boot.auto
configure.cache.NoOpCac
heConfiguration 
unknown cache type 
(CacheCondition)

   OAuth2AuthorizationS
erverAutoConfiguration:
      Did not match:
         - 
@ConditionalOnClass 
did not find required 
class 'org.springframew
ork.security.oauth2.ser
ver.authorization.OAuth
2Authorization' 
(OnClassCondition)

   OAuth2AuthorizationS
erverJwtAutoConfigurati
on:
      Did not match:
         - 
@ConditionalOnClass 
did not find required 
class 'org.springframew
ork.security.oauth2.ser
ver.authorization.OAuth
2Authorization' 
(OnClassCondition)

   OAuth2ClientAutoConf
iguration:
      Did not match:
         - 
@ConditionalOnClass 
did not find required 
class 'org.springframew
ork.security.oauth2.cli
ent.registration.Client
Registration' 
(OnClassCondition)

   OAuth2ResourceServer
AutoConfiguration:
      Did not match:
         - 
@ConditionalOnClass 
did not find required 
class 'org.springframew
ork.security.oauth2.ser
ver.resource.authentica
tion.BearerTokenAuthent
icationToken' 
(OnClassCondition)

   ProjectInfoAutoConfi
guration#buildPropertie
s:
      Did not match:
         - 
@ConditionalOnResource 
did not find resource '
${spring.info.build.loc
ation:classpath:META-IN
F/build-info.properties
}' 
(OnResourceCondition)

   ProjectInfoAutoConfi
guration#gitProperties:
      Did not match:
         - GitResource 
did not find git info 
at classpath:git.proper
ties (ProjectInfoAutoCo
nfiguration.GitResource
AvailableCondition)

   PulsarAutoConfigurat
ion:
      Did not match:
         - 
@ConditionalOnClass 
did not find required 
class 'org.apache.pulsa
r.client.api.PulsarClie
nt' (OnClassCondition)

   PulsarReactiveAutoCo
nfiguration:
      Did not match:
         - 
@ConditionalOnClass 
did not find required 
class 'org.apache.pulsa
r.client.api.PulsarClie
nt' (OnClassCondition)

   QuartzAutoConfigurat
ion:
      Did not match:
         - 
@ConditionalOnClass 
did not find required 
class 
'org.quartz.Scheduler' 
(OnClassCondition)

   
R2dbcAutoConfiguration:
      Did not match:
         - 
@ConditionalOnClass 
did not find required 
class 'io.r2dbc.spi.Con
nectionFactory' 
(OnClassCondition)

   R2dbcDataAutoConfigu
ration:
      Did not match:
         - 
@ConditionalOnClass 
did not find required 
class 'org.springframew
ork.data.r2dbc.core.R2d
bcEntityTemplate' 
(OnClassCondition)

   R2dbcInitializationC
onfiguration:
      Did not match:
         - 
@ConditionalOnClass 
did not find required 
classes 'io.r2dbc.spi.C
onnectionFactory', 'org
.springframework.r2dbc.
connection.init.Databas
ePopulator' 
(OnClassCondition)

   R2dbcRepositoriesAut
oConfiguration:
      Did not match:
         - 
@ConditionalOnClass 
did not find required 
class 'io.r2dbc.spi.Con
nectionFactory' 
(OnClassCondition)

   R2dbcTransactionMana
gerAutoConfiguration:
      Did not match:
         - 
@ConditionalOnClass 
did not find required 
class 'org.springframew
ork.r2dbc.connection.R2
dbcTransactionManager' 
(OnClassCondition)

   RSocketGraphQlClient
AutoConfiguration:
      Did not match:
         - 
@ConditionalOnClass 
did not find required 
class 
'graphql.GraphQL' 
(OnClassCondition)

   RSocketMessagingAuto
Configuration:
      Did not match:
         - 
@ConditionalOnClass 
did not find required 
class 
'io.rsocket.RSocket' 
(OnClassCondition)

   RSocketRequesterAuto
Configuration:
      Did not match:
         - 
@ConditionalOnClass 
did not find required 
class 
'io.rsocket.RSocket' 
(OnClassCondition)

   RSocketSecurityAutoC
onfiguration:
      Did not match:
         - 
@ConditionalOnClass 
did not find required 
class 'org.springframew
ork.security.rsocket.co
re.SecuritySocketAccept
orInterceptor' 
(OnClassCondition)

   RSocketServerAutoCon
figuration:
      Did not match:
         - 
@ConditionalOnClass 
did not find required 
class 'io.rsocket.core.
RSocketServer' 
(OnClassCondition)

   RSocketStrategiesAut
oConfiguration:
      Did not match:
         - 
@ConditionalOnClass 
did not find required 
class 
'io.rsocket.RSocket' 
(OnClassCondition)

   RabbitAutoConfigurat
ion:
      Did not match:
         - 
@ConditionalOnClass 
did not find required 
class 'com.rabbitmq.cli
ent.Channel' 
(OnClassCondition)

   ReactiveElasticsearc
hClientAutoConfiguratio
n:
      Did not match:
         - 
@ConditionalOnClass 
did not find required 
class 'co.elastic.clien
ts.transport.Elasticsea
rchTransport' 
(OnClassCondition)

   ReactiveElasticsearc
hRepositoriesAutoConfig
uration:
      Did not match:
         - 
@ConditionalOnClass 
did not find required 
class 'org.springframew
ork.data.elasticsearch.
client.elc.ReactiveElas
ticsearchClient' 
(OnClassCondition)

   ReactiveMultipartAut
oConfiguration:
      Did not match:
         - 
@ConditionalOnClass 
did not find required 
class 'org.springframew
ork.web.reactive.config
.WebFluxConfigurer' 
(OnClassCondition)

   ReactiveOAuth2Client
AutoConfiguration:
      Did not match:
         - 
@ConditionalOnClass 
did not find required 
class 'org.springframew
ork.security.oauth2.cli
ent.registration.Client
Registration' 
(OnClassCondition)

   ReactiveOAuth2Resour
ceServerAutoConfigurati
on:
      Did not match:
         - @Conditional
OnWebApplication did 
not find reactive web 
application classes (On
WebApplicationCondition
)

   ReactiveSecurityAuto
Configuration:
      Did not match:
         - 
@ConditionalOnClass 
did not find required 
class 'org.springframew
ork.web.reactive.config
.WebFluxConfigurer' 
(OnClassCondition)

   ReactiveUserDetailsS
erviceAutoConfiguration
:
      Did not match:
         - 
AnyNestedCondition 0 
matched 2 did not; 
NestedCondition on Reac
tiveUserDetailsServiceA
utoConfiguration.RSocke
tEnabledOrReactiveWebAp
plication.ReactiveWebAp
plicationCondition did 
not find reactive web 
application classes; 
NestedCondition on Reac
tiveUserDetailsServiceA
utoConfiguration.RSocke
tEnabledOrReactiveWebAp
plication.RSocketSecuri
tyEnabledCondition 
@ConditionalOnBean 
(types: org.springframe
work.messaging.rsocket.
annotation.support.RSoc
ketMessageHandler; 
SearchStrategy: all) 
did not find any beans 
of type org.springframe
work.messaging.rsocket.
annotation.support.RSoc
ketMessageHandler (Reac
tiveUserDetailsServiceA
utoConfiguration.RSocke
tEnabledOrReactiveWebAp
plication)
      Matched:
         - 
@ConditionalOnClass 
found required class 'o
rg.springframework.secu
rity.authentication.Rea
ctiveAuthenticationMana
ger' (OnClassCondition)
         - 
AnyNestedCondition 1 
matched 2 did not; 
NestedCondition on Reac
tiveUserDetailsServiceA
utoConfiguration.Missin
gAlternativeOrUserPrope
rtiesConfigured.Passwor
dConfigured 
@ConditionalOnProperty 
(spring.security.user.p
assword) did not find 
property 'password'; 
NestedCondition on Reac
tiveUserDetailsServiceA
utoConfiguration.Missin
gAlternativeOrUserPrope
rtiesConfigured.NameCon
figured 
@ConditionalOnProperty 
(spring.security.user.n
ame) did not find 
property 'name'; 
NestedCondition on Reac
tiveUserDetailsServiceA
utoConfiguration.Missin
gAlternativeOrUserPrope
rtiesConfigured.Missing
Alternative @Conditiona
lOnMissingClass did 
not find unwanted 
classes 'org.springfram
ework.security.oauth2.c
lient.registration.Clie
ntRegistrationRepositor
y', 'org.springframewor
k.security.oauth2.serve
r.resource.introspectio
n.ReactiveOpaqueTokenIn
trospector' (ReactiveUs
erDetailsServiceAutoCon
figuration.MissingAlter
nativeOrUserPropertiesC
onfigured)

   ReactiveWebServerFac
toryAutoConfiguration:
      Did not match:
         - @Conditional
OnWebApplication did 
not find reactive web 
application classes (On
WebApplicationCondition
)

   RedisCacheConfigurat
ion:
      Did not match:
         - Cache org.sp
ringframework.boot.auto
configure.cache.RedisCa
cheConfiguration 
unknown cache type 
(CacheCondition)
      Matched:
         - 
@ConditionalOnClass 
found required class 'o
rg.springframework.data
.redis.connection.Redis
ConnectionFactory' 
(OnClassCondition)

   RedisReactiveAutoCon
figuration#reactiveRedi
sTemplate:
      Did not match:
         - 
@ConditionalOnBean 
(types: org.springframe
work.data.redis.connect
ion.ReactiveRedisConnec
tionFactory; 
SearchStrategy: all) 
did not find any beans 
of type org.springframe
work.data.redis.connect
ion.ReactiveRedisConnec
tionFactory 
(OnBeanCondition)

   RedisReactiveAutoCon
figuration#reactiveStri
ngRedisTemplate:
      Did not match:
         - 
@ConditionalOnBean 
(types: org.springframe
work.data.redis.connect
ion.ReactiveRedisConnec
tionFactory; 
SearchStrategy: all) 
did not find any beans 
of type org.springframe
work.data.redis.connect
ion.ReactiveRedisConnec
tionFactory 
(OnBeanCondition)

   RemoteDevToolsAutoCo
nfiguration:
      Did not match:
         - 
@ConditionalOnProperty 
(spring.devtools.remote
.secret) did not find 
property 'secret' 
(OnPropertyCondition)
      Matched:
         - 
@ConditionalOnClass 
found required classes 
'jakarta.servlet.Filter
', 'org.springframework
.http.server.ServerHttp
Request' 
(OnClassCondition)

   RepositoryRestMvcAut
oConfiguration:
      Did not match:
         - 
@ConditionalOnClass 
did not find required 
class 'org.springframew
ork.data.rest.webmvc.co
nfig.RepositoryRestMvcC
onfiguration' 
(OnClassCondition)

   Saml2RelyingPartyAut
oConfiguration:
      Did not match:
         - 
@ConditionalOnClass 
did not find required 
class 'org.springframew
ork.security.saml2.prov
ider.service.registrati
on.RelyingPartyRegistra
tionRepository' 
(OnClassCondition)

   SecurityDataConfigur
ation:
      Did not match:
         - 
@ConditionalOnClass 
did not find required 
class 'org.springframew
ork.security.data.repos
itory.query.SecurityEva
luationContextExtension
' (OnClassCondition)

   SendGridAutoConfigur
ation:
      Did not match:
         - 
@ConditionalOnClass 
did not find required 
class 'com.sendgrid.Sen
dGrid' 
(OnClassCondition)

   ServletWebServerFact
oryAutoConfiguration.Fo
rwardedHeaderFilterConf
iguration:
      Did not match:
         - 
@ConditionalOnProperty 
(server.forward-headers
-strategy=framework) 
did not find property '
server.forward-headers-
strategy' 
(OnPropertyCondition)

   ServletWebServerFact
oryConfiguration.Embedd
edJetty:
      Did not match:
         - 
@ConditionalOnClass 
did not find required 
classes 'org.eclipse.je
tty.server.Server', 'or
g.eclipse.jetty.util.Lo
ader', 'org.eclipse.jet
ty.ee10.webapp.WebAppCo
ntext' 
(OnClassCondition)

   ServletWebServerFact
oryConfiguration.Embedd
edUndertow:
      Did not match:
         - 
@ConditionalOnClass 
did not find required 
classes 'io.undertow.Un
dertow', 'org.xnio.SslC
lientAuthMode' 
(OnClassCondition)

   SessionAutoConfigura
tion:
      Did not match:
         - 
@ConditionalOnClass 
did not find required 
class 'org.springframew
ork.session.Session' 
(OnClassCondition)

   SpringApplicationAdm
inJmxAutoConfiguration:
      Did not match:
         - 
@ConditionalOnProperty 
(spring.application.adm
in.enabled=true) did 
not find property 
'enabled' 
(OnPropertyCondition)

   SpringBootWebSecurit
yConfiguration.Security
FilterChainConfiguratio
n:
      Did not match:
         - 
AllNestedConditions 1 
matched 1 did not; 
NestedCondition on Defa
ultWebSecurityCondition
.Beans @ConditionalOnMi
ssingBean (types: org.s
pringframework.security
.web.SecurityFilterChai
n; SearchStrategy: 
all) found beans of 
type 'org.springframewo
rk.security.web.Securit
yFilterChain' 
filterChain; 
NestedCondition on Defa
ultWebSecurityCondition
.Classes 
@ConditionalOnClass 
found required classes 
'org.springframework.se
curity.web.SecurityFilt
erChain', 'org.springfr
amework.security.config
.annotation.web.builder
s.HttpSecurity' (Defaul
tWebSecurityCondition)

   SpringBootWebSecurit
yConfiguration.WebSecur
ityEnablerConfiguration
:
      Did not match:
         - @Conditional
OnMissingBean (names: s
pringSecurityFilterChai
n; SearchStrategy: 
all) found beans named 
springSecurityFilterCha
in (OnBeanCondition)
      Matched:
         - 
@ConditionalOnClass 
found required class 'o
rg.springframework.secu
rity.config.annotation.
web.configuration.Enabl
eWebSecurity' 
(OnClassCondition)

   TaskExecutorConfigur
ations.SimpleAsyncTaskE
xecutorBuilderConfigura
tion#simpleAsyncTaskExe
cutorBuilderVirtualThre
ads:
      Did not match:
         - @Conditional
OnMissingBean (types: o
rg.springframework.boot
.task.SimpleAsyncTaskEx
ecutorBuilder; 
SearchStrategy: all) 
found beans of type 'or
g.springframework.boot.
task.SimpleAsyncTaskExe
cutorBuilder' simpleAsy
ncTaskExecutorBuilder 
(OnBeanCondition)

   TaskExecutorConfigur
ations.TaskExecutorConf
iguration#applicationTa
skExecutorVirtualThread
s:
      Did not match:
         - @Conditional
OnThreading did not 
find VIRTUAL 
(OnThreadingCondition)

   TaskSchedulingAutoCo
nfiguration#scheduledBe
anLazyInitializationExc
ludeFilter:
      Did not match:
         - 
@ConditionalOnBean 
(names: org.springframe
work.context.annotation
.internalScheduledAnnot
ationProcessor; 
SearchStrategy: all) 
did not find any beans 
named org.springframewo
rk.context.annotation.i
nternalScheduledAnnotat
ionProcessor 
(OnBeanCondition)

   TaskSchedulingConfig
urations.SimpleAsyncTas
kSchedulerBuilderConfig
uration#simpleAsyncTask
SchedulerBuilderVirtual
Threads:
      Did not match:
         - @Conditional
OnMissingBean (types: o
rg.springframework.boot
.task.SimpleAsyncTaskSc
hedulerBuilder; 
SearchStrategy: all) 
found beans of type 'or
g.springframework.boot.
task.SimpleAsyncTaskSch
edulerBuilder' simpleAs
yncTaskSchedulerBuilder
 (OnBeanCondition)

   TaskSchedulingConfig
urations.TaskSchedulerC
onfiguration:
      Did not match:
         - 
@ConditionalOnBean 
(names: org.springframe
work.context.annotation
.internalScheduledAnnot
ationProcessor; 
SearchStrategy: all) 
did not find any beans 
named org.springframewo
rk.context.annotation.i
nternalScheduledAnnotat
ionProcessor 
(OnBeanCondition)

   TemplateEngineConfig
urations.ReactiveTempla
teEngineConfiguration:
      Did not match:
         - did not 
find reactive web 
application classes (On
WebApplicationCondition
)

   ThymeleafAutoConfigu
ration.DataAttributeDia
lectConfiguration:
      Did not match:
         - 
@ConditionalOnClass 
did not find required 
class 'com.github.mxab.
thymeleaf.extras.dataat
tribute.dialect.DataAtt
ributeDialect' 
(OnClassCondition)

   ThymeleafAutoConfigu
ration.ThymeleafSecurit
yDialectConfiguration:
      Did not match:
         - 
@ConditionalOnClass 
did not find required 
class 'org.thymeleaf.ex
tras.springsecurity6.di
alect.SpringSecurityDia
lect' 
(OnClassCondition)

   ThymeleafAutoConfigu
ration.ThymeleafWebFlux
Configuration:
      Did not match:
         - did not 
find reactive web 
application classes (On
WebApplicationCondition
)

   ThymeleafAutoConfigu
ration.ThymeleafWebLayo
utConfiguration:
      Did not match:
         - 
@ConditionalOnClass 
did not find required 
class 'nz.net.ultraq.th
ymeleaf.layoutdialect.L
ayoutDialect' 
(OnClassCondition)

   ThymeleafAutoConfigu
ration.ThymeleafWebMvcC
onfiguration#resourceUr
lEncodingFilter:
      Did not match:
         - @Conditional
OnEnabledResourceChain 
did not find class org.
webjars.WebJarAssetLoca
tor (OnEnabledResourceC
hainCondition)

   TransactionAutoConfi
guration#transactionalO
perator:
      Did not match:
         - @Conditional
OnSingleCandidate 
(types: org.springframe
work.transaction.Reacti
veTransactionManager; 
SearchStrategy: all) 
did not find any beans 
(OnBeanCondition)

   TransactionAutoConfi
guration.AspectJTransac
tionManagementConfigura
tion:
      Did not match:
         - 
@ConditionalOnBean 
(types: org.springframe
work.transaction.aspect
j.AbstractTransactionAs
pect; SearchStrategy: 
all) did not find any 
beans of type org.sprin
gframework.transaction.
aspectj.AbstractTransac
tionAspect 
(OnBeanCondition)

   TransactionAutoConfi
guration.EnableTransact
ionManagementConfigurat
ion.JdkDynamicAutoProxy
Configuration:
      Did not match:
         - 
@ConditionalOnProperty 
(spring.aop.proxy-targe
t-class=false) did not 
find property 
'proxy-target-class' 
(OnPropertyCondition)

   UserDetailsServiceAu
toConfiguration:
      Did not match:
         - @Conditional
OnMissingBean (types: o
rg.springframework.secu
rity.authentication.Aut
henticationManager,org.
springframework.securit
y.authentication.Authen
ticationProvider,org.sp
ringframework.security.
core.userdetails.UserDe
tailsService,org.spring
framework.security.auth
entication.Authenticati
onManagerResolver,org.s
pringframework.security
.oauth2.jwt.JwtDecoder;
 SearchStrategy: all) 
found beans of type 'or
g.springframework.secur
ity.authentication.Auth
enticationManager' 
authenticationManager 
and found beans of 
type 'org.springframewo
rk.security.core.userde
tails.UserDetailsServic
e' 
userDetailsServiceImpl 
and found beans of 
type 'org.springframewo
rk.security.authenticat
ion.AuthenticationProvi
der' 
authenticationProvider 
(OnBeanCondition)
      Matched:
         - 
@ConditionalOnClass 
found required class 'o
rg.springframework.secu
rity.authentication.Aut
henticationManager' 
(OnClassCondition)
         - 
AnyNestedCondition 1 
matched 2 did not; 
NestedCondition on User
DetailsServiceAutoConfi
guration.MissingAlterna
tiveOrUserPropertiesCon
figured.PasswordConfigu
red 
@ConditionalOnProperty 
(spring.security.user.p
assword) did not find 
property 'password'; 
NestedCondition on User
DetailsServiceAutoConfi
guration.MissingAlterna
tiveOrUserPropertiesCon
figured.NameConfigured 
@ConditionalOnProperty 
(spring.security.user.n
ame) did not find 
property 'name'; 
NestedCondition on User
DetailsServiceAutoConfi
guration.MissingAlterna
tiveOrUserPropertiesCon
figured.MissingAlternat
ive @ConditionalOnMissi
ngClass did not find 
unwanted classes 'org.s
pringframework.security
.oauth2.client.registra
tion.ClientRegistration
Repository', 'org.sprin
gframework.security.oau
th2.server.resource.int
rospection.OpaqueTokenI
ntrospector', 'org.spri
ngframework.security.sa
ml2.provider.service.re
gistration.RelyingParty
RegistrationRepository'
 (UserDetailsServiceAut
oConfiguration.MissingA
lternativeOrUserPropert
iesConfigured)

   WebClientAutoConfigu
ration:
      Did not match:
         - 
@ConditionalOnClass 
did not find required 
class 'org.springframew
ork.web.reactive.functi
on.client.WebClient' 
(OnClassCondition)

   WebFluxAutoConfigura
tion:
      Did not match:
2026-03-02T12:39:51.778+05:30  INFO 6540 --- [           main] .s.b.a.l.ConditionEvaluationReportLogger : 

Error starting ApplicationContext. To display the condition evaluation report re-run your application with 'debug' enabled.
2026-03-02T12:39:51.805+05:30 ERROR 6540 --- [           main] o.s.boot.SpringApplication               : Application run failed

org.springframework.beans.factory.BeanCreationException: Error creating bean with name 'entityManagerFactory' defined in class path resource [org/springframework/boot/autoconfigure/orm/jpa/HibernateJpaConfiguration.class]: Failed to initialize dependency 'dataSourceScriptDatabaseInitializer' of LoadTimeWeaverAware bean 'entityManagerFactory': Error creating bean with name 'dataSourceScriptDatabaseInitializer' defined in class path resource [org/springframework/boot/autoconfigure/sql/init/DataSourceInitializationConfiguration.class]: Failed to execute SQL script statement #1 of file [C:\Users\User\SA_PROJECT\backend\target\classes\data.sql]: TRUNCATE TABLE reservations CASCADE
	at org.springframework.beans.factory.support.AbstractBeanFactory.doGetBean(AbstractBeanFactory.java:326) ~[spring-beans-6.1.14.jar:6.1.14]
	at org.springframework.beans.factory.support.AbstractBeanFactory.getBean(AbstractBeanFactory.java:205) ~[spring-beans-6.1.14.jar:6.1.14]
	at org.springframework.context.support.AbstractApplicationContext.finishBeanFactoryInitialization(AbstractApplicationContext.java:954) ~[spring-context-6.1.14.jar:6.1.14]
	at org.springframework.context.support.AbstractApplicationContext.refresh(AbstractApplicationContext.java:625) ~[spring-context-6.1.14.jar:6.1.14]
	at org.springframework.boot.SpringApplication.refresh(SpringApplication.java:754) ~[spring-boot-3.3.5.jar:3.3.5]
	at org.springframework.boot.SpringApplication.refreshContext(SpringApplication.java:456) ~[spring-boot-3.3.5.jar:3.3.5]
	at org.springframework.boot.SpringApplication.run(SpringApplication.java:335) ~[spring-boot-3.3.5.jar:3.3.5]
         - 
@ConditionalOnClass 
did not find required 
class 'org.springframew
ork.web.reactive.config
.WebFluxConfigurer' 
(OnClassCondition)

   WebMvcAutoConfigurat
ion#hiddenHttpMethodFil
ter:
      Did not match:
         - 
@ConditionalOnProperty 
(spring.mvc.hiddenmetho
d.filter.enabled) did 
not find property 
'enabled' 
(OnPropertyCondition)

   WebMvcAutoConfigurat
ion.ProblemDetailsError
HandlingConfiguration:
      Did not match:
         - 
@ConditionalOnProperty 
(spring.mvc.problemdeta
ils.enabled=true) did 
not find property 
'enabled' 
(OnPropertyCondition)

   WebMvcAutoConfigurat
ion.ResourceChainCustom
izerConfiguration:
      Did not match:
         - @Conditional
OnEnabledResourceChain 
did not find class org.
webjars.WebJarAssetLoca
tor (OnEnabledResourceC
hainCondition)

   WebMvcAutoConfigurat
ion.WebMvcAutoConfigura
tionAdapter#beanNameVie
wResolver:
      Did not match:
         - @Conditional
OnMissingBean (types: o
rg.springframework.web.
servlet.view.BeanNameVi
ewResolver; 
SearchStrategy: all) 
found beans of type 'or
g.springframework.web.s
ervlet.view.BeanNameVie
wResolver' 
beanNameViewResolver 
(OnBeanCondition)

   WebServiceTemplateAu
toConfiguration:
      Did not match:
         - 
@ConditionalOnClass 
did not find required 
class 'org.springframew
ork.ws.client.core.WebS
erviceTemplate' 
(OnClassCondition)

   WebServicesAutoConfi
guration:
      Did not match:
         - 
@ConditionalOnClass 
did not find required 
class 'org.springframew
ork.ws.transport.http.M
essageDispatcherServlet
' (OnClassCondition)

   WebSessionIdResolver
AutoConfiguration:
      Did not match:
         - @Conditional
OnWebApplication did 
not find reactive web 
application classes (On
WebApplicationCondition
)

   WebSocketMessagingAu
toConfiguration:
      Did not match:
         - 
@ConditionalOnClass 
did not find required 
class 'org.springframew
ork.web.socket.config.a
nnotation.WebSocketMess
ageBrokerConfigurer' 
(OnClassCondition)

   WebSocketReactiveAut
oConfiguration:
      Did not match:
         - @Conditional
OnWebApplication did 
not find reactive web 
application classes (On
WebApplicationCondition
)

   WebSocketServletAuto
Configuration.JettyWebS
ocketConfiguration:
      Did not match:
         - 
@ConditionalOnClass 
did not find required 
class 'org.eclipse.jett
y.ee10.websocket.jakart
a.server.config.Jakarta
WebSocketServletContain
erInitializer' 
(OnClassCondition)

   WebSocketServletAuto
Configuration.UndertowW
ebSocketConfiguration:
      Did not match:
         - 
@ConditionalOnClass 
did not find required 
class 'io.undertow.webs
ockets.jsr.Bootstrap' 
(OnClassCondition)

   WebTestClientAutoCon
figuration:
      Did not match:
         - 
@ConditionalOnClass 
did not find required 
class 'org.springframew
ork.web.reactive.functi
on.client.WebClient' 
(OnClassCondition)

   XADataSourceAutoConf
iguration:
      Did not match:
         - 
@ConditionalOnBean 
(types: org.springframe
work.boot.jdbc.XADataSo
urceWrapper; 
SearchStrategy: all) 
did not find any beans 
of type org.springframe
work.boot.jdbc.XADataSo
urceWrapper 
(OnBeanCondition)
      Matched:
         - 
@ConditionalOnClass 
found required classes 
'javax.sql.DataSource',
 'jakarta.transaction.T
ransactionManager', 'or
g.springframework.jdbc.
datasource.embedded.Emb
eddedDatabaseType' 
(OnClassCondition)


Exclusions:
-----------

    org.springframework
.boot.autoconfigure.dat
a.redis.RedisAutoConfig
uration

    org.springframework
.boot.autoconfigure.dat
a.redis.RedisRepositori
esAutoConfiguration

    org.springframework
.boot.autoconfigure.dat
a.redis.RedisAutoConfig
uration

    org.springframework
.boot.autoconfigure.dat
a.redis.RedisRepositori
esAutoConfiguration


Unconditional classes:
----------------------

    org.springframework
.boot.autoconfigure.con
text.ConfigurationPrope
rtiesAutoConfiguration

    org.springframework
.boot.autoconfigure.ssl
.SslAutoConfiguration

    org.springframework
.boot.autoconfigure.con
text.PropertyPlaceholde
rAutoConfiguration

	at org.springframework.boot.test.context.SpringBootContextLoader.lambda$loadContext$3(SpringBootContextLoader.java:137) ~[spring-boot-test-3.3.5.jar:3.3.5]
	at org.springframework.util.function.ThrowingSupplier.get(ThrowingSupplier.java:58) ~[spring-core-6.1.14.jar:6.1.14]
	at org.springframework.util.function.ThrowingSupplier.get(ThrowingSupplier.java:46) ~[spring-core-6.1.14.jar:6.1.14]
	at org.springframework.boot.SpringApplication.withHook(SpringApplication.java:1463) ~[spring-boot-3.3.5.jar:3.3.5]
	at org.springframework.boot.test.context.SpringBootContextLoader$ContextLoaderHook.run(SpringBootContextLoader.java:553) ~[spring-boot-test-3.3.5.jar:3.3.5]
	at org.springframework.boot.test.context.SpringBootContextLoader.loadContext(SpringBootContextLoader.java:137) ~[spring-boot-test-3.3.5.jar:3.3.5]
	at org.springframework.boot.test.context.SpringBootContextLoader.loadContext(SpringBootContextLoader.java:108) ~[spring-boot-test-3.3.5.jar:3.3.5]
	at org.springframework.test.context.cache.DefaultCacheAwareContextLoaderDelegate.loadContextInternal(DefaultCacheAwareContextLoaderDelegate.java:225) ~[spring-test-6.1.14.jar:6.1.14]
	at org.springframework.test.context.cache.DefaultCacheAwareContextLoaderDelegate.loadContext(DefaultCacheAwareContextLoaderDelegate.java:152) ~[spring-test-6.1.14.jar:6.1.14]
	at org.springframework.test.context.support.DefaultTestContext.getApplicationContext(DefaultTestContext.java:130) ~[spring-test-6.1.14.jar:6.1.14]
	at org.springframework.test.context.web.ServletTestExecutionListener.setUpRequestContextIfNecessary(ServletTestExecutionListener.java:191) ~[spring-test-6.1.14.jar:6.1.14]
	at org.springframework.test.context.web.ServletTestExecutionListener.prepareTestInstance(ServletTestExecutionListener.java:130) ~[spring-test-6.1.14.jar:6.1.14]
	at org.springframework.test.context.TestContextManager.prepareTestInstance(TestContextManager.java:260) ~[spring-test-6.1.14.jar:6.1.14]
	at org.springframework.test.context.junit.jupiter.SpringExtension.postProcessTestInstance(SpringExtension.java:163) ~[spring-test-6.1.14.jar:6.1.14]
	at org.junit.jupiter.engine.descriptor.ClassBasedTestDescriptor.lambda$invokeTestInstancePostProcessors$10(ClassBasedTestDescriptor.java:378) ~[junit-jupiter-engine-5.10.5.jar:5.10.5]
	at org.junit.jupiter.engine.descriptor.ClassBasedTestDescriptor.executeAndMaskThrowable(ClassBasedTestDescriptor.java:383) ~[junit-jupiter-engine-5.10.5.jar:5.10.5]
	at org.junit.jupiter.engine.descriptor.ClassBasedTestDescriptor.lambda$invokeTestInstancePostProcessors$11(ClassBasedTestDescriptor.java:378) ~[junit-jupiter-engine-5.10.5.jar:5.10.5]
	at java.base/java.util.stream.ReferencePipeline$3$1.accept(ReferencePipeline.java:214) ~[na:na]
	at java.base/java.util.stream.ReferencePipeline$2$1.accept(ReferencePipeline.java:197) ~[na:na]
	at java.base/java.util.ArrayList$ArrayListSpliterator.forEachRemaining(ArrayList.java:1716) ~[na:na]
	at java.base/java.util.stream.AbstractPipeline.copyInto(AbstractPipeline.java:570) ~[na:na]
	at java.base/java.util.stream.AbstractPipeline.wrapAndCopyInto(AbstractPipeline.java:560) ~[na:na]
	at java.base/java.util.stream.StreamSpliterators$WrappingSpliterator.forEachRemaining(StreamSpliterators.java:315) ~[na:na]
	at java.base/java.util.stream.Streams$ConcatSpliterator.forEachRemaining(Streams.java:735) ~[na:na]
	at java.base/java.util.stream.Streams$ConcatSpliterator.forEachRemaining(Streams.java:734) ~[na:na]
	at java.base/java.util.stream.ReferencePipeline$Head.forEach(ReferencePipeline.java:803) ~[na:na]
	at org.junit.jupiter.engine.descriptor.ClassBasedTestDescriptor.invokeTestInstancePostProcessors(ClassBasedTestDescriptor.java:377) ~[junit-jupiter-engine-5.10.5.jar:5.10.5]
	at org.junit.jupiter.engine.descriptor.ClassBasedTestDescriptor.lambda$instantiateAndPostProcessTestInstance$6(ClassBasedTestDescriptor.java:290) ~[junit-jupiter-engine-5.10.5.jar:5.10.5]
	at org.junit.platform.engine.support.hierarchical.ThrowableCollector.execute(ThrowableCollector.java:73) ~[junit-platform-engine-1.10.5.jar:1.10.5]
	at org.junit.jupiter.engine.descriptor.ClassBasedTestDescriptor.instantiateAndPostProcessTestInstance(ClassBasedTestDescriptor.java:289) ~[junit-jupiter-engine-5.10.5.jar:5.10.5]
	at org.junit.jupiter.engine.descriptor.ClassBasedTestDescriptor.lambda$testInstancesProvider$4(ClassBasedTestDescriptor.java:279) ~[junit-jupiter-engine-5.10.5.jar:5.10.5]
	at java.base/java.util.Optional.orElseGet(Optional.java:364) ~[na:na]
	at org.junit.jupiter.engine.descriptor.ClassBasedTestDescriptor.lambda$testInstancesProvider$5(ClassBasedTestDescriptor.java:278) ~[junit-jupiter-engine-5.10.5.jar:5.10.5]
	at org.junit.jupiter.engine.execution.TestInstancesProvider.getTestInstances(TestInstancesProvider.java:31) ~[junit-jupiter-engine-5.10.5.jar:5.10.5]
	at org.junit.jupiter.engine.descriptor.TestMethodTestDescriptor.lambda$prepare$0(TestMethodTestDescriptor.java:106) ~[junit-jupiter-engine-5.10.5.jar:5.10.5]
	at org.junit.platform.engine.support.hierarchical.ThrowableCollector.execute(ThrowableCollector.java:73) ~[junit-platform-engine-1.10.5.jar:1.10.5]
	at org.junit.jupiter.engine.descriptor.TestMethodTestDescriptor.prepare(TestMethodTestDescriptor.java:105) ~[junit-jupiter-engine-5.10.5.jar:5.10.5]
	at org.junit.jupiter.engine.descriptor.TestMethodTestDescriptor.prepare(TestMethodTestDescriptor.java:69) ~[junit-jupiter-engine-5.10.5.jar:5.10.5]
	at org.junit.platform.engine.support.hierarchical.NodeTestTask.lambda$prepare$2(NodeTestTask.java:128) ~[junit-platform-engine-1.10.5.jar:1.10.5]
	at org.junit.platform.engine.support.hierarchical.ThrowableCollector.execute(ThrowableCollector.java:73) ~[junit-platform-engine-1.10.5.jar:1.10.5]
	at org.junit.platform.engine.support.hierarchical.NodeTestTask.prepare(NodeTestTask.java:128) ~[junit-platform-engine-1.10.5.jar:1.10.5]
	at org.junit.platform.engine.support.hierarchical.NodeTestTask.execute(NodeTestTask.java:95) ~[junit-platform-engine-1.10.5.jar:1.10.5]
	at java.base/java.util.ArrayList.forEach(ArrayList.java:1604) ~[na:na]
	at org.junit.platform.engine.support.hierarchical.SameThreadHierarchicalTestExecutorService.invokeAll(SameThreadHierarchicalTestExecutorService.java:41) ~[junit-platform-engine-1.10.5.jar:1.10.5]
	at org.junit.platform.engine.support.hierarchical.NodeTestTask.lambda$executeRecursively$6(NodeTestTask.java:160) ~[junit-platform-engine-1.10.5.jar:1.10.5]
	at org.junit.platform.engine.support.hierarchical.ThrowableCollector.execute(ThrowableCollector.java:73) ~[junit-platform-engine-1.10.5.jar:1.10.5]
	at org.junit.platform.engine.support.hierarchical.NodeTestTask.lambda$executeRecursively$8(NodeTestTask.java:146) ~[junit-platform-engine-1.10.5.jar:1.10.5]
	at org.junit.platform.engine.support.hierarchical.Node.around(Node.java:137) ~[junit-platform-engine-1.10.5.jar:1.10.5]
	at org.junit.platform.engine.support.hierarchical.NodeTestTask.lambda$executeRecursively$9(NodeTestTask.java:144) ~[junit-platform-engine-1.10.5.jar:1.10.5]
	at org.junit.platform.engine.support.hierarchical.ThrowableCollector.execute(ThrowableCollector.java:73) ~[junit-platform-engine-1.10.5.jar:1.10.5]
	at org.junit.platform.engine.support.hierarchical.NodeTestTask.executeRecursively(NodeTestTask.java:143) ~[junit-platform-engine-1.10.5.jar:1.10.5]
	at org.junit.platform.engine.support.hierarchical.NodeTestTask.execute(NodeTestTask.java:100) ~[junit-platform-engine-1.10.5.jar:1.10.5]
	at java.base/java.util.ArrayList.forEach(ArrayList.java:1604) ~[na:na]
	at org.junit.platform.engine.support.hierarchical.SameThreadHierarchicalTestExecutorService.invokeAll(SameThreadHierarchicalTestExecutorService.java:41) ~[junit-platform-engine-1.10.5.jar:1.10.5]
	at org.junit.platform.engine.support.hierarchical.NodeTestTask.lambda$executeRecursively$6(NodeTestTask.java:160) ~[junit-platform-engine-1.10.5.jar:1.10.5]
	at org.junit.platform.engine.support.hierarchical.ThrowableCollector.execute(ThrowableCollector.java:73) ~[junit-platform-engine-1.10.5.jar:1.10.5]
	at org.junit.platform.engine.support.hierarchical.NodeTestTask.lambda$executeRecursively$8(NodeTestTask.java:146) ~[junit-platform-engine-1.10.5.jar:1.10.5]
	at org.junit.platform.engine.support.hierarchical.Node.around(Node.java:137) ~[junit-platform-engine-1.10.5.jar:1.10.5]
	at org.junit.platform.engine.support.hierarchical.NodeTestTask.lambda$executeRecursively$9(NodeTestTask.java:144) ~[junit-platform-engine-1.10.5.jar:1.10.5]
	at org.junit.platform.engine.support.hierarchical.ThrowableCollector.execute(ThrowableCollector.java:73) ~[junit-platform-engine-1.10.5.jar:1.10.5]
	at org.junit.platform.engine.support.hierarchical.NodeTestTask.executeRecursively(NodeTestTask.java:143) ~[junit-platform-engine-1.10.5.jar:1.10.5]
	at org.junit.platform.engine.support.hierarchical.NodeTestTask.execute(NodeTestTask.java:100) ~[junit-platform-engine-1.10.5.jar:1.10.5]
	at org.junit.platform.engine.support.hierarchical.SameThreadHierarchicalTestExecutorService.submit(SameThreadHierarchicalTestExecutorService.java:35) ~[junit-platform-engine-1.10.5.jar:1.10.5]
	at org.junit.platform.engine.support.hierarchical.HierarchicalTestExecutor.execute(HierarchicalTestExecutor.java:57) ~[junit-platform-engine-1.10.5.jar:1.10.5]
	at org.junit.platform.engine.support.hierarchical.HierarchicalTestEngine.execute(HierarchicalTestEngine.java:54) ~[junit-platform-engine-1.10.5.jar:1.10.5]
	at org.junit.platform.launcher.core.EngineExecutionOrchestrator.execute(EngineExecutionOrchestrator.java:198) ~[junit-platform-launcher-1.10.5.jar:1.10.5]
	at org.junit.platform.launcher.core.EngineExecutionOrchestrator.execute(EngineExecutionOrchestrator.java:169) ~[junit-platform-launcher-1.10.5.jar:1.10.5]
	at org.junit.platform.launcher.core.EngineExecutionOrchestrator.execute(EngineExecutionOrchestrator.java:93) ~[junit-platform-launcher-1.10.5.jar:1.10.5]
	at org.junit.platform.launcher.core.EngineExecutionOrchestrator.lambda$execute$0(EngineExecutionOrchestrator.java:58) ~[junit-platform-launcher-1.10.5.jar:1.10.5]
	at org.junit.platform.launcher.core.EngineExecutionOrchestrator.withInterceptedStreams(EngineExecutionOrchestrator.java:141) ~[junit-platform-launcher-1.10.5.jar:1.10.5]
	at org.junit.platform.launcher.core.EngineExecutionOrchestrator.execute(EngineExecutionOrchestrator.java:57) ~[junit-platform-launcher-1.10.5.jar:1.10.5]
	at org.junit.platform.launcher.core.DefaultLauncher.execute(DefaultLauncher.java:103) ~[junit-platform-launcher-1.10.5.jar:1.10.5]
	at org.junit.platform.launcher.core.DefaultLauncher.execute(DefaultLauncher.java:85) ~[junit-platform-launcher-1.10.5.jar:1.10.5]
	at org.junit.platform.launcher.core.DelegatingLauncher.execute(DelegatingLauncher.java:47) ~[junit-platform-launcher-1.10.5.jar:1.10.5]
	at org.apache.maven.surefire.junitplatform.LazyLauncher.execute(LazyLauncher.java:56) ~[surefire-junit-platform-3.2.5.jar:3.2.5]
	at org.apache.maven.surefire.junitplatform.JUnitPlatformProvider.execute(JUnitPlatformProvider.java:184) ~[surefire-junit-platform-3.2.5.jar:3.2.5]
	at org.apache.maven.surefire.junitplatform.JUnitPlatformProvider.invokeAllTests(JUnitPlatformProvider.java:148) ~[surefire-junit-platform-3.2.5.jar:3.2.5]
	at org.apache.maven.surefire.junitplatform.JUnitPlatformProvider.invoke(JUnitPlatformProvider.java:122) ~[surefire-junit-platform-3.2.5.jar:3.2.5]
	at org.apache.maven.surefire.booter.ForkedBooter.runSuitesInProcess(ForkedBooter.java:385) ~[surefire-booter-3.2.5.jar:3.2.5]
	at org.apache.maven.surefire.booter.ForkedBooter.execute(ForkedBooter.java:162) ~[surefire-booter-3.2.5.jar:3.2.5]
	at org.apache.maven.surefire.booter.ForkedBooter.run(ForkedBooter.java:507) ~[surefire-booter-3.2.5.jar:3.2.5]
	at org.apache.maven.surefire.booter.ForkedBooter.main(ForkedBooter.java:495) ~[surefire-booter-3.2.5.jar:3.2.5]
Caused by: org.springframework.beans.factory.BeanCreationException: Error creating bean with name 'dataSourceScriptDatabaseInitializer' defined in class path resource [org/springframework/boot/autoconfigure/sql/init/DataSourceInitializationConfiguration.class]: Failed to execute SQL script statement #1 of file [C:\Users\User\SA_PROJECT\backend\target\classes\data.sql]: TRUNCATE TABLE reservations CASCADE
	at org.springframework.beans.factory.support.AbstractAutowireCapableBeanFactory.initializeBean(AbstractAutowireCapableBeanFactory.java:1806) ~[spring-beans-6.1.14.jar:6.1.14]
	at org.springframework.beans.factory.support.AbstractAutowireCapableBeanFactory.doCreateBean(AbstractAutowireCapableBeanFactory.java:600) ~[spring-beans-6.1.14.jar:6.1.14]
	at org.springframework.beans.factory.support.AbstractAutowireCapableBeanFactory.createBean(AbstractAutowireCapableBeanFactory.java:522) ~[spring-beans-6.1.14.jar:6.1.14]
	at org.springframework.beans.factory.support.AbstractBeanFactory.lambda$doGetBean$0(AbstractBeanFactory.java:337) ~[spring-beans-6.1.14.jar:6.1.14]
	at org.springframework.beans.factory.support.DefaultSingletonBeanRegistry.getSingleton(DefaultSingletonBeanRegistry.java:234) ~[spring-beans-6.1.14.jar:6.1.14]
	at org.springframework.beans.factory.support.AbstractBeanFactory.doGetBean(AbstractBeanFactory.java:335) ~[spring-beans-6.1.14.jar:6.1.14]
	at org.springframework.beans.factory.support.AbstractBeanFactory.getBean(AbstractBeanFactory.java:200) ~[spring-beans-6.1.14.jar:6.1.14]
	at org.springframework.beans.factory.support.AbstractBeanFactory.doGetBean(AbstractBeanFactory.java:313) ~[spring-beans-6.1.14.jar:6.1.14]
	... 88 common frames omitted
Caused by: org.springframework.jdbc.datasource.init.ScriptStatementFailedException: Failed to execute SQL script statement #1 of file [C:\Users\User\SA_PROJECT\backend\target\classes\data.sql]: TRUNCATE TABLE reservations CASCADE
	at org.springframework.jdbc.datasource.init.ScriptUtils.executeSqlScript(ScriptUtils.java:282) ~[spring-jdbc-6.1.14.jar:6.1.14]
	at org.springframework.jdbc.datasource.init.ResourceDatabasePopulator.populate(ResourceDatabasePopulator.java:254) ~[spring-jdbc-6.1.14.jar:6.1.14]
	at org.springframework.jdbc.datasource.init.DatabasePopulatorUtils.execute(DatabasePopulatorUtils.java:54) ~[spring-jdbc-6.1.14.jar:6.1.14]
	at org.springframework.boot.jdbc.init.DataSourceScriptDatabaseInitializer.runScripts(DataSourceScriptDatabaseInitializer.java:87) ~[spring-boot-3.3.5.jar:3.3.5]
	at org.springframework.boot.sql.init.AbstractScriptDatabaseInitializer.runScripts(AbstractScriptDatabaseInitializer.java:146) ~[spring-boot-3.3.5.jar:3.3.5]
	at org.springframework.boot.sql.init.AbstractScriptDatabaseInitializer.applyScripts(AbstractScriptDatabaseInitializer.java:108) ~[spring-boot-3.3.5.jar:3.3.5]
	at org.springframework.boot.sql.init.AbstractScriptDatabaseInitializer.applyDataScripts(AbstractScriptDatabaseInitializer.java:102) ~[spring-boot-3.3.5.jar:3.3.5]
	at org.springframework.boot.sql.init.AbstractScriptDatabaseInitializer.initializeDatabase(AbstractScriptDatabaseInitializer.java:77) ~[spring-boot-3.3.5.jar:3.3.5]
	at org.springframework.boot.sql.init.AbstractScriptDatabaseInitializer.afterPropertiesSet(AbstractScriptDatabaseInitializer.java:66) ~[spring-boot-3.3.5.jar:3.3.5]
	at org.springframework.beans.factory.support.AbstractAutowireCapableBeanFactory.invokeInitMethods(AbstractAutowireCapableBeanFactory.java:1853) ~[spring-beans-6.1.14.jar:6.1.14]
	at org.springframework.beans.factory.support.AbstractAutowireCapableBeanFactory.initializeBean(AbstractAutowireCapableBeanFactory.java:1802) ~[spring-beans-6.1.14.jar:6.1.14]
	... 95 common frames omitted
Caused by: org.h2.jdbc.JdbcSQLSyntaxErrorException: Table "RESERVATIONS" not found (this database is empty); SQL statement:
TRUNCATE TABLE reservations CASCADE [42104-224]
	at org.h2.message.DbException.getJdbcSQLException(DbException.java:514) ~[h2-2.2.224.jar:2.2.224]
	at org.h2.message.DbException.getJdbcSQLException(DbException.java:489) ~[h2-2.2.224.jar:2.2.224]
	at org.h2.message.DbException.get(DbException.java:223) ~[h2-2.2.224.jar:2.2.224]
	at org.h2.message.DbException.get(DbException.java:199) ~[h2-2.2.224.jar:2.2.224]
	at org.h2.command.Parser.getTableOrViewNotFoundDbException(Parser.java:8051) ~[h2-2.2.224.jar:2.2.224]
	at org.h2.command.Parser.getTableOrViewNotFoundDbException(Parser.java:8035) ~[h2-2.2.224.jar:2.2.224]
	at org.h2.command.Parser.readTableOrView(Parser.java:8024) ~[h2-2.2.224.jar:2.2.224]
	at org.h2.command.Parser.readTableOrView(Parser.java:7990) ~[h2-2.2.224.jar:2.2.224]
	at org.h2.command.Parser.parseTruncate(Parser.java:2018) ~[h2-2.2.224.jar:2.2.224]
	at org.h2.command.Parser.parsePrepared(Parser.java:760) ~[h2-2.2.224.jar:2.2.224]
	at org.h2.command.Parser.parse(Parser.java:592) ~[h2-2.2.224.jar:2.2.224]
	at org.h2.command.Parser.parse(Parser.java:564) ~[h2-2.2.224.jar:2.2.224]
	at org.h2.command.Parser.prepareCommand(Parser.java:483) ~[h2-2.2.224.jar:2.2.224]
	at org.h2.engine.SessionLocal.prepareLocal(SessionLocal.java:639) ~[h2-2.2.224.jar:2.2.224]
	at org.h2.engine.SessionLocal.prepareCommand(SessionLocal.java:559) ~[h2-2.2.224.jar:2.2.224]
	at org.h2.jdbc.JdbcConnection.prepareCommand(JdbcConnection.java:1166) ~[h2-2.2.224.jar:2.2.224]
	at org.h2.jdbc.JdbcStatement.executeInternal(JdbcStatement.java:245) ~[h2-2.2.224.jar:2.2.224]
	at org.h2.jdbc.JdbcStatement.execute(JdbcStatement.java:231) ~[h2-2.2.224.jar:2.2.224]
	at com.zaxxer.hikari.pool.ProxyStatement.execute(ProxyStatement.java:94) ~[HikariCP-5.1.0.jar:na]
	at com.zaxxer.hikari.pool.HikariProxyStatement.execute(HikariProxyStatement.java) ~[HikariCP-5.1.0.jar:na]
	at org.springframework.jdbc.datasource.init.ScriptUtils.executeSqlScript(ScriptUtils.java:261) ~[spring-jdbc-6.1.14.jar:6.1.14]
	... 105 common frames omitted

2026-03-02T12:39:51.835+05:30  WARN 6540 --- [           main] o.s.test.context.TestContextManager      : Caught exception while allowing TestExecutionListener [org.springframework.test.context.web.ServletTestExecutionListener] to prepare test instance [com.bookfair.controller.AuthControllerTest@2943e61c]

java.lang.IllegalStateException: Failed to load ApplicationContext for [WebMergedContextConfiguration@29becf8b testClass = com.bookfair.controller.AuthControllerTest, locations = [], classes = [com.bookfair.BookfairApplication], contextInitializerClasses = [], activeProfiles = [], propertySourceDescriptors = [], propertySourceProperties = ["org.springframework.boot.test.context.SpringBootTestContextBootstrapper=true"], contextCustomizers = [[ImportsContextCustomizer@628b1538 key = [org.springframework.boot.test.autoconfigure.web.servlet.MockMvcWebDriverAutoConfiguration, org.springframework.boot.test.autoconfigure.web.servlet.MockMvcAutoConfiguration, org.springframework.boot.autoconfigure.security.oauth2.client.servlet.OAuth2ClientAutoConfiguration, org.springframework.boot.autoconfigure.security.servlet.SecurityAutoConfiguration, org.springframework.boot.autoconfigure.security.servlet.SecurityFilterAutoConfiguration, org.springframework.boot.autoconfigure.security.servlet.UserDetailsServiceAutoConfiguration, org.springframework.boot.autoconfigure.security.oauth2.resource.servlet.OAuth2ResourceServerAutoConfiguration, org.springframework.boot.test.autoconfigure.web.servlet.MockMvcSecurityConfiguration, org.springframework.boot.test.autoconfigure.web.servlet.MockMvcWebClientAutoConfiguration, org.springframework.boot.test.autoconfigure.web.reactive.WebTestClientAutoConfiguration]], org.springframework.boot.test.context.filter.ExcludeFilterContextCustomizer@44be0077, org.springframework.boot.test.json.DuplicateJsonObjectContextCustomizerFactory$DuplicateJsonObjectContextCustomizer@6aa8e115, org.springframework.boot.test.mock.mockito.MockitoContextCustomizer@0, org.springframework.boot.test.web.client.TestRestTemplateContextCustomizer@2570851e, org.springframework.boot.test.web.reactor.netty.DisableReactorResourceFactoryGlobalResourcesContextCustomizerFactory$DisableReactorResourceFactoryGlobalResourcesContextCustomizerCustomizer@1c39680d, org.springframework.boot.test.autoconfigure.OnFailureConditionReportContextCustomizerFactory$OnFailureConditionReportContextCustomizer@a37aefe, org.springframework.boot.test.autoconfigure.actuate.observability.ObservabilityContextCustomizerFactory$DisableObservabilityContextCustomizer@1f, org.springframework.boot.test.autoconfigure.properties.PropertyMappingContextCustomizer@4b3fa0b3, org.springframework.boot.test.autoconfigure.web.servlet.WebDriverContextCustomizer@5be49b60, org.springframework.boot.test.context.SpringBootTestAnnotation@9f8dd146], resourceBasePath = "src/main/webapp", contextLoader = org.springframework.boot.test.context.SpringBootContextLoader, parent = null]
	at org.springframework.test.context.cache.DefaultCacheAwareContextLoaderDelegate.loadContext(DefaultCacheAwareContextLoaderDelegate.java:180) ~[spring-test-6.1.14.jar:6.1.14]
	at org.springframework.test.context.support.DefaultTestContext.getApplicationContext(DefaultTestContext.java:130) ~[spring-test-6.1.14.jar:6.1.14]
	at org.springframework.test.context.web.ServletTestExecutionListener.setUpRequestContextIfNecessary(ServletTestExecutionListener.java:191) ~[spring-test-6.1.14.jar:6.1.14]
	at org.springframework.test.context.web.ServletTestExecutionListener.prepareTestInstance(ServletTestExecutionListener.java:130) ~[spring-test-6.1.14.jar:6.1.14]
	at org.springframework.test.context.TestContextManager.prepareTestInstance(TestContextManager.java:260) ~[spring-test-6.1.14.jar:6.1.14]
	at org.springframework.test.context.junit.jupiter.SpringExtension.postProcessTestInstance(SpringExtension.java:163) ~[spring-test-6.1.14.jar:6.1.14]
	at org.junit.jupiter.engine.descriptor.ClassBasedTestDescriptor.lambda$invokeTestInstancePostProcessors$10(ClassBasedTestDescriptor.java:378) ~[junit-jupiter-engine-5.10.5.jar:5.10.5]
	at org.junit.jupiter.engine.descriptor.ClassBasedTestDescriptor.executeAndMaskThrowable(ClassBasedTestDescriptor.java:383) ~[junit-jupiter-engine-5.10.5.jar:5.10.5]
	at org.junit.jupiter.engine.descriptor.ClassBasedTestDescriptor.lambda$invokeTestInstancePostProcessors$11(ClassBasedTestDescriptor.java:378) ~[junit-jupiter-engine-5.10.5.jar:5.10.5]
    org.springframework
.boot.autoconfigure.con
text.LifecycleAutoConfi
guration

    org.springframework
.boot.autoconfigure.ava
ilability.ApplicationAv
ailabilityAutoConfigura
tion

    org.springframework
.boot.autoconfigure.inf
o.ProjectInfoAutoConfig
uration



	at java.base/java.util.stream.ReferencePipeline$3$1.accept(ReferencePipeline.java:214) ~[na:na]
	at java.base/java.util.stream.ReferencePipeline$2$1.accept(ReferencePipeline.java:197) ~[na:na]
	at java.base/java.util.ArrayList$ArrayListSpliterator.forEachRemaining(ArrayList.java:1716) ~[na:na]
	at java.base/java.util.stream.AbstractPipeline.copyInto(AbstractPipeline.java:570) ~[na:na]
	at java.base/java.util.stream.AbstractPipeline.wrapAndCopyInto(AbstractPipeline.java:560) ~[na:na]
	at java.base/java.util.stream.StreamSpliterators$WrappingSpliterator.forEachRemaining(StreamSpliterators.java:315) ~[na:na]
	at java.base/java.util.stream.Streams$ConcatSpliterator.forEachRemaining(Streams.java:735) ~[na:na]
	at java.base/java.util.stream.Streams$ConcatSpliterator.forEachRemaining(Streams.java:734) ~[na:na]
	at java.base/java.util.stream.ReferencePipeline$Head.forEach(ReferencePipeline.java:803) ~[na:na]
	at org.junit.jupiter.engine.descriptor.ClassBasedTestDescriptor.invokeTestInstancePostProcessors(ClassBasedTestDescriptor.java:377) ~[junit-jupiter-engine-5.10.5.jar:5.10.5]
	at org.junit.jupiter.engine.descriptor.ClassBasedTestDescriptor.lambda$instantiateAndPostProcessTestInstance$6(ClassBasedTestDescriptor.java:290) ~[junit-jupiter-engine-5.10.5.jar:5.10.5]
	at org.junit.platform.engine.support.hierarchical.ThrowableCollector.execute(ThrowableCollector.java:73) ~[junit-platform-engine-1.10.5.jar:1.10.5]
	at org.junit.jupiter.engine.descriptor.ClassBasedTestDescriptor.instantiateAndPostProcessTestInstance(ClassBasedTestDescriptor.java:289) ~[junit-jupiter-engine-5.10.5.jar:5.10.5]
	at org.junit.jupiter.engine.descriptor.ClassBasedTestDescriptor.lambda$testInstancesProvider$4(ClassBasedTestDescriptor.java:279) ~[junit-jupiter-engine-5.10.5.jar:5.10.5]
	at java.base/java.util.Optional.orElseGet(Optional.java:364) ~[na:na]
	at org.junit.jupiter.engine.descriptor.ClassBasedTestDescriptor.lambda$testInstancesProvider$5(ClassBasedTestDescriptor.java:278) ~[junit-jupiter-engine-5.10.5.jar:5.10.5]
	at org.junit.jupiter.engine.execution.TestInstancesProvider.getTestInstances(TestInstancesProvider.java:31) ~[junit-jupiter-engine-5.10.5.jar:5.10.5]
	at org.junit.jupiter.engine.descriptor.TestMethodTestDescriptor.lambda$prepare$0(TestMethodTestDescriptor.java:106) ~[junit-jupiter-engine-5.10.5.jar:5.10.5]
	at org.junit.platform.engine.support.hierarchical.ThrowableCollector.execute(ThrowableCollector.java:73) ~[junit-platform-engine-1.10.5.jar:1.10.5]
	at org.junit.jupiter.engine.descriptor.TestMethodTestDescriptor.prepare(TestMethodTestDescriptor.java:105) ~[junit-jupiter-engine-5.10.5.jar:5.10.5]
	at org.junit.jupiter.engine.descriptor.TestMethodTestDescriptor.prepare(TestMethodTestDescriptor.java:69) ~[junit-jupiter-engine-5.10.5.jar:5.10.5]
	at org.junit.platform.engine.support.hierarchical.NodeTestTask.lambda$prepare$2(NodeTestTask.java:128) ~[junit-platform-engine-1.10.5.jar:1.10.5]
	at org.junit.platform.engine.support.hierarchical.ThrowableCollector.execute(ThrowableCollector.java:73) ~[junit-platform-engine-1.10.5.jar:1.10.5]
	at org.junit.platform.engine.support.hierarchical.NodeTestTask.prepare(NodeTestTask.java:128) ~[junit-platform-engine-1.10.5.jar:1.10.5]
	at org.junit.platform.engine.support.hierarchical.NodeTestTask.execute(NodeTestTask.java:95) ~[junit-platform-engine-1.10.5.jar:1.10.5]
	at java.base/java.util.ArrayList.forEach(ArrayList.java:1604) ~[na:na]
	at org.junit.platform.engine.support.hierarchical.SameThreadHierarchicalTestExecutorService.invokeAll(SameThreadHierarchicalTestExecutorService.java:41) ~[junit-platform-engine-1.10.5.jar:1.10.5]
	at org.junit.platform.engine.support.hierarchical.NodeTestTask.lambda$executeRecursively$6(NodeTestTask.java:160) ~[junit-platform-engine-1.10.5.jar:1.10.5]
	at org.junit.platform.engine.support.hierarchical.ThrowableCollector.execute(ThrowableCollector.java:73) ~[junit-platform-engine-1.10.5.jar:1.10.5]
	at org.junit.platform.engine.support.hierarchical.NodeTestTask.lambda$executeRecursively$8(NodeTestTask.java:146) ~[junit-platform-engine-1.10.5.jar:1.10.5]
	at org.junit.platform.engine.support.hierarchical.Node.around(Node.java:137) ~[junit-platform-engine-1.10.5.jar:1.10.5]
	at org.junit.platform.engine.support.hierarchical.NodeTestTask.lambda$executeRecursively$9(NodeTestTask.java:144) ~[junit-platform-engine-1.10.5.jar:1.10.5]
	at org.junit.platform.engine.support.hierarchical.ThrowableCollector.execute(ThrowableCollector.java:73) ~[junit-platform-engine-1.10.5.jar:1.10.5]
	at org.junit.platform.engine.support.hierarchical.NodeTestTask.executeRecursively(NodeTestTask.java:143) ~[junit-platform-engine-1.10.5.jar:1.10.5]
	at org.junit.platform.engine.support.hierarchical.NodeTestTask.execute(NodeTestTask.java:100) ~[junit-platform-engine-1.10.5.jar:1.10.5]
	at java.base/java.util.ArrayList.forEach(ArrayList.java:1604) ~[na:na]
	at org.junit.platform.engine.support.hierarchical.SameThreadHierarchicalTestExecutorService.invokeAll(SameThreadHierarchicalTestExecutorService.java:41) ~[junit-platform-engine-1.10.5.jar:1.10.5]
	at org.junit.platform.engine.support.hierarchical.NodeTestTask.lambda$executeRecursively$6(NodeTestTask.java:160) ~[junit-platform-engine-1.10.5.jar:1.10.5]
	at org.junit.platform.engine.support.hierarchical.ThrowableCollector.execute(ThrowableCollector.java:73) ~[junit-platform-engine-1.10.5.jar:1.10.5]
	at org.junit.platform.engine.support.hierarchical.NodeTestTask.lambda$executeRecursively$8(NodeTestTask.java:146) ~[junit-platform-engine-1.10.5.jar:1.10.5]
	at org.junit.platform.engine.support.hierarchical.Node.around(Node.java:137) ~[junit-platform-engine-1.10.5.jar:1.10.5]
	at org.junit.platform.engine.support.hierarchical.NodeTestTask.lambda$executeRecursively$9(NodeTestTask.java:144) ~[junit-platform-engine-1.10.5.jar:1.10.5]
	at org.junit.platform.engine.support.hierarchical.ThrowableCollector.execute(ThrowableCollector.java:73) ~[junit-platform-engine-1.10.5.jar:1.10.5]
	at org.junit.platform.engine.support.hierarchical.NodeTestTask.executeRecursively(NodeTestTask.java:143) ~[junit-platform-engine-1.10.5.jar:1.10.5]
	at org.junit.platform.engine.support.hierarchical.NodeTestTask.execute(NodeTestTask.java:100) ~[junit-platform-engine-1.10.5.jar:1.10.5]
	at org.junit.platform.engine.support.hierarchical.SameThreadHierarchicalTestExecutorService.submit(SameThreadHierarchicalTestExecutorService.java:35) ~[junit-platform-engine-1.10.5.jar:1.10.5]
	at org.junit.platform.engine.support.hierarchical.HierarchicalTestExecutor.execute(HierarchicalTestExecutor.java:57) ~[junit-platform-engine-1.10.5.jar:1.10.5]
	at org.junit.platform.engine.support.hierarchical.HierarchicalTestEngine.execute(HierarchicalTestEngine.java:54) ~[junit-platform-engine-1.10.5.jar:1.10.5]
	at org.junit.platform.launcher.core.EngineExecutionOrchestrator.execute(EngineExecutionOrchestrator.java:198) ~[junit-platform-launcher-1.10.5.jar:1.10.5]
	at org.junit.platform.launcher.core.EngineExecutionOrchestrator.execute(EngineExecutionOrchestrator.java:169) ~[junit-platform-launcher-1.10.5.jar:1.10.5]
	at org.junit.platform.launcher.core.EngineExecutionOrchestrator.execute(EngineExecutionOrchestrator.java:93) ~[junit-platform-launcher-1.10.5.jar:1.10.5]
	at org.junit.platform.launcher.core.EngineExecutionOrchestrator.lambda$execute$0(EngineExecutionOrchestrator.java:58) ~[junit-platform-launcher-1.10.5.jar:1.10.5]
	at org.junit.platform.launcher.core.EngineExecutionOrchestrator.withInterceptedStreams(EngineExecutionOrchestrator.java:141) ~[junit-platform-launcher-1.10.5.jar:1.10.5]
	at org.junit.platform.launcher.core.EngineExecutionOrchestrator.execute(EngineExecutionOrchestrator.java:57) ~[junit-platform-launcher-1.10.5.jar:1.10.5]
	at org.junit.platform.launcher.core.DefaultLauncher.execute(DefaultLauncher.java:103) ~[junit-platform-launcher-1.10.5.jar:1.10.5]
	at org.junit.platform.launcher.core.DefaultLauncher.execute(DefaultLauncher.java:85) ~[junit-platform-launcher-1.10.5.jar:1.10.5]
	at org.junit.platform.launcher.core.DelegatingLauncher.execute(DelegatingLauncher.java:47) ~[junit-platform-launcher-1.10.5.jar:1.10.5]
	at org.apache.maven.surefire.junitplatform.LazyLauncher.execute(LazyLauncher.java:56) ~[surefire-junit-platform-3.2.5.jar:3.2.5]
	at org.apache.maven.surefire.junitplatform.JUnitPlatformProvider.execute(JUnitPlatformProvider.java:184) ~[surefire-junit-platform-3.2.5.jar:3.2.5]
	at org.apache.maven.surefire.junitplatform.JUnitPlatformProvider.invokeAllTests(JUnitPlatformProvider.java:148) ~[surefire-junit-platform-3.2.5.jar:3.2.5]
	at org.apache.maven.surefire.junitplatform.JUnitPlatformProvider.invoke(JUnitPlatformProvider.java:122) ~[surefire-junit-platform-3.2.5.jar:3.2.5]
	at org.apache.maven.surefire.booter.ForkedBooter.runSuitesInProcess(ForkedBooter.java:385) ~[surefire-booter-3.2.5.jar:3.2.5]
	at org.apache.maven.surefire.booter.ForkedBooter.execute(ForkedBooter.java:162) ~[surefire-booter-3.2.5.jar:3.2.5]
	at org.apache.maven.surefire.booter.ForkedBooter.run(ForkedBooter.java:507) ~[surefire-booter-3.2.5.jar:3.2.5]
	at org.apache.maven.surefire.booter.ForkedBooter.main(ForkedBooter.java:495) ~[surefire-booter-3.2.5.jar:3.2.5]
Caused by: org.springframework.beans.factory.BeanCreationException: Error creating bean with name 'entityManagerFactory' defined in class path resource [org/springframework/boot/autoconfigure/orm/jpa/HibernateJpaConfiguration.class]: Failed to initialize dependency 'dataSourceScriptDatabaseInitializer' of LoadTimeWeaverAware bean 'entityManagerFactory': Error creating bean with name 'dataSourceScriptDatabaseInitializer' defined in class path resource [org/springframework/boot/autoconfigure/sql/init/DataSourceInitializationConfiguration.class]: Failed to execute SQL script statement #1 of file [C:\Users\User\SA_PROJECT\backend\target\classes\data.sql]: TRUNCATE TABLE reservations CASCADE
	at org.springframework.beans.factory.support.AbstractBeanFactory.doGetBean(AbstractBeanFactory.java:326) ~[spring-beans-6.1.14.jar:6.1.14]
	at org.springframework.beans.factory.support.AbstractBeanFactory.getBean(AbstractBeanFactory.java:205) ~[spring-beans-6.1.14.jar:6.1.14]
	at org.springframework.context.support.AbstractApplicationContext.finishBeanFactoryInitialization(AbstractApplicationContext.java:954) ~[spring-context-6.1.14.jar:6.1.14]
	at org.springframework.context.support.AbstractApplicationContext.refresh(AbstractApplicationContext.java:625) ~[spring-context-6.1.14.jar:6.1.14]
	at org.springframework.boot.SpringApplication.refresh(SpringApplication.java:754) ~[spring-boot-3.3.5.jar:3.3.5]
	at org.springframework.boot.SpringApplication.refreshContext(SpringApplication.java:456) ~[spring-boot-3.3.5.jar:3.3.5]
	at org.springframework.boot.SpringApplication.run(SpringApplication.java:335) ~[spring-boot-3.3.5.jar:3.3.5]
	at org.springframework.boot.test.context.SpringBootContextLoader.lambda$loadContext$3(SpringBootContextLoader.java:137) ~[spring-boot-test-3.3.5.jar:3.3.5]
	at org.springframework.util.function.ThrowingSupplier.get(ThrowingSupplier.java:58) ~[spring-core-6.1.14.jar:6.1.14]
	at org.springframework.util.function.ThrowingSupplier.get(ThrowingSupplier.java:46) ~[spring-core-6.1.14.jar:6.1.14]
	at org.springframework.boot.SpringApplication.withHook(SpringApplication.java:1463) ~[spring-boot-3.3.5.jar:3.3.5]
	at org.springframework.boot.test.context.SpringBootContextLoader$ContextLoaderHook.run(SpringBootContextLoader.java:553) ~[spring-boot-test-3.3.5.jar:3.3.5]
	at org.springframework.boot.test.context.SpringBootContextLoader.loadContext(SpringBootContextLoader.java:137) ~[spring-boot-test-3.3.5.jar:3.3.5]
	at org.springframework.boot.test.context.SpringBootContextLoader.loadContext(SpringBootContextLoader.java:108) ~[spring-boot-test-3.3.5.jar:3.3.5]
	at org.springframework.test.context.cache.DefaultCacheAwareContextLoaderDelegate.loadContextInternal(DefaultCacheAwareContextLoaderDelegate.java:225) ~[spring-test-6.1.14.jar:6.1.14]
	at org.springframework.test.context.cache.DefaultCacheAwareContextLoaderDelegate.loadContext(DefaultCacheAwareContextLoaderDelegate.java:152) ~[spring-test-6.1.14.jar:6.1.14]
	... 73 common frames omitted
Caused by: org.springframework.beans.factory.BeanCreationException: Error creating bean with name 'dataSourceScriptDatabaseInitializer' defined in class path resource [org/springframework/boot/autoconfigure/sql/init/DataSourceInitializationConfiguration.class]: Failed to execute SQL script statement #1 of file [C:\Users\User\SA_PROJECT\backend\target\classes\data.sql]: TRUNCATE TABLE reservations CASCADE
	at org.springframework.beans.factory.support.AbstractAutowireCapableBeanFactory.initializeBean(AbstractAutowireCapableBeanFactory.java:1806) ~[spring-beans-6.1.14.jar:6.1.14]
	at org.springframework.beans.factory.support.AbstractAutowireCapableBeanFactory.doCreateBean(AbstractAutowireCapableBeanFactory.java:600) ~[spring-beans-6.1.14.jar:6.1.14]
	at org.springframework.beans.factory.support.AbstractAutowireCapableBeanFactory.createBean(AbstractAutowireCapableBeanFactory.java:522) ~[spring-beans-6.1.14.jar:6.1.14]
	at org.springframework.beans.factory.support.AbstractBeanFactory.lambda$doGetBean$0(AbstractBeanFactory.java:337) ~[spring-beans-6.1.14.jar:6.1.14]
	at org.springframework.beans.factory.support.DefaultSingletonBeanRegistry.getSingleton(DefaultSingletonBeanRegistry.java:234) ~[spring-beans-6.1.14.jar:6.1.14]
	at org.springframework.beans.factory.support.AbstractBeanFactory.doGetBean(AbstractBeanFactory.java:335) ~[spring-beans-6.1.14.jar:6.1.14]
	at org.springframework.beans.factory.support.AbstractBeanFactory.getBean(AbstractBeanFactory.java:200) ~[spring-beans-6.1.14.jar:6.1.14]
	at org.springframework.beans.factory.support.AbstractBeanFactory.doGetBean(AbstractBeanFactory.java:313) ~[spring-beans-6.1.14.jar:6.1.14]
	... 88 common frames omitted
Caused by: org.springframework.jdbc.datasource.init.ScriptStatementFailedException: Failed to execute SQL script statement #1 of file [C:\Users\User\SA_PROJECT\backend\target\classes\data.sql]: TRUNCATE TABLE reservations CASCADE
	at org.springframework.jdbc.datasource.init.ScriptUtils.executeSqlScript(ScriptUtils.java:282) ~[spring-jdbc-6.1.14.jar:6.1.14]
	at org.springframework.jdbc.datasource.init.ResourceDatabasePopulator.populate(ResourceDatabasePopulator.java:254) ~[spring-jdbc-6.1.14.jar:6.1.14]
	at org.springframework.jdbc.datasource.init.DatabasePopulatorUtils.execute(DatabasePopulatorUtils.java:54) ~[spring-jdbc-6.1.14.jar:6.1.14]
	at org.springframework.boot.jdbc.init.DataSourceScriptDatabaseInitializer.runScripts(DataSourceScriptDatabaseInitializer.java:87) ~[spring-boot-3.3.5.jar:3.3.5]
	at org.springframework.boot.sql.init.AbstractScriptDatabaseInitializer.runScripts(AbstractScriptDatabaseInitializer.java:146) ~[spring-boot-3.3.5.jar:3.3.5]
	at org.springframework.boot.sql.init.AbstractScriptDatabaseInitializer.applyScripts(AbstractScriptDatabaseInitializer.java:108) ~[spring-boot-3.3.5.jar:3.3.5]
	at org.springframework.boot.sql.init.AbstractScriptDatabaseInitializer.applyDataScripts(AbstractScriptDatabaseInitializer.java:102) ~[spring-boot-3.3.5.jar:3.3.5]
	at org.springframework.boot.sql.init.AbstractScriptDatabaseInitializer.initializeDatabase(AbstractScriptDatabaseInitializer.java:77) ~[spring-boot-3.3.5.jar:3.3.5]
	at org.springframework.boot.sql.init.AbstractScriptDatabaseInitializer.afterPropertiesSet(AbstractScriptDatabaseInitializer.java:66) ~[spring-boot-3.3.5.jar:3.3.5]
	at org.springframework.beans.factory.support.AbstractAutowireCapableBeanFactory.invokeInitMethods(AbstractAutowireCapableBeanFactory.java:1853) ~[spring-beans-6.1.14.jar:6.1.14]
	at org.springframework.beans.factory.support.AbstractAutowireCapableBeanFactory.initializeBean(AbstractAutowireCapableBeanFactory.java:1802) ~[spring-beans-6.1.14.jar:6.1.14]
	... 95 common frames omitted
Caused by: org.h2.jdbc.JdbcSQLSyntaxErrorException: Table "RESERVATIONS" not found (this database is empty); SQL statement:
TRUNCATE TABLE reservations CASCADE [42104-224]
	at org.h2.message.DbException.getJdbcSQLException(DbException.java:514) ~[h2-2.2.224.jar:2.2.224]
	at org.h2.message.DbException.getJdbcSQLException(DbException.java:489) ~[h2-2.2.224.jar:2.2.224]
	at org.h2.message.DbException.get(DbException.java:223) ~[h2-2.2.224.jar:2.2.224]
	at org.h2.message.DbException.get(DbException.java:199) ~[h2-2.2.224.jar:2.2.224]
	at org.h2.command.Parser.getTableOrViewNotFoundDbException(Parser.java:8051) ~[h2-2.2.224.jar:2.2.224]
	at org.h2.command.Parser.getTableOrViewNotFoundDbException(Parser.java:8035) ~[h2-2.2.224.jar:2.2.224]
	at org.h2.command.Parser.readTableOrView(Parser.java:8024) ~[h2-2.2.224.jar:2.2.224]
	at org.h2.command.Parser.readTableOrView(Parser.java:7990) ~[h2-2.2.224.jar:2.2.224]
	at org.h2.command.Parser.parseTruncate(Parser.java:2018) ~[h2-2.2.224.jar:2.2.224]
	at org.h2.command.Parser.parsePrepared(Parser.java:760) ~[h2-2.2.224.jar:2.2.224]
	at org.h2.command.Parser.parse(Parser.java:592) ~[h2-2.2.224.jar:2.2.224]
	at org.h2.command.Parser.parse(Parser.java:564) ~[h2-2.2.224.jar:2.2.224]
	at org.h2.command.Parser.prepareCommand(Parser.java:483) ~[h2-2.2.224.jar:2.2.224]
	at org.h2.engine.SessionLocal.prepareLocal(SessionLocal.java:639) ~[h2-2.2.224.jar:2.2.224]
	at org.h2.engine.SessionLocal.prepareCommand(SessionLocal.java:559) ~[h2-2.2.224.jar:2.2.224]
	at org.h2.jdbc.JdbcConnection.prepareCommand(JdbcConnection.java:1166) ~[h2-2.2.224.jar:2.2.224]
	at org.h2.jdbc.JdbcStatement.executeInternal(JdbcStatement.java:245) ~[h2-2.2.224.jar:2.2.224]
	at org.h2.jdbc.JdbcStatement.execute(JdbcStatement.java:231) ~[h2-2.2.224.jar:2.2.224]
	at com.zaxxer.hikari.pool.ProxyStatement.execute(ProxyStatement.java:94) ~[HikariCP-5.1.0.jar:na]
	at com.zaxxer.hikari.pool.HikariProxyStatement.execute(HikariProxyStatement.java) ~[HikariCP-5.1.0.jar:na]
	at org.springframework.jdbc.datasource.init.ScriptUtils.executeSqlScript(ScriptUtils.java:261) ~[spring-jdbc-6.1.14.jar:6.1.14]
	... 105 common frames omitted

2026-03-02T12:39:51.844+05:30  WARN 6540 --- [           main] o.s.test.context.TestContextManager      : Caught exception while allowing TestExecutionListener [org.springframework.test.context.web.ServletTestExecutionListener] to prepare test instance [com.bookfair.controller.AuthControllerTest@493ed8e6]

java.lang.IllegalStateException: ApplicationContext failure threshold (1) exceeded: skipping repeated attempt to load context for [WebMergedContextConfiguration@29becf8b testClass = com.bookfair.controller.AuthControllerTest, locations = [], classes = [com.bookfair.BookfairApplication], contextInitializerClasses = [], activeProfiles = [], propertySourceDescriptors = [], propertySourceProperties = ["org.springframework.boot.test.context.SpringBootTestContextBootstrapper=true"], contextCustomizers = [[ImportsContextCustomizer@628b1538 key = [org.springframework.boot.test.autoconfigure.web.servlet.MockMvcWebDriverAutoConfiguration, org.springframework.boot.test.autoconfigure.web.servlet.MockMvcAutoConfiguration, org.springframework.boot.autoconfigure.security.oauth2.client.servlet.OAuth2ClientAutoConfiguration, org.springframework.boot.autoconfigure.security.servlet.SecurityAutoConfiguration, org.springframework.boot.autoconfigure.security.servlet.SecurityFilterAutoConfiguration, org.springframework.boot.autoconfigure.security.servlet.UserDetailsServiceAutoConfiguration, org.springframework.boot.autoconfigure.security.oauth2.resource.servlet.OAuth2ResourceServerAutoConfiguration, org.springframework.boot.test.autoconfigure.web.servlet.MockMvcSecurityConfiguration, org.springframework.boot.test.autoconfigure.web.servlet.MockMvcWebClientAutoConfiguration, org.springframework.boot.test.autoconfigure.web.reactive.WebTestClientAutoConfiguration]], org.springframework.boot.test.context.filter.ExcludeFilterContextCustomizer@44be0077, org.springframework.boot.test.json.DuplicateJsonObjectContextCustomizerFactory$DuplicateJsonObjectContextCustomizer@6aa8e115, org.springframework.boot.test.mock.mockito.MockitoContextCustomizer@0, org.springframework.boot.test.web.client.TestRestTemplateContextCustomizer@2570851e, org.springframework.boot.test.web.reactor.netty.DisableReactorResourceFactoryGlobalResourcesContextCustomizerFactory$DisableReactorResourceFactoryGlobalResourcesContextCustomizerCustomizer@1c39680d, org.springframework.boot.test.autoconfigure.OnFailureConditionReportContextCustomizerFactory$OnFailureConditionReportContextCustomizer@a37aefe, org.springframework.boot.test.autoconfigure.actuate.observability.ObservabilityContextCustomizerFactory$DisableObservabilityContextCustomizer@1f, org.springframework.boot.test.autoconfigure.properties.PropertyMappingContextCustomizer@4b3fa0b3, org.springframework.boot.test.autoconfigure.web.servlet.WebDriverContextCustomizer@5be49b60, org.springframework.boot.test.context.SpringBootTestAnnotation@9f8dd146], resourceBasePath = "src/main/webapp", contextLoader = org.springframework.boot.test.context.SpringBootContextLoader, parent = null]
	at org.springframework.test.context.cache.DefaultCacheAwareContextLoaderDelegate.loadContext(DefaultCacheAwareContextLoaderDelegate.java:145) ~[spring-test-6.1.14.jar:6.1.14]
	at org.springframework.test.context.support.DefaultTestContext.getApplicationContext(DefaultTestContext.java:130) ~[spring-test-6.1.14.jar:6.1.14]
	at org.springframework.test.context.web.ServletTestExecutionListener.setUpRequestContextIfNecessary(ServletTestExecutionListener.java:191) ~[spring-test-6.1.14.jar:6.1.14]
	at org.springframework.test.context.web.ServletTestExecutionListener.prepareTestInstance(ServletTestExecutionListener.java:130) ~[spring-test-6.1.14.jar:6.1.14]
	at org.springframework.test.context.TestContextManager.prepareTestInstance(TestContextManager.java:260) ~[spring-test-6.1.14.jar:6.1.14]
	at org.springframework.test.context.junit.jupiter.SpringExtension.postProcessTestInstance(SpringExtension.java:163) ~[spring-test-6.1.14.jar:6.1.14]
	at org.junit.jupiter.engine.descriptor.ClassBasedTestDescriptor.lambda$invokeTestInstancePostProcessors$10(ClassBasedTestDescriptor.java:378) ~[junit-jupiter-engine-5.10.5.jar:5.10.5]
	at org.junit.jupiter.engine.descriptor.ClassBasedTestDescriptor.executeAndMaskThrowable(ClassBasedTestDescriptor.java:383) ~[junit-jupiter-engine-5.10.5.jar:5.10.5]
	at org.junit.jupiter.engine.descriptor.ClassBasedTestDescriptor.lambda$invokeTestInstancePostProcessors$11(ClassBasedTestDescriptor.java:378) ~[junit-jupiter-engine-5.10.5.jar:5.10.5]
	at java.base/java.util.stream.ReferencePipeline$3$1.accept(ReferencePipeline.java:214) ~[na:na]
	at java.base/java.util.stream.ReferencePipeline$2$1.accept(ReferencePipeline.java:197) ~[na:na]
	at java.base/java.util.ArrayList$ArrayListSpliterator.forEachRemaining(ArrayList.java:1716) ~[na:na]
	at java.base/java.util.stream.AbstractPipeline.copyInto(AbstractPipeline.java:570) ~[na:na]
	at java.base/java.util.stream.AbstractPipeline.wrapAndCopyInto(AbstractPipeline.java:560) ~[na:na]
	at java.base/java.util.stream.StreamSpliterators$WrappingSpliterator.forEachRemaining(StreamSpliterators.java:315) ~[na:na]
	at java.base/java.util.stream.Streams$ConcatSpliterator.forEachRemaining(Streams.java:735) ~[na:na]
	at java.base/java.util.stream.Streams$ConcatSpliterator.forEachRemaining(Streams.java:734) ~[na:na]
	at java.base/java.util.stream.ReferencePipeline$Head.forEach(ReferencePipeline.java:803) ~[na:na]
	at org.junit.jupiter.engine.descriptor.ClassBasedTestDescriptor.invokeTestInstancePostProcessors(ClassBasedTestDescriptor.java:377) ~[junit-jupiter-engine-5.10.5.jar:5.10.5]
	at org.junit.jupiter.engine.descriptor.ClassBasedTestDescriptor.lambda$instantiateAndPostProcessTestInstance$6(ClassBasedTestDescriptor.java:290) ~[junit-jupiter-engine-5.10.5.jar:5.10.5]
	at org.junit.platform.engine.support.hierarchical.ThrowableCollector.execute(ThrowableCollector.java:73) ~[junit-platform-engine-1.10.5.jar:1.10.5]
	at org.junit.jupiter.engine.descriptor.ClassBasedTestDescriptor.instantiateAndPostProcessTestInstance(ClassBasedTestDescriptor.java:289) ~[junit-jupiter-engine-5.10.5.jar:5.10.5]
	at org.junit.jupiter.engine.descriptor.ClassBasedTestDescriptor.lambda$testInstancesProvider$4(ClassBasedTestDescriptor.java:279) ~[junit-jupiter-engine-5.10.5.jar:5.10.5]
	at java.base/java.util.Optional.orElseGet(Optional.java:364) ~[na:na]
	at org.junit.jupiter.engine.descriptor.ClassBasedTestDescriptor.lambda$testInstancesProvider$5(ClassBasedTestDescriptor.java:278) ~[junit-jupiter-engine-5.10.5.jar:5.10.5]
	at org.junit.jupiter.engine.execution.TestInstancesProvider.getTestInstances(TestInstancesProvider.java:31) ~[junit-jupiter-engine-5.10.5.jar:5.10.5]
	at org.junit.jupiter.engine.descriptor.TestMethodTestDescriptor.lambda$prepare$0(TestMethodTestDescriptor.java:106) ~[junit-jupiter-engine-5.10.5.jar:5.10.5]
	at org.junit.platform.engine.support.hierarchical.ThrowableCollector.execute(ThrowableCollector.java:73) ~[junit-platform-engine-1.10.5.jar:1.10.5]
	at org.junit.jupiter.engine.descriptor.TestMethodTestDescriptor.prepare(TestMethodTestDescriptor.java:105) ~[junit-jupiter-engine-5.10.5.jar:5.10.5]
	at org.junit.jupiter.engine.descriptor.TestMethodTestDescriptor.prepare(TestMethodTestDescriptor.java:69) ~[junit-jupiter-engine-5.10.5.jar:5.10.5]
	at org.junit.platform.engine.support.hierarchical.NodeTestTask.lambda$prepare$2(NodeTestTask.java:128) ~[junit-platform-engine-1.10.5.jar:1.10.5]
	at org.junit.platform.engine.support.hierarchical.ThrowableCollector.execute(ThrowableCollector.java:73) ~[junit-platform-engine-1.10.5.jar:1.10.5]
	at org.junit.platform.engine.support.hierarchical.NodeTestTask.prepare(NodeTestTask.java:128) ~[junit-platform-engine-1.10.5.jar:1.10.5]
	at org.junit.platform.engine.support.hierarchical.NodeTestTask.execute(NodeTestTask.java:95) ~[junit-platform-engine-1.10.5.jar:1.10.5]
	at java.base/java.util.ArrayList.forEach(ArrayList.java:1604) ~[na:na]
	at org.junit.platform.engine.support.hierarchical.SameThreadHierarchicalTestExecutorService.invokeAll(SameThreadHierarchicalTestExecutorService.java:41) ~[junit-platform-engine-1.10.5.jar:1.10.5]
	at org.junit.platform.engine.support.hierarchical.NodeTestTask.lambda$executeRecursively$6(NodeTestTask.java:160) ~[junit-platform-engine-1.10.5.jar:1.10.5]
	at org.junit.platform.engine.support.hierarchical.ThrowableCollector.execute(ThrowableCollector.java:73) ~[junit-platform-engine-1.10.5.jar:1.10.5]
	at org.junit.platform.engine.support.hierarchical.NodeTestTask.lambda$executeRecursively$8(NodeTestTask.java:146) ~[junit-platform-engine-1.10.5.jar:1.10.5]
	at org.junit.platform.engine.support.hierarchical.Node.around(Node.java:137) ~[junit-platform-engine-1.10.5.jar:1.10.5]
	at org.junit.platform.engine.support.hierarchical.NodeTestTask.lambda$executeRecursively$9(NodeTestTask.java:144) ~[junit-platform-engine-1.10.5.jar:1.10.5]
	at org.junit.platform.engine.support.hierarchical.ThrowableCollector.execute(ThrowableCollector.java:73) ~[junit-platform-engine-1.10.5.jar:1.10.5]
	at org.junit.platform.engine.support.hierarchical.NodeTestTask.executeRecursively(NodeTestTask.java:143) ~[junit-platform-engine-1.10.5.jar:1.10.5]
	at org.junit.platform.engine.support.hierarchical.NodeTestTask.execute(NodeTestTask.java:100) ~[junit-platform-engine-1.10.5.jar:1.10.5]
	at java.base/java.util.ArrayList.forEach(ArrayList.java:1604) ~[na:na]
	at org.junit.platform.engine.support.hierarchical.SameThreadHierarchicalTestExecutorService.invokeAll(SameThreadHierarchicalTestExecutorService.java:41) ~[junit-platform-engine-1.10.5.jar:1.10.5]
	at org.junit.platform.engine.support.hierarchical.NodeTestTask.lambda$executeRecursively$6(NodeTestTask.java:160) ~[junit-platform-engine-1.10.5.jar:1.10.5]
	at org.junit.platform.engine.support.hierarchical.ThrowableCollector.execute(ThrowableCollector.java:73) ~[junit-platform-engine-1.10.5.jar:1.10.5]
	at org.junit.platform.engine.support.hierarchical.NodeTestTask.lambda$executeRecursively$8(NodeTestTask.java:146) ~[junit-platform-engine-1.10.5.jar:1.10.5]
	at org.junit.platform.engine.support.hierarchical.Node.around(Node.java:137) ~[junit-platform-engine-1.10.5.jar:1.10.5]
	at org.junit.platform.engine.support.hierarchical.NodeTestTask.lambda$executeRecursively$9(NodeTestTask.java:144) ~[junit-platform-engine-1.10.5.jar:1.10.5]
	at org.junit.platform.engine.support.hierarchical.ThrowableCollector.execute(ThrowableCollector.java:73) ~[junit-platform-engine-1.10.5.jar:1.10.5]
	at org.junit.platform.engine.support.hierarchical.NodeTestTask.executeRecursively(NodeTestTask.java:143) ~[junit-platform-engine-1.10.5.jar:1.10.5]
	at org.junit.platform.engine.support.hierarchical.NodeTestTask.execute(NodeTestTask.java:100) ~[junit-platform-engine-1.10.5.jar:1.10.5]
	at org.junit.platform.engine.support.hierarchical.SameThreadHierarchicalTestExecutorService.submit(SameThreadHierarchicalTestExecutorService.java:35) ~[junit-platform-engine-1.10.5.jar:1.10.5]
	at org.junit.platform.engine.support.hierarchical.HierarchicalTestExecutor.execute(HierarchicalTestExecutor.java:57) ~[junit-platform-engine-1.10.5.jar:1.10.5]
	at org.junit.platform.engine.support.hierarchical.HierarchicalTestEngine.execute(HierarchicalTestEngine.java:54) ~[junit-platform-engine-1.10.5.jar:1.10.5]
	at org.junit.platform.launcher.core.EngineExecutionOrchestrator.execute(EngineExecutionOrchestrator.java:198) ~[junit-platform-launcher-1.10.5.jar:1.10.5]
	at org.junit.platform.launcher.core.EngineExecutionOrchestrator.execute(EngineExecutionOrchestrator.java:169) ~[junit-platform-launcher-1.10.5.jar:1.10.5]
	at org.junit.platform.launcher.core.EngineExecutionOrchestrator.execute(EngineExecutionOrchestrator.java:93) ~[junit-platform-launcher-1.10.5.jar:1.10.5]
	at org.junit.platform.launcher.core.EngineExecutionOrchestrator.lambda$execute$0(EngineExecutionOrchestrator.java:58) ~[junit-platform-launcher-1.10.5.jar:1.10.5]
	at org.junit.platform.launcher.core.EngineExecutionOrchestrator.withInterceptedStreams(EngineExecutionOrchestrator.java:141) ~[junit-platform-launcher-1.10.5.jar:1.10.5]
	at org.junit.platform.launcher.core.EngineExecutionOrchestrator.execute(EngineExecutionOrchestrator.java:57) ~[junit-platform-launcher-1.10.5.jar:1.10.5]
	at org.junit.platform.launcher.core.DefaultLauncher.execute(DefaultLauncher.java:103) ~[junit-platform-launcher-1.10.5.jar:1.10.5]
	at org.junit.platform.launcher.core.DefaultLauncher.execute(DefaultLauncher.java:85) ~[junit-platform-launcher-1.10.5.jar:1.10.5]
	at org.junit.platform.launcher.core.DelegatingLauncher.execute(DelegatingLauncher.java:47) ~[junit-platform-launcher-1.10.5.jar:1.10.5]
	at org.apache.maven.surefire.junitplatform.LazyLauncher.execute(LazyLauncher.java:56) ~[surefire-junit-platform-3.2.5.jar:3.2.5]
	at org.apache.maven.surefire.junitplatform.JUnitPlatformProvider.execute(JUnitPlatformProvider.java:184) ~[surefire-junit-platform-3.2.5.jar:3.2.5]
	at org.apache.maven.surefire.junitplatform.JUnitPlatformProvider.invokeAllTests(JUnitPlatformProvider.java:148) ~[surefire-junit-platform-3.2.5.jar:3.2.5]
	at org.apache.maven.surefire.junitplatform.JUnitPlatformProvider.invoke(JUnitPlatformProvider.java:122) ~[surefire-junit-platform-3.2.5.jar:3.2.5]
	at org.apache.maven.surefire.booter.ForkedBooter.runSuitesInProcess(ForkedBooter.java:385) ~[surefire-booter-3.2.5.jar:3.2.5]
	at org.apache.maven.surefire.booter.ForkedBooter.execute(ForkedBooter.java:162) ~[surefire-booter-3.2.5.jar:3.2.5]
	at org.apache.maven.surefire.booter.ForkedBooter.run(ForkedBooter.java:507) ~[surefire-booter-3.2.5.jar:3.2.5]
	at org.apache.maven.surefire.booter.ForkedBooter.main(ForkedBooter.java:495) ~[surefire-booter-3.2.5.jar:3.2.5]

2026-03-02T12:39:51.848+05:30  WARN 6540 --- [           main] o.s.test.context.TestContextManager      : Caught exception while allowing TestExecutionListener [org.springframework.test.context.web.ServletTestExecutionListener] to prepare test instance [com.bookfair.controller.AuthControllerTest@4dcc0e3d]

java.lang.IllegalStateException: ApplicationContext failure threshold (1) exceeded: skipping repeated attempt to load context for [WebMergedContextConfiguration@29becf8b testClass = com.bookfair.controller.AuthControllerTest, locations = [], classes = [com.bookfair.BookfairApplication], contextInitializerClasses = [], activeProfiles = [], propertySourceDescriptors = [], propertySourceProperties = ["org.springframework.boot.test.context.SpringBootTestContextBootstrapper=true"], contextCustomizers = [[ImportsContextCustomizer@628b1538 key = [org.springframework.boot.test.autoconfigure.web.servlet.MockMvcWebDriverAutoConfiguration, org.springframework.boot.test.autoconfigure.web.servlet.MockMvcAutoConfiguration, org.springframework.boot.autoconfigure.security.oauth2.client.servlet.OAuth2ClientAutoConfiguration, org.springframework.boot.autoconfigure.security.servlet.SecurityAutoConfiguration, org.springframework.boot.autoconfigure.security.servlet.SecurityFilterAutoConfiguration, org.springframework.boot.autoconfigure.security.servlet.UserDetailsServiceAutoConfiguration, org.springframework.boot.autoconfigure.security.oauth2.resource.servlet.OAuth2ResourceServerAutoConfiguration, org.springframework.boot.test.autoconfigure.web.servlet.MockMvcSecurityConfiguration, org.springframework.boot.test.autoconfigure.web.servlet.MockMvcWebClientAutoConfiguration, org.springframework.boot.test.autoconfigure.web.reactive.WebTestClientAutoConfiguration]], org.springframework.boot.test.context.filter.ExcludeFilterContextCustomizer@44be0077, org.springframework.boot.test.json.DuplicateJsonObjectContextCustomizerFactory$DuplicateJsonObjectContextCustomizer@6aa8e115, org.springframework.boot.test.mock.mockito.MockitoContextCustomizer@0, org.springframework.boot.test.web.client.TestRestTemplateContextCustomizer@2570851e, org.springframework.boot.test.web.reactor.netty.DisableReactorResourceFactoryGlobalResourcesContextCustomizerFactory$DisableReactorResourceFactoryGlobalResourcesContextCustomizerCustomizer@1c39680d, org.springframework.boot.test.autoconfigure.OnFailureConditionReportContextCustomizerFactory$OnFailureConditionReportContextCustomizer@a37aefe, org.springframework.boot.test.autoconfigure.actuate.observability.ObservabilityContextCustomizerFactory$DisableObservabilityContextCustomizer@1f, org.springframework.boot.test.autoconfigure.properties.PropertyMappingContextCustomizer@4b3fa0b3, org.springframework.boot.test.autoconfigure.web.servlet.WebDriverContextCustomizer@5be49b60, org.springframework.boot.test.context.SpringBootTestAnnotation@9f8dd146], resourceBasePath = "src/main/webapp", contextLoader = org.springframework.boot.test.context.SpringBootContextLoader, parent = null]
	at org.springframework.test.context.cache.DefaultCacheAwareContextLoaderDelegate.loadContext(DefaultCacheAwareContextLoaderDelegate.java:145) ~[spring-test-6.1.14.jar:6.1.14]
	at org.springframework.test.context.support.DefaultTestContext.getApplicationContext(DefaultTestContext.java:130) ~[spring-test-6.1.14.jar:6.1.14]
	at org.springframework.test.context.web.ServletTestExecutionListener.setUpRequestContextIfNecessary(ServletTestExecutionListener.java:191) ~[spring-test-6.1.14.jar:6.1.14]
	at org.springframework.test.context.web.ServletTestExecutionListener.prepareTestInstance(ServletTestExecutionListener.java:130) ~[spring-test-6.1.14.jar:6.1.14]
	at org.springframework.test.context.TestContextManager.prepareTestInstance(TestContextManager.java:260) ~[spring-test-6.1.14.jar:6.1.14]
	at org.springframework.test.context.junit.jupiter.SpringExtension.postProcessTestInstance(SpringExtension.java:163) ~[spring-test-6.1.14.jar:6.1.14]
	at org.junit.jupiter.engine.descriptor.ClassBasedTestDescriptor.lambda$invokeTestInstancePostProcessors$10(ClassBasedTestDescriptor.java:378) ~[junit-jupiter-engine-5.10.5.jar:5.10.5]
	at org.junit.jupiter.engine.descriptor.ClassBasedTestDescriptor.executeAndMaskThrowable(ClassBasedTestDescriptor.java:383) ~[junit-jupiter-engine-5.10.5.jar:5.10.5]
	at org.junit.jupiter.engine.descriptor.ClassBasedTestDescriptor.lambda$invokeTestInstancePostProcessors$11(ClassBasedTestDescriptor.java:378) ~[junit-jupiter-engine-5.10.5.jar:5.10.5]
	at java.base/java.util.stream.ReferencePipeline$3$1.accept(ReferencePipeline.java:214) ~[na:na]
	at java.base/java.util.stream.ReferencePipeline$2$1.accept(ReferencePipeline.java:197) ~[na:na]
	at java.base/java.util.ArrayList$ArrayListSpliterator.forEachRemaining(ArrayList.java:1716) ~[na:na]
	at java.base/java.util.stream.AbstractPipeline.copyInto(AbstractPipeline.java:570) ~[na:na]
	at java.base/java.util.stream.AbstractPipeline.wrapAndCopyInto(AbstractPipeline.java:560) ~[na:na]
	at java.base/java.util.stream.StreamSpliterators$WrappingSpliterator.forEachRemaining(StreamSpliterators.java:315) ~[na:na]
	at java.base/java.util.stream.Streams$ConcatSpliterator.forEachRemaining(Streams.java:735) ~[na:na]
	at java.base/java.util.stream.Streams$ConcatSpliterator.forEachRemaining(Streams.java:734) ~[na:na]
	at java.base/java.util.stream.ReferencePipeline$Head.forEach(ReferencePipeline.java:803) ~[na:na]
	at org.junit.jupiter.engine.descriptor.ClassBasedTestDescriptor.invokeTestInstancePostProcessors(ClassBasedTestDescriptor.java:377) ~[junit-jupiter-engine-5.10.5.jar:5.10.5]
	at org.junit.jupiter.engine.descriptor.ClassBasedTestDescriptor.lambda$instantiateAndPostProcessTestInstance$6(ClassBasedTestDescriptor.java:290) ~[junit-jupiter-engine-5.10.5.jar:5.10.5]
	at org.junit.platform.engine.support.hierarchical.ThrowableCollector.execute(ThrowableCollector.java:73) ~[junit-platform-engine-1.10.5.jar:1.10.5]
	at org.junit.jupiter.engine.descriptor.ClassBasedTestDescriptor.instantiateAndPostProcessTestInstance(ClassBasedTestDescriptor.java:289) ~[junit-jupiter-engine-5.10.5.jar:5.10.5]
	at org.junit.jupiter.engine.descriptor.ClassBasedTestDescriptor.lambda$testInstancesProvider$4(ClassBasedTestDescriptor.java:279) ~[junit-jupiter-engine-5.10.5.jar:5.10.5]
	at java.base/java.util.Optional.orElseGet(Optional.java:364) ~[na:na]
	at org.junit.jupiter.engine.descriptor.ClassBasedTestDescriptor.lambda$testInstancesProvider$5(ClassBasedTestDescriptor.java:278) ~[junit-jupiter-engine-5.10.5.jar:5.10.5]
	at org.junit.jupiter.engine.execution.TestInstancesProvider.getTestInstances(TestInstancesProvider.java:31) ~[junit-jupiter-engine-5.10.5.jar:5.10.5]
	at org.junit.jupiter.engine.descriptor.TestMethodTestDescriptor.lambda$prepare$0(TestMethodTestDescriptor.java:106) ~[junit-jupiter-engine-5.10.5.jar:5.10.5]
	at org.junit.platform.engine.support.hierarchical.ThrowableCollector.execute(ThrowableCollector.java:73) ~[junit-platform-engine-1.10.5.jar:1.10.5]
	at org.junit.jupiter.engine.descriptor.TestMethodTestDescriptor.prepare(TestMethodTestDescriptor.java:105) ~[junit-jupiter-engine-5.10.5.jar:5.10.5]
	at org.junit.jupiter.engine.descriptor.TestMethodTestDescriptor.prepare(TestMethodTestDescriptor.java:69) ~[junit-jupiter-engine-5.10.5.jar:5.10.5]
	at org.junit.platform.engine.support.hierarchical.NodeTestTask.lambda$prepare$2(NodeTestTask.java:128) ~[junit-platform-engine-1.10.5.jar:1.10.5]
	at org.junit.platform.engine.support.hierarchical.ThrowableCollector.execute(ThrowableCollector.java:73) ~[junit-platform-engine-1.10.5.jar:1.10.5]
	at org.junit.platform.engine.support.hierarchical.NodeTestTask.prepare(NodeTestTask.java:128) ~[junit-platform-engine-1.10.5.jar:1.10.5]
	at org.junit.platform.engine.support.hierarchical.NodeTestTask.execute(NodeTestTask.java:95) ~[junit-platform-engine-1.10.5.jar:1.10.5]
	at java.base/java.util.ArrayList.forEach(ArrayList.java:1604) ~[na:na]
	at org.junit.platform.engine.support.hierarchical.SameThreadHierarchicalTestExecutorService.invokeAll(SameThreadHierarchicalTestExecutorService.java:41) ~[junit-platform-engine-1.10.5.jar:1.10.5]
	at org.junit.platform.engine.support.hierarchical.NodeTestTask.lambda$executeRecursively$6(NodeTestTask.java:160) ~[junit-platform-engine-1.10.5.jar:1.10.5]
	at org.junit.platform.engine.support.hierarchical.ThrowableCollector.execute(ThrowableCollector.java:73) ~[junit-platform-engine-1.10.5.jar:1.10.5]
	at org.junit.platform.engine.support.hierarchical.NodeTestTask.lambda$executeRecursively$8(NodeTestTask.java:146) ~[junit-platform-engine-1.10.5.jar:1.10.5]
	at org.junit.platform.engine.support.hierarchical.Node.around(Node.java:137) ~[junit-platform-engine-1.10.5.jar:1.10.5]
	at org.junit.platform.engine.support.hierarchical.NodeTestTask.lambda$executeRecursively$9(NodeTestTask.java:144) ~[junit-platform-engine-1.10.5.jar:1.10.5]
	at org.junit.platform.engine.support.hierarchical.ThrowableCollector.execute(ThrowableCollector.java:73) ~[junit-platform-engine-1.10.5.jar:1.10.5]
	at org.junit.platform.engine.support.hierarchical.NodeTestTask.executeRecursively(NodeTestTask.java:143) ~[junit-platform-engine-1.10.5.jar:1.10.5]
	at org.junit.platform.engine.support.hierarchical.NodeTestTask.execute(NodeTestTask.java:100) ~[junit-platform-engine-1.10.5.jar:1.10.5]
	at java.base/java.util.ArrayList.forEach(ArrayList.java:1604) ~[na:na]
	at org.junit.platform.engine.support.hierarchical.SameThreadHierarchicalTestExecutorService.invokeAll(SameThreadHierarchicalTestExecutorService.java:41) ~[junit-platform-engine-1.10.5.jar:1.10.5]
	at org.junit.platform.engine.support.hierarchical.NodeTestTask.lambda$executeRecursively$6(NodeTestTask.java:160) ~[junit-platform-engine-1.10.5.jar:1.10.5]
	at org.junit.platform.engine.support.hierarchical.ThrowableCollector.execute(ThrowableCollector.java:73) ~[junit-platform-engine-1.10.5.jar:1.10.5]
	at org.junit.platform.engine.support.hierarchical.NodeTestTask.lambda$executeRecursively$8(NodeTestTask.java:146) ~[junit-platform-engine-1.10.5.jar:1.10.5]
	at org.junit.platform.engine.support.hierarchical.Node.around(Node.java:137) ~[junit-platform-engine-1.10.5.jar:1.10.5]
	at org.junit.platform.engine.support.hierarchical.NodeTestTask.lambda$executeRecursively$9(NodeTestTask.java:144) ~[junit-platform-engine-1.10.5.jar:1.10.5]
	at org.junit.platform.engine.support.hierarchical.ThrowableCollector.execute(ThrowableCollector.java:73) ~[junit-platform-engine-1.10.5.jar:1.10.5]
	at org.junit.platform.engine.support.hierarchical.NodeTestTask.executeRecursively(NodeTestTask.java:143) ~[junit-platform-engine-1.10.5.jar:1.10.5]
	at org.junit.platform.engine.support.hierarchical.NodeTestTask.execute(NodeTestTask.java:100) ~[junit-platform-engine-1.10.5.jar:1.10.5]
	at org.junit.platform.engine.support.hierarchical.SameThreadHierarchicalTestExecutorService.submit(SameThreadHierarchicalTestExecutorService.java:35) ~[junit-platform-engine-1.10.5.jar:1.10.5]
	at org.junit.platform.engine.support.hierarchical.HierarchicalTestExecutor.execute(HierarchicalTestExecutor.java:57) ~[junit-platform-engine-1.10.5.jar:1.10.5]
	at org.junit.platform.engine.support.hierarchical.HierarchicalTestEngine.execute(HierarchicalTestEngine.java:54) ~[junit-platform-engine-1.10.5.jar:1.10.5]
	at org.junit.platform.launcher.core.EngineExecutionOrchestrator.execute(EngineExecutionOrchestrator.java:198) ~[junit-platform-launcher-1.10.5.jar:1.10.5]
	at org.junit.platform.launcher.core.EngineExecutionOrchestrator.execute(EngineExecutionOrchestrator.java:169) ~[junit-platform-launcher-1.10.5.jar:1.10.5]
	at org.junit.platform.launcher.core.EngineExecutionOrchestrator.execute(EngineExecutionOrchestrator.java:93) ~[junit-platform-launcher-1.10.5.jar:1.10.5]
	at org.junit.platform.launcher.core.EngineExecutionOrchestrator.lambda$execute$0(EngineExecutionOrchestrator.java:58) ~[junit-platform-launcher-1.10.5.jar:1.10.5]
	at org.junit.platform.launcher.core.EngineExecutionOrchestrator.withInterceptedStreams(EngineExecutionOrchestrator.java:141) ~[junit-platform-launcher-1.10.5.jar:1.10.5]
	at org.junit.platform.launcher.core.EngineExecutionOrchestrator.execute(EngineExecutionOrchestrator.java:57) ~[junit-platform-launcher-1.10.5.jar:1.10.5]
	at org.junit.platform.launcher.core.DefaultLauncher.execute(DefaultLauncher.java:103) ~[junit-platform-launcher-1.10.5.jar:1.10.5]
	at org.junit.platform.launcher.core.DefaultLauncher.execute(DefaultLauncher.java:85) ~[junit-platform-launcher-1.10.5.jar:1.10.5]
	at org.junit.platform.launcher.core.DelegatingLauncher.execute(DelegatingLauncher.java:47) ~[junit-platform-launcher-1.10.5.jar:1.10.5]
	at org.apache.maven.surefire.junitplatform.LazyLauncher.execute(LazyLauncher.java:56) ~[surefire-junit-platform-3.2.5.jar:3.2.5]
	at org.apache.maven.surefire.junitplatform.JUnitPlatformProvider.execute(JUnitPlatformProvider.java:184) ~[surefire-junit-platform-3.2.5.jar:3.2.5]
	at org.apache.maven.surefire.junitplatform.JUnitPlatformProvider.invokeAllTests(JUnitPlatformProvider.java:148) ~[surefire-junit-platform-3.2.5.jar:3.2.5]
	at org.apache.maven.surefire.junitplatform.JUnitPlatformProvider.invoke(JUnitPlatformProvider.java:122) ~[surefire-junit-platform-3.2.5.jar:3.2.5]
	at org.apache.maven.surefire.booter.ForkedBooter.runSuitesInProcess(ForkedBooter.java:385) ~[surefire-booter-3.2.5.jar:3.2.5]
	at org.apache.maven.surefire.booter.ForkedBooter.execute(ForkedBooter.java:162) ~[surefire-booter-3.2.5.jar:3.2.5]
	at org.apache.maven.surefire.booter.ForkedBooter.run(ForkedBooter.java:507) ~[surefire-booter-3.2.5.jar:3.2.5]
	at org.apache.maven.surefire.booter.ForkedBooter.main(ForkedBooter.java:495) ~[surefire-booter-3.2.5.jar:3.2.5]

2026-03-02T12:39:51.853+05:30  WARN 6540 --- [           main] o.s.test.context.TestContextManager      : Caught exception while allowing TestExecutionListener [org.springframework.test.context.web.ServletTestExecutionListener] to prepare test instance [com.bookfair.controller.AuthControllerTest@402adc9c]

java.lang.IllegalStateException: ApplicationContext failure threshold (1) exceeded: skipping repeated attempt to load context for [WebMergedContextConfiguration@29becf8b testClass = com.bookfair.controller.AuthControllerTest, locations = [], classes = [com.bookfair.BookfairApplication], contextInitializerClasses = [], activeProfiles = [], propertySourceDescriptors = [], propertySourceProperties = ["org.springframework.boot.test.context.SpringBootTestContextBootstrapper=true"], contextCustomizers = [[ImportsContextCustomizer@628b1538 key = [org.springframework.boot.test.autoconfigure.web.servlet.MockMvcWebDriverAutoConfiguration, org.springframework.boot.test.autoconfigure.web.servlet.MockMvcAutoConfiguration, org.springframework.boot.autoconfigure.security.oauth2.client.servlet.OAuth2ClientAutoConfiguration, org.springframework.boot.autoconfigure.security.servlet.SecurityAutoConfiguration, org.springframework.boot.autoconfigure.security.servlet.SecurityFilterAutoConfiguration, org.springframework.boot.autoconfigure.security.servlet.UserDetailsServiceAutoConfiguration, org.springframework.boot.autoconfigure.security.oauth2.resource.servlet.OAuth2ResourceServerAutoConfiguration, org.springframework.boot.test.autoconfigure.web.servlet.MockMvcSecurityConfiguration, org.springframework.boot.test.autoconfigure.web.servlet.MockMvcWebClientAutoConfiguration, org.springframework.boot.test.autoconfigure.web.reactive.WebTestClientAutoConfiguration]], org.springframework.boot.test.context.filter.ExcludeFilterContextCustomizer@44be0077, org.springframework.boot.test.json.DuplicateJsonObjectContextCustomizerFactory$DuplicateJsonObjectContextCustomizer@6aa8e115, org.springframework.boot.test.mock.mockito.MockitoContextCustomizer@0, org.springframework.boot.test.web.client.TestRestTemplateContextCustomizer@2570851e, org.springframework.boot.test.web.reactor.netty.DisableReactorResourceFactoryGlobalResourcesContextCustomizerFactory$DisableReactorResourceFactoryGlobalResourcesContextCustomizerCustomizer@1c39680d, org.springframework.boot.test.autoconfigure.OnFailureConditionReportContextCustomizerFactory$OnFailureConditionReportContextCustomizer@a37aefe, org.springframework.boot.test.autoconfigure.actuate.observability.ObservabilityContextCustomizerFactory$DisableObservabilityContextCustomizer@1f, org.springframework.boot.test.autoconfigure.properties.PropertyMappingContextCustomizer@4b3fa0b3, org.springframework.boot.test.autoconfigure.web.servlet.WebDriverContextCustomizer@5be49b60, org.springframework.boot.test.context.SpringBootTestAnnotation@9f8dd146], resourceBasePath = "src/main/webapp", contextLoader = org.springframework.boot.test.context.SpringBootContextLoader, parent = null]
	at org.springframework.test.context.cache.DefaultCacheAwareContextLoaderDelegate.loadContext(DefaultCacheAwareContextLoaderDelegate.java:145) ~[spring-test-6.1.14.jar:6.1.14]
	at org.springframework.test.context.support.DefaultTestContext.getApplicationContext(DefaultTestContext.java:130) ~[spring-test-6.1.14.jar:6.1.14]
	at org.springframework.test.context.web.ServletTestExecutionListener.setUpRequestContextIfNecessary(ServletTestExecutionListener.java:191) ~[spring-test-6.1.14.jar:6.1.14]
	at org.springframework.test.context.web.ServletTestExecutionListener.prepareTestInstance(ServletTestExecutionListener.java:130) ~[spring-test-6.1.14.jar:6.1.14]
	at org.springframework.test.context.TestContextManager.prepareTestInstance(TestContextManager.java:260) ~[spring-test-6.1.14.jar:6.1.14]
	at org.springframework.test.context.junit.jupiter.SpringExtension.postProcessTestInstance(SpringExtension.java:163) ~[spring-test-6.1.14.jar:6.1.14]
	at org.junit.jupiter.engine.descriptor.ClassBasedTestDescriptor.lambda$invokeTestInstancePostProcessors$10(ClassBasedTestDescriptor.java:378) ~[junit-jupiter-engine-5.10.5.jar:5.10.5]
	at org.junit.jupiter.engine.descriptor.ClassBasedTestDescriptor.executeAndMaskThrowable(ClassBasedTestDescriptor.java:383) ~[junit-jupiter-engine-5.10.5.jar:5.10.5]
	at org.junit.jupiter.engine.descriptor.ClassBasedTestDescriptor.lambda$invokeTestInstancePostProcessors$11(ClassBasedTestDescriptor.java:378) ~[junit-jupiter-engine-5.10.5.jar:5.10.5]
	at java.base/java.util.stream.ReferencePipeline$3$1.accept(ReferencePipeline.java:214) ~[na:na]
	at java.base/java.util.stream.ReferencePipeline$2$1.accept(ReferencePipeline.java:197) ~[na:na]
	at java.base/java.util.ArrayList$ArrayListSpliterator.forEachRemaining(ArrayList.java:1716) ~[na:na]
	at java.base/java.util.stream.AbstractPipeline.copyInto(AbstractPipeline.java:570) ~[na:na]
	at java.base/java.util.stream.AbstractPipeline.wrapAndCopyInto(AbstractPipeline.java:560) ~[na:na]
	at java.base/java.util.stream.StreamSpliterators$WrappingSpliterator.forEachRemaining(StreamSpliterators.java:315) ~[na:na]
	at java.base/java.util.stream.Streams$ConcatSpliterator.forEachRemaining(Streams.java:735) ~[na:na]
	at java.base/java.util.stream.Streams$ConcatSpliterator.forEachRemaining(Streams.java:734) ~[na:na]
	at java.base/java.util.stream.ReferencePipeline$Head.forEach(ReferencePipeline.java:803) ~[na:na]
	at org.junit.jupiter.engine.descriptor.ClassBasedTestDescriptor.invokeTestInstancePostProcessors(ClassBasedTestDescriptor.java:377) ~[junit-jupiter-engine-5.10.5.jar:5.10.5]
	at org.junit.jupiter.engine.descriptor.ClassBasedTestDescriptor.lambda$instantiateAndPostProcessTestInstance$6(ClassBasedTestDescriptor.java:290) ~[junit-jupiter-engine-5.10.5.jar:5.10.5]
	at org.junit.platform.engine.support.hierarchical.ThrowableCollector.execute(ThrowableCollector.java:73) ~[junit-platform-engine-1.10.5.jar:1.10.5]
	at org.junit.jupiter.engine.descriptor.ClassBasedTestDescriptor.instantiateAndPostProcessTestInstance(ClassBasedTestDescriptor.java:289) ~[junit-jupiter-engine-5.10.5.jar:5.10.5]
	at org.junit.jupiter.engine.descriptor.ClassBasedTestDescriptor.lambda$testInstancesProvider$4(ClassBasedTestDescriptor.java:279) ~[junit-jupiter-engine-5.10.5.jar:5.10.5]
	at java.base/java.util.Optional.orElseGet(Optional.java:364) ~[na:na]
	at org.junit.jupiter.engine.descriptor.ClassBasedTestDescriptor.lambda$testInstancesProvider$5(ClassBasedTestDescriptor.java:278) ~[junit-jupiter-engine-5.10.5.jar:5.10.5]
	at org.junit.jupiter.engine.execution.TestInstancesProvider.getTestInstances(TestInstancesProvider.java:31) ~[junit-jupiter-engine-5.10.5.jar:5.10.5]
	at org.junit.jupiter.engine.descriptor.TestMethodTestDescriptor.lambda$prepare$0(TestMethodTestDescriptor.java:106) ~[junit-jupiter-engine-5.10.5.jar:5.10.5]
	at org.junit.platform.engine.support.hierarchical.ThrowableCollector.execute(ThrowableCollector.java:73) ~[junit-platform-engine-1.10.5.jar:1.10.5]
	at org.junit.jupiter.engine.descriptor.TestMethodTestDescriptor.prepare(TestMethodTestDescriptor.java:105) ~[junit-jupiter-engine-5.10.5.jar:5.10.5]
	at org.junit.jupiter.engine.descriptor.TestMethodTestDescriptor.prepare(TestMethodTestDescriptor.java:69) ~[junit-jupiter-engine-5.10.5.jar:5.10.5]
	at org.junit.platform.engine.support.hierarchical.NodeTestTask.lambda$prepare$2(NodeTestTask.java:128) ~[junit-platform-engine-1.10.5.jar:1.10.5]
	at org.junit.platform.engine.support.hierarchical.ThrowableCollector.execute(ThrowableCollector.java:73) ~[junit-platform-engine-1.10.5.jar:1.10.5]
	at org.junit.platform.engine.support.hierarchical.NodeTestTask.prepare(NodeTestTask.java:128) ~[junit-platform-engine-1.10.5.jar:1.10.5]
	at org.junit.platform.engine.support.hierarchical.NodeTestTask.execute(NodeTestTask.java:95) ~[junit-platform-engine-1.10.5.jar:1.10.5]
	at java.base/java.util.ArrayList.forEach(ArrayList.java:1604) ~[na:na]
	at org.junit.platform.engine.support.hierarchical.SameThreadHierarchicalTestExecutorService.invokeAll(SameThreadHierarchicalTestExecutorService.java:41) ~[junit-platform-engine-1.10.5.jar:1.10.5]
	at org.junit.platform.engine.support.hierarchical.NodeTestTask.lambda$executeRecursively$6(NodeTestTask.java:160) ~[junit-platform-engine-1.10.5.jar:1.10.5]
	at org.junit.platform.engine.support.hierarchical.ThrowableCollector.execute(ThrowableCollector.java:73) ~[junit-platform-engine-1.10.5.jar:1.10.5]
	at org.junit.platform.engine.support.hierarchical.NodeTestTask.lambda$executeRecursively$8(NodeTestTask.java:146) ~[junit-platform-engine-1.10.5.jar:1.10.5]
	at org.junit.platform.engine.support.hierarchical.Node.around(Node.java:137) ~[junit-platform-engine-1.10.5.jar:1.10.5]
	at org.junit.platform.engine.support.hierarchical.NodeTestTask.lambda$executeRecursively$9(NodeTestTask.java:144) ~[junit-platform-engine-1.10.5.jar:1.10.5]
	at org.junit.platform.engine.support.hierarchical.ThrowableCollector.execute(ThrowableCollector.java:73) ~[junit-platform-engine-1.10.5.jar:1.10.5]
	at org.junit.platform.engine.support.hierarchical.NodeTestTask.executeRecursively(NodeTestTask.java:143) ~[junit-platform-engine-1.10.5.jar:1.10.5]
	at org.junit.platform.engine.support.hierarchical.NodeTestTask.execute(NodeTestTask.java:100) ~[junit-platform-engine-1.10.5.jar:1.10.5]
	at java.base/java.util.ArrayList.forEach(ArrayList.java:1604) ~[na:na]
	at org.junit.platform.engine.support.hierarchical.SameThreadHierarchicalTestExecutorService.invokeAll(SameThreadHierarchicalTestExecutorService.java:41) ~[junit-platform-engine-1.10.5.jar:1.10.5]
	at org.junit.platform.engine.support.hierarchical.NodeTestTask.lambda$executeRecursively$6(NodeTestTask.java:160) ~[junit-platform-engine-1.10.5.jar:1.10.5]
	at org.junit.platform.engine.support.hierarchical.ThrowableCollector.execute(ThrowableCollector.java:73) ~[junit-platform-engine-1.10.5.jar:1.10.5]
	at org.junit.platform.engine.support.hierarchical.NodeTestTask.lambda$executeRecursively$8(NodeTestTask.java:146) ~[junit-platform-engine-1.10.5.jar:1.10.5]
	at org.junit.platform.engine.support.hierarchical.Node.around(Node.java:137) ~[junit-platform-engine-1.10.5.jar:1.10.5]
	at org.junit.platform.engine.support.hierarchical.NodeTestTask.lambda$executeRecursively$9(NodeTestTask.java:144) ~[junit-platform-engine-1.10.5.jar:1.10.5]
	at org.junit.platform.engine.support.hierarchical.ThrowableCollector.execute(ThrowableCollector.java:73) ~[junit-platform-engine-1.10.5.jar:1.10.5]
	at org.junit.platform.engine.support.hierarchical.NodeTestTask.executeRecursively(NodeTestTask.java:143) ~[junit-platform-engine-1.10.5.jar:1.10.5]
	at org.junit.platform.engine.support.hierarchical.NodeTestTask.execute(NodeTestTask.java:100) ~[junit-platform-engine-1.10.5.jar:1.10.5]
	at org.junit.platform.engine.support.hierarchical.SameThreadHierarchicalTestExecutorService.submit(SameThreadHierarchicalTestExecutorService.java:35) ~[junit-platform-engine-1.10.5.jar:1.10.5]
	at org.junit.platform.engine.support.hierarchical.HierarchicalTestExecutor.execute(HierarchicalTestExecutor.java:57) ~[junit-platform-engine-1.10.5.jar:1.10.5]
	at org.junit.platform.engine.support.hierarchical.HierarchicalTestEngine.execute(HierarchicalTestEngine.java:54) ~[junit-platform-engine-1.10.5.jar:1.10.5]
	at org.junit.platform.launcher.core.EngineExecutionOrchestrator.execute(EngineExecutionOrchestrator.java:198) ~[junit-platform-launcher-1.10.5.jar:1.10.5]
	at org.junit.platform.launcher.core.EngineExecutionOrchestrator.execute(EngineExecutionOrchestrator.java:169) ~[junit-platform-launcher-1.10.5.jar:1.10.5]
	at org.junit.platform.launcher.core.EngineExecutionOrchestrator.execute(EngineExecutionOrchestrator.java:93) ~[junit-platform-launcher-1.10.5.jar:1.10.5]
	at org.junit.platform.launcher.core.EngineExecutionOrchestrator.lambda$execute$0(EngineExecutionOrchestrator.java:58) ~[junit-platform-launcher-1.10.5.jar:1.10.5]
	at org.junit.platform.launcher.core.EngineExecutionOrchestrator.withInterceptedStreams(EngineExecutionOrchestrator.java:141) ~[junit-platform-launcher-1.10.5.jar:1.10.5]
	at org.junit.platform.launcher.core.EngineExecutionOrchestrator.execute(EngineExecutionOrchestrator.java:57) ~[junit-platform-launcher-1.10.5.jar:1.10.5]
	at org.junit.platform.launcher.core.DefaultLauncher.execute(DefaultLauncher.java:103) ~[junit-platform-launcher-1.10.5.jar:1.10.5]
	at org.junit.platform.launcher.core.DefaultLauncher.execute(DefaultLauncher.java:85) ~[junit-platform-launcher-1.10.5.jar:1.10.5]
	at org.junit.platform.launcher.core.DelegatingLauncher.execute(DelegatingLauncher.java:47) ~[junit-platform-launcher-1.10.5.jar:1.10.5]
	at org.apache.maven.surefire.junitplatform.LazyLauncher.execute(LazyLauncher.java:56) ~[surefire-junit-platform-3.2.5.jar:3.2.5]
	at org.apache.maven.surefire.junitplatform.JUnitPlatformProvider.execute(JUnitPlatformProvider.java:184) ~[surefire-junit-platform-3.2.5.jar:3.2.5]
	at org.apache.maven.surefire.junitplatform.JUnitPlatformProvider.invokeAllTests(JUnitPlatformProvider.java:148) ~[surefire-junit-platform-3.2.5.jar:3.2.5]
	at org.apache.maven.surefire.junitplatform.JUnitPlatformProvider.invoke(JUnitPlatformProvider.java:122) ~[surefire-junit-platform-3.2.5.jar:3.2.5]
	at org.apache.maven.surefire.booter.ForkedBooter.runSuitesInProcess(ForkedBooter.java:385) ~[surefire-booter-3.2.5.jar:3.2.5]
	at org.apache.maven.surefire.booter.ForkedBooter.execute(ForkedBooter.java:162) ~[surefire-booter-3.2.5.jar:3.2.5]
	at org.apache.maven.surefire.booter.ForkedBooter.run(ForkedBooter.java:507) ~[surefire-booter-3.2.5.jar:3.2.5]
	at org.apache.maven.surefire.booter.ForkedBooter.main(ForkedBooter.java:495) ~[surefire-booter-3.2.5.jar:3.2.5]

2026-03-02T12:39:51.858+05:30  WARN 6540 --- [           main] o.s.test.context.TestContextManager      : Caught exception while allowing TestExecutionListener [org.springframework.test.context.web.ServletTestExecutionListener] to prepare test instance [com.bookfair.controller.AuthControllerTest@5da16ed6]

java.lang.IllegalStateException: ApplicationContext failure threshold (1) exceeded: skipping repeated attempt to load context for [WebMergedContextConfiguration@29becf8b testClass = com.bookfair.controller.AuthControllerTest, locations = [], classes = [com.bookfair.BookfairApplication], contextInitializerClasses = [], activeProfiles = [], propertySourceDescriptors = [], propertySourceProperties = ["org.springframework.boot.test.context.SpringBootTestContextBootstrapper=true"], contextCustomizers = [[ImportsContextCustomizer@628b1538 key = [org.springframework.boot.test.autoconfigure.web.servlet.MockMvcWebDriverAutoConfiguration, org.springframework.boot.test.autoconfigure.web.servlet.MockMvcAutoConfiguration, org.springframework.boot.autoconfigure.security.oauth2.client.servlet.OAuth2ClientAutoConfiguration, org.springframework.boot.autoconfigure.security.servlet.SecurityAutoConfiguration, org.springframework.boot.autoconfigure.security.servlet.SecurityFilterAutoConfiguration, org.springframework.boot.autoconfigure.security.servlet.UserDetailsServiceAutoConfiguration, org.springframework.boot.autoconfigure.security.oauth2.resource.servlet.OAuth2ResourceServerAutoConfiguration, org.springframework.boot.test.autoconfigure.web.servlet.MockMvcSecurityConfiguration, org.springframework.boot.test.autoconfigure.web.servlet.MockMvcWebClientAutoConfiguration, org.springframework.boot.test.autoconfigure.web.reactive.WebTestClientAutoConfiguration]], org.springframework.boot.test.context.filter.ExcludeFilterContextCustomizer@44be0077, org.springframework.boot.test.json.DuplicateJsonObjectContextCustomizerFactory$DuplicateJsonObjectContextCustomizer@6aa8e115, org.springframework.boot.test.mock.mockito.MockitoContextCustomizer@0, org.springframework.boot.test.web.client.TestRestTemplateContextCustomizer@2570851e, org.springframework.boot.test.web.reactor.netty.DisableReactorResourceFactoryGlobalResourcesContextCustomizerFactory$DisableReactorResourceFactoryGlobalResourcesContextCustomizerCustomizer@1c39680d, org.springframework.boot.test.autoconfigure.OnFailureConditionReportContextCustomizerFactory$OnFailureConditionReportContextCustomizer@a37aefe, org.springframework.boot.test.autoconfigure.actuate.observability.ObservabilityContextCustomizerFactory$DisableObservabilityContextCustomizer@1f, org.springframework.boot.test.autoconfigure.properties.PropertyMappingContextCustomizer@4b3fa0b3, org.springframework.boot.test.autoconfigure.web.servlet.WebDriverContextCustomizer@5be49b60, org.springframework.boot.test.context.SpringBootTestAnnotation@9f8dd146], resourceBasePath = "src/main/webapp", contextLoader = org.springframework.boot.test.context.SpringBootContextLoader, parent = null]
	at org.springframework.test.context.cache.DefaultCacheAwareContextLoaderDelegate.loadContext(DefaultCacheAwareContextLoaderDelegate.java:145) ~[spring-test-6.1.14.jar:6.1.14]
	at org.springframework.test.context.support.DefaultTestContext.getApplicationContext(DefaultTestContext.java:130) ~[spring-test-6.1.14.jar:6.1.14]
	at org.springframework.test.context.web.ServletTestExecutionListener.setUpRequestContextIfNecessary(ServletTestExecutionListener.java:191) ~[spring-test-6.1.14.jar:6.1.14]
	at org.springframework.test.context.web.ServletTestExecutionListener.prepareTestInstance(ServletTestExecutionListener.java:130) ~[spring-test-6.1.14.jar:6.1.14]
	at org.springframework.test.context.TestContextManager.prepareTestInstance(TestContextManager.java:260) ~[spring-test-6.1.14.jar:6.1.14]
	at org.springframework.test.context.junit.jupiter.SpringExtension.postProcessTestInstance(SpringExtension.java:163) ~[spring-test-6.1.14.jar:6.1.14]
	at org.junit.jupiter.engine.descriptor.ClassBasedTestDescriptor.lambda$invokeTestInstancePostProcessors$10(ClassBasedTestDescriptor.java:378) ~[junit-jupiter-engine-5.10.5.jar:5.10.5]
	at org.junit.jupiter.engine.descriptor.ClassBasedTestDescriptor.executeAndMaskThrowable(ClassBasedTestDescriptor.java:383) ~[junit-jupiter-engine-5.10.5.jar:5.10.5]
	at org.junit.jupiter.engine.descriptor.ClassBasedTestDescriptor.lambda$invokeTestInstancePostProcessors$11(ClassBasedTestDescriptor.java:378) ~[junit-jupiter-engine-5.10.5.jar:5.10.5]
	at java.base/java.util.stream.ReferencePipeline$3$1.accept(ReferencePipeline.java:214) ~[na:na]
	at java.base/java.util.stream.ReferencePipeline$2$1.accept(ReferencePipeline.java:197) ~[na:na]
	at java.base/java.util.ArrayList$ArrayListSpliterator.forEachRemaining(ArrayList.java:1716) ~[na:na]
	at java.base/java.util.stream.AbstractPipeline.copyInto(AbstractPipeline.java:570) ~[na:na]
	at java.base/java.util.stream.AbstractPipeline.wrapAndCopyInto(AbstractPipeline.java:560) ~[na:na]
	at java.base/java.util.stream.StreamSpliterators$WrappingSpliterator.forEachRemaining(StreamSpliterators.java:315) ~[na:na]
	at java.base/java.util.stream.Streams$ConcatSpliterator.forEachRemaining(Streams.java:735) ~[na:na]
	at java.base/java.util.stream.Streams$ConcatSpliterator.forEachRemaining(Streams.java:734) ~[na:na]
	at java.base/java.util.stream.ReferencePipeline$Head.forEach(ReferencePipeline.java:803) ~[na:na]
	at org.junit.jupiter.engine.descriptor.ClassBasedTestDescriptor.invokeTestInstancePostProcessors(ClassBasedTestDescriptor.java:377) ~[junit-jupiter-engine-5.10.5.jar:5.10.5]
	at org.junit.jupiter.engine.descriptor.ClassBasedTestDescriptor.lambda$instantiateAndPostProcessTestInstance$6(ClassBasedTestDescriptor.java:290) ~[junit-jupiter-engine-5.10.5.jar:5.10.5]
	at org.junit.platform.engine.support.hierarchical.ThrowableCollector.execute(ThrowableCollector.java:73) ~[junit-platform-engine-1.10.5.jar:1.10.5]
	at org.junit.jupiter.engine.descriptor.ClassBasedTestDescriptor.instantiateAndPostProcessTestInstance(ClassBasedTestDescriptor.java:289) ~[junit-jupiter-engine-5.10.5.jar:5.10.5]
	at org.junit.jupiter.engine.descriptor.ClassBasedTestDescriptor.lambda$testInstancesProvider$4(ClassBasedTestDescriptor.java:279) ~[junit-jupiter-engine-5.10.5.jar:5.10.5]
	at java.base/java.util.Optional.orElseGet(Optional.java:364) ~[na:na]
	at org.junit.jupiter.engine.descriptor.ClassBasedTestDescriptor.lambda$testInstancesProvider$5(ClassBasedTestDescriptor.java:278) ~[junit-jupiter-engine-5.10.5.jar:5.10.5]
	at org.junit.jupiter.engine.execution.TestInstancesProvider.getTestInstances(TestInstancesProvider.java:31) ~[junit-jupiter-engine-5.10.5.jar:5.10.5]
	at org.junit.jupiter.engine.descriptor.TestMethodTestDescriptor.lambda$prepare$0(TestMethodTestDescriptor.java:106) ~[junit-jupiter-engine-5.10.5.jar:5.10.5]
	at org.junit.platform.engine.support.hierarchical.ThrowableCollector.execute(ThrowableCollector.java:73) ~[junit-platform-engine-1.10.5.jar:1.10.5]
	at org.junit.jupiter.engine.descriptor.TestMethodTestDescriptor.prepare(TestMethodTestDescriptor.java:105) ~[junit-jupiter-engine-5.10.5.jar:5.10.5]
	at org.junit.jupiter.engine.descriptor.TestMethodTestDescriptor.prepare(TestMethodTestDescriptor.java:69) ~[junit-jupiter-engine-5.10.5.jar:5.10.5]
	at org.junit.platform.engine.support.hierarchical.NodeTestTask.lambda$prepare$2(NodeTestTask.java:128) ~[junit-platform-engine-1.10.5.jar:1.10.5]
	at org.junit.platform.engine.support.hierarchical.ThrowableCollector.execute(ThrowableCollector.java:73) ~[junit-platform-engine-1.10.5.jar:1.10.5]
	at org.junit.platform.engine.support.hierarchical.NodeTestTask.prepare(NodeTestTask.java:128) ~[junit-platform-engine-1.10.5.jar:1.10.5]
	at org.junit.platform.engine.support.hierarchical.NodeTestTask.execute(NodeTestTask.java:95) ~[junit-platform-engine-1.10.5.jar:1.10.5]
	at java.base/java.util.ArrayList.forEach(ArrayList.java:1604) ~[na:na]
	at org.junit.platform.engine.support.hierarchical.SameThreadHierarchicalTestExecutorService.invokeAll(SameThreadHierarchicalTestExecutorService.java:41) ~[junit-platform-engine-1.10.5.jar:1.10.5]
	at org.junit.platform.engine.support.hierarchical.NodeTestTask.lambda$executeRecursively$6(NodeTestTask.java:160) ~[junit-platform-engine-1.10.5.jar:1.10.5]
	at org.junit.platform.engine.support.hierarchical.ThrowableCollector.execute(ThrowableCollector.java:73) ~[junit-platform-engine-1.10.5.jar:1.10.5]
	at org.junit.platform.engine.support.hierarchical.NodeTestTask.lambda$executeRecursively$8(NodeTestTask.java:146) ~[junit-platform-engine-1.10.5.jar:1.10.5]
	at org.junit.platform.engine.support.hierarchical.Node.around(Node.java:137) ~[junit-platform-engine-1.10.5.jar:1.10.5]
	at org.junit.platform.engine.support.hierarchical.NodeTestTask.lambda$executeRecursively$9(NodeTestTask.java:144) ~[junit-platform-engine-1.10.5.jar:1.10.5]
	at org.junit.platform.engine.support.hierarchical.ThrowableCollector.execute(ThrowableCollector.java:73) ~[junit-platform-engine-1.10.5.jar:1.10.5]
	at org.junit.platform.engine.support.hierarchical.NodeTestTask.executeRecursively(NodeTestTask.java:143) ~[junit-platform-engine-1.10.5.jar:1.10.5]
	at org.junit.platform.engine.support.hierarchical.NodeTestTask.execute(NodeTestTask.java:100) ~[junit-platform-engine-1.10.5.jar:1.10.5]
	at java.base/java.util.ArrayList.forEach(ArrayList.java:1604) ~[na:na]
	at org.junit.platform.engine.support.hierarchical.SameThreadHierarchicalTestExecutorService.invokeAll(SameThreadHierarchicalTestExecutorService.java:41) ~[junit-platform-engine-1.10.5.jar:1.10.5]
	at org.junit.platform.engine.support.hierarchical.NodeTestTask.lambda$executeRecursively$6(NodeTestTask.java:160) ~[junit-platform-engine-1.10.5.jar:1.10.5]
	at org.junit.platform.engine.support.hierarchical.ThrowableCollector.execute(ThrowableCollector.java:73) ~[junit-platform-engine-1.10.5.jar:1.10.5]
	at org.junit.platform.engine.support.hierarchical.NodeTestTask.lambda$executeRecursively$8(NodeTestTask.java:146) ~[junit-platform-engine-1.10.5.jar:1.10.5]
	at org.junit.platform.engine.support.hierarchical.Node.around(Node.java:137) ~[junit-platform-engine-1.10.5.jar:1.10.5]
	at org.junit.platform.engine.support.hierarchical.NodeTestTask.lambda$executeRecursively$9(NodeTestTask.java:144) ~[junit-platform-engine-1.10.5.jar:1.10.5]
	at org.junit.platform.engine.support.hierarchical.ThrowableCollector.execute(ThrowableCollector.java:73) ~[junit-platform-engine-1.10.5.jar:1.10.5]
	at org.junit.platform.engine.support.hierarchical.NodeTestTask.executeRecursively(NodeTestTask.java:143) ~[junit-platform-engine-1.10.5.jar:1.10.5]
	at org.junit.platform.engine.support.hierarchical.NodeTestTask.execute(NodeTestTask.java:100) ~[junit-platform-engine-1.10.5.jar:1.10.5]
	at org.junit.platform.engine.support.hierarchical.SameThreadHierarchicalTestExecutorService.submit(SameThreadHierarchicalTestExecutorService.java:35) ~[junit-platform-engine-1.10.5.jar:1.10.5]
	at org.junit.platform.engine.support.hierarchical.HierarchicalTestExecutor.execute(HierarchicalTestExecutor.java:57) ~[junit-platform-engine-1.10.5.jar:1.10.5]
	at org.junit.platform.engine.support.hierarchical.HierarchicalTestEngine.execute(HierarchicalTestEngine.java:54) ~[junit-platform-engine-1.10.5.jar:1.10.5]
	at org.junit.platform.launcher.core.EngineExecutionOrchestrator.execute(EngineExecutionOrchestrator.java:198) ~[junit-platform-launcher-1.10.5.jar:1.10.5]
	at org.junit.platform.launcher.core.EngineExecutionOrchestrator.execute(EngineExecutionOrchestrator.java:169) ~[junit-platform-launcher-1.10.5.jar:1.10.5]
	at org.junit.platform.launcher.core.EngineExecutionOrchestrator.execute(EngineExecutionOrchestrator.java:93) ~[junit-platform-launcher-1.10.5.jar:1.10.5]
	at org.junit.platform.launcher.core.EngineExecutionOrchestrator.lambda$execute$0(EngineExecutionOrchestrator.java:58) ~[junit-platform-launcher-1.10.5.jar:1.10.5]
	at org.junit.platform.launcher.core.EngineExecutionOrchestrator.withInterceptedStreams(EngineExecutionOrchestrator.java:141) ~[junit-platform-launcher-1.10.5.jar:1.10.5]
	at org.junit.platform.launcher.core.EngineExecutionOrchestrator.execute(EngineExecutionOrchestrator.java:57) ~[junit-platform-launcher-1.10.5.jar:1.10.5]
	at org.junit.platform.launcher.core.DefaultLauncher.execute(DefaultLauncher.java:103) ~[junit-platform-launcher-1.10.5.jar:1.10.5]
	at org.junit.platform.launcher.core.DefaultLauncher.execute(DefaultLauncher.java:85) ~[junit-platform-launcher-1.10.5.jar:1.10.5]
	at org.junit.platform.launcher.core.DelegatingLauncher.execute(DelegatingLauncher.java:47) ~[junit-platform-launcher-1.10.5.jar:1.10.5]
	at org.apache.maven.surefire.junitplatform.LazyLauncher.execute(LazyLauncher.java:56) ~[surefire-junit-platform-3.2.5.jar:3.2.5]
	at org.apache.maven.surefire.junitplatform.JUnitPlatformProvider.execute(JUnitPlatformProvider.java:184) ~[surefire-junit-platform-3.2.5.jar:3.2.5]
	at org.apache.maven.surefire.junitplatform.JUnitPlatformProvider.invokeAllTests(JUnitPlatformProvider.java:148) ~[surefire-junit-platform-3.2.5.jar:3.2.5]
	at org.apache.maven.surefire.junitplatform.JUnitPlatformProvider.invoke(JUnitPlatformProvider.java:122) ~[surefire-junit-platform-3.2.5.jar:3.2.5]
	at org.apache.maven.surefire.booter.ForkedBooter.runSuitesInProcess(ForkedBooter.java:385) ~[surefire-booter-3.2.5.jar:3.2.5]
	at org.apache.maven.surefire.booter.ForkedBooter.execute(ForkedBooter.java:162) ~[surefire-booter-3.2.5.jar:3.2.5]
	at org.apache.maven.surefire.booter.ForkedBooter.run(ForkedBooter.java:507) ~[surefire-booter-3.2.5.jar:3.2.5]
	at org.apache.maven.surefire.booter.ForkedBooter.main(ForkedBooter.java:495) ~[surefire-booter-3.2.5.jar:3.2.5]

2026-03-02T12:39:51.862+05:30  WARN 6540 --- [           main] o.s.test.context.TestContextManager      : Caught exception while allowing TestExecutionListener [org.springframework.test.context.web.ServletTestExecutionListener] to prepare test instance [com.bookfair.controller.AuthControllerTest@529fda9f]

java.lang.IllegalStateException: ApplicationContext failure threshold (1) exceeded: skipping repeated attempt to load context for [WebMergedContextConfiguration@29becf8b testClass = com.bookfair.controller.AuthControllerTest, locations = [], classes = [com.bookfair.BookfairApplication], contextInitializerClasses = [], activeProfiles = [], propertySourceDescriptors = [], propertySourceProperties = ["org.springframework.boot.test.context.SpringBootTestContextBootstrapper=true"], contextCustomizers = [[ImportsContextCustomizer@628b1538 key = [org.springframework.boot.test.autoconfigure.web.servlet.MockMvcWebDriverAutoConfiguration, org.springframework.boot.test.autoconfigure.web.servlet.MockMvcAutoConfiguration, org.springframework.boot.autoconfigure.security.oauth2.client.servlet.OAuth2ClientAutoConfiguration, org.springframework.boot.autoconfigure.security.servlet.SecurityAutoConfiguration, org.springframework.boot.autoconfigure.security.servlet.SecurityFilterAutoConfiguration, org.springframework.boot.autoconfigure.security.servlet.UserDetailsServiceAutoConfiguration, org.springframework.boot.autoconfigure.security.oauth2.resource.servlet.OAuth2ResourceServerAutoConfiguration, org.springframework.boot.test.autoconfigure.web.servlet.MockMvcSecurityConfiguration, org.springframework.boot.test.autoconfigure.web.servlet.MockMvcWebClientAutoConfiguration, org.springframework.boot.test.autoconfigure.web.reactive.WebTestClientAutoConfiguration]], org.springframework.boot.test.context.filter.ExcludeFilterContextCustomizer@44be0077, org.springframework.boot.test.json.DuplicateJsonObjectContextCustomizerFactory$DuplicateJsonObjectContextCustomizer@6aa8e115, org.springframework.boot.test.mock.mockito.MockitoContextCustomizer@0, org.springframework.boot.test.web.client.TestRestTemplateContextCustomizer@2570851e, org.springframework.boot.test.web.reactor.netty.DisableReactorResourceFactoryGlobalResourcesContextCustomizerFactory$DisableReactorResourceFactoryGlobalResourcesContextCustomizerCustomizer@1c39680d, org.springframework.boot.test.autoconfigure.OnFailureConditionReportContextCustomizerFactory$OnFailureConditionReportContextCustomizer@a37aefe, org.springframework.boot.test.autoconfigure.actuate.observability.ObservabilityContextCustomizerFactory$DisableObservabilityContextCustomizer@1f, org.springframework.boot.test.autoconfigure.properties.PropertyMappingContextCustomizer@4b3fa0b3, org.springframework.boot.test.autoconfigure.web.servlet.WebDriverContextCustomizer@5be49b60, org.springframework.boot.test.context.SpringBootTestAnnotation@9f8dd146], resourceBasePath = "src/main/webapp", contextLoader = org.springframework.boot.test.context.SpringBootContextLoader, parent = null]
	at org.springframework.test.context.cache.DefaultCacheAwareContextLoaderDelegate.loadContext(DefaultCacheAwareContextLoaderDelegate.java:145) ~[spring-test-6.1.14.jar:6.1.14]
	at org.springframework.test.context.support.DefaultTestContext.getApplicationContext(DefaultTestContext.java:130) ~[spring-test-6.1.14.jar:6.1.14]
	at org.springframework.test.context.web.ServletTestExecutionListener.setUpRequestContextIfNecessary(ServletTestExecutionListener.java:191) ~[spring-test-6.1.14.jar:6.1.14]
	at org.springframework.test.context.web.ServletTestExecutionListener.prepareTestInstance(ServletTestExecutionListener.java:130) ~[spring-test-6.1.14.jar:6.1.14]
	at org.springframework.test.context.TestContextManager.prepareTestInstance(TestContextManager.java:260) ~[spring-test-6.1.14.jar:6.1.14]
	at org.springframework.test.context.junit.jupiter.SpringExtension.postProcessTestInstance(SpringExtension.java:163) ~[spring-test-6.1.14.jar:6.1.14]
	at org.junit.jupiter.engine.descriptor.ClassBasedTestDescriptor.lambda$invokeTestInstancePostProcessors$10(ClassBasedTestDescriptor.java:378) ~[junit-jupiter-engine-5.10.5.jar:5.10.5]
	at org.junit.jupiter.engine.descriptor.ClassBasedTestDescriptor.executeAndMaskThrowable(ClassBasedTestDescriptor.java:383) ~[junit-jupiter-engine-5.10.5.jar:5.10.5]
	at org.junit.jupiter.engine.descriptor.ClassBasedTestDescriptor.lambda$invokeTestInstancePostProcessors$11(ClassBasedTestDescriptor.java:378) ~[junit-jupiter-engine-5.10.5.jar:5.10.5]
	at java.base/java.util.stream.ReferencePipeline$3$1.accept(ReferencePipeline.java:214) ~[na:na]
	at java.base/java.util.stream.ReferencePipeline$2$1.accept(ReferencePipeline.java:197) ~[na:na]
	at java.base/java.util.ArrayList$ArrayListSpliterator.forEachRemaining(ArrayList.java:1716) ~[na:na]
	at java.base/java.util.stream.AbstractPipeline.copyInto(AbstractPipeline.java:570) ~[na:na]
	at java.base/java.util.stream.AbstractPipeline.wrapAndCopyInto(AbstractPipeline.java:560) ~[na:na]
	at java.base/java.util.stream.StreamSpliterators$WrappingSpliterator.forEachRemaining(StreamSpliterators.java:315) ~[na:na]
	at java.base/java.util.stream.Streams$ConcatSpliterator.forEachRemaining(Streams.java:735) ~[na:na]
	at java.base/java.util.stream.Streams$ConcatSpliterator.forEachRemaining(Streams.java:734) ~[na:na]
	at java.base/java.util.stream.ReferencePipeline$Head.forEach(ReferencePipeline.java:803) ~[na:na]
	at org.junit.jupiter.engine.descriptor.ClassBasedTestDescriptor.invokeTestInstancePostProcessors(ClassBasedTestDescriptor.java:377) ~[junit-jupiter-engine-5.10.5.jar:5.10.5]
	at org.junit.jupiter.engine.descriptor.ClassBasedTestDescriptor.lambda$instantiateAndPostProcessTestInstance$6(ClassBasedTestDescriptor.java:290) ~[junit-jupiter-engine-5.10.5.jar:5.10.5]
	at org.junit.platform.engine.support.hierarchical.ThrowableCollector.execute(ThrowableCollector.java:73) ~[junit-platform-engine-1.10.5.jar:1.10.5]
	at org.junit.jupiter.engine.descriptor.ClassBasedTestDescriptor.instantiateAndPostProcessTestInstance(ClassBasedTestDescriptor.java:289) ~[junit-jupiter-engine-5.10.5.jar:5.10.5]
	at org.junit.jupiter.engine.descriptor.ClassBasedTestDescriptor.lambda$testInstancesProvider$4(ClassBasedTestDescriptor.java:279) ~[junit-jupiter-engine-5.10.5.jar:5.10.5]
	at java.base/java.util.Optional.orElseGet(Optional.java:364) ~[na:na]
	at org.junit.jupiter.engine.descriptor.ClassBasedTestDescriptor.lambda$testInstancesProvider$5(ClassBasedTestDescriptor.java:278) ~[junit-jupiter-engine-5.10.5.jar:5.10.5]
	at org.junit.jupiter.engine.execution.TestInstancesProvider.getTestInstances(TestInstancesProvider.java:31) ~[junit-jupiter-engine-5.10.5.jar:5.10.5]
	at org.junit.jupiter.engine.descriptor.TestMethodTestDescriptor.lambda$prepare$0(TestMethodTestDescriptor.java:106) ~[junit-jupiter-engine-5.10.5.jar:5.10.5]
	at org.junit.platform.engine.support.hierarchical.ThrowableCollector.execute(ThrowableCollector.java:73) ~[junit-platform-engine-1.10.5.jar:1.10.5]
	at org.junit.jupiter.engine.descriptor.TestMethodTestDescriptor.prepare(TestMethodTestDescriptor.java:105) ~[junit-jupiter-engine-5.10.5.jar:5.10.5]
	at org.junit.jupiter.engine.descriptor.TestMethodTestDescriptor.prepare(TestMethodTestDescriptor.java:69) ~[junit-jupiter-engine-5.10.5.jar:5.10.5]
	at org.junit.platform.engine.support.hierarchical.NodeTestTask.lambda$prepare$2(NodeTestTask.java:128) ~[junit-platform-engine-1.10.5.jar:1.10.5]
	at org.junit.platform.engine.support.hierarchical.ThrowableCollector.execute(ThrowableCollector.java:73) ~[junit-platform-engine-1.10.5.jar:1.10.5]
	at org.junit.platform.engine.support.hierarchical.NodeTestTask.prepare(NodeTestTask.java:128) ~[junit-platform-engine-1.10.5.jar:1.10.5]
	at org.junit.platform.engine.support.hierarchical.NodeTestTask.execute(NodeTestTask.java:95) ~[junit-platform-engine-1.10.5.jar:1.10.5]
	at java.base/java.util.ArrayList.forEach(ArrayList.java:1604) ~[na:na]
	at org.junit.platform.engine.support.hierarchical.SameThreadHierarchicalTestExecutorService.invokeAll(SameThreadHierarchicalTestExecutorService.java:41) ~[junit-platform-engine-1.10.5.jar:1.10.5]
	at org.junit.platform.engine.support.hierarchical.NodeTestTask.lambda$executeRecursively$6(NodeTestTask.java:160) ~[junit-platform-engine-1.10.5.jar:1.10.5]
	at org.junit.platform.engine.support.hierarchical.ThrowableCollector.execute(ThrowableCollector.java:73) ~[junit-platform-engine-1.10.5.jar:1.10.5]
	at org.junit.platform.engine.support.hierarchical.NodeTestTask.lambda$executeRecursively$8(NodeTestTask.java:146) ~[junit-platform-engine-1.10.5.jar:1.10.5]
	at org.junit.platform.engine.support.hierarchical.Node.around(Node.java:137) ~[junit-platform-engine-1.10.5.jar:1.10.5]
	at org.junit.platform.engine.support.hierarchical.NodeTestTask.lambda$executeRecursively$9(NodeTestTask.java:144) ~[junit-platform-engine-1.10.5.jar:1.10.5]
	at org.junit.platform.engine.support.hierarchical.ThrowableCollector.execute(ThrowableCollector.java:73) ~[junit-platform-engine-1.10.5.jar:1.10.5]
	at org.junit.platform.engine.support.hierarchical.NodeTestTask.executeRecursively(NodeTestTask.java:143) ~[junit-platform-engine-1.10.5.jar:1.10.5]
	at org.junit.platform.engine.support.hierarchical.NodeTestTask.execute(NodeTestTask.java:100) ~[junit-platform-engine-1.10.5.jar:1.10.5]
	at java.base/java.util.ArrayList.forEach(ArrayList.java:1604) ~[na:na]
	at org.junit.platform.engine.support.hierarchical.SameThreadHierarchicalTestExecutorService.invokeAll(SameThreadHierarchicalTestExecutorService.java:41) ~[junit-platform-engine-1.10.5.jar:1.10.5]
	at org.junit.platform.engine.support.hierarchical.NodeTestTask.lambda$executeRecursively$6(NodeTestTask.java:160) ~[junit-platform-engine-1.10.5.jar:1.10.5]
	at org.junit.platform.engine.support.hierarchical.ThrowableCollector.execute(ThrowableCollector.java:73) ~[junit-platform-engine-1.10.5.jar:1.10.5]
	at org.junit.platform.engine.support.hierarchical.NodeTestTask.lambda$executeRecursively$8(NodeTestTask.java:146) ~[junit-platform-engine-1.10.5.jar:1.10.5]
	at org.junit.platform.engine.support.hierarchical.Node.around(Node.java:137) ~[junit-platform-engine-1.10.5.jar:1.10.5]
	at org.junit.platform.engine.support.hierarchical.NodeTestTask.lambda$executeRecursively$9(NodeTestTask.java:144) ~[junit-platform-engine-1.10.5.jar:1.10.5]
	at org.junit.platform.engine.support.hierarchical.ThrowableCollector.execute(ThrowableCollector.java:73) ~[junit-platform-engine-1.10.5.jar:1.10.5]
	at org.junit.platform.engine.support.hierarchical.NodeTestTask.executeRecursively(NodeTestTask.java:143) ~[junit-platform-engine-1.10.5.jar:1.10.5]
	at org.junit.platform.engine.support.hierarchical.NodeTestTask.execute(NodeTestTask.java:100) ~[junit-platform-engine-1.10.5.jar:1.10.5]
	at org.junit.platform.engine.support.hierarchical.SameThreadHierarchicalTestExecutorService.submit(SameThreadHierarchicalTestExecutorService.java:35) ~[junit-platform-engine-1.10.5.jar:1.10.5]
	at org.junit.platform.engine.support.hierarchical.HierarchicalTestExecutor.execute(HierarchicalTestExecutor.java:57) ~[junit-platform-engine-1.10.5.jar:1.10.5]
	at org.junit.platform.engine.support.hierarchical.HierarchicalTestEngine.execute(HierarchicalTestEngine.java:54) ~[junit-platform-engine-1.10.5.jar:1.10.5]
	at org.junit.platform.launcher.core.EngineExecutionOrchestrator.execute(EngineExecutionOrchestrator.java:198) ~[junit-platform-launcher-1.10.5.jar:1.10.5]
	at org.junit.platform.launcher.core.EngineExecutionOrchestrator.execute(EngineExecutionOrchestrator.java:169) ~[junit-platform-launcher-1.10.5.jar:1.10.5]
	at org.junit.platform.launcher.core.EngineExecutionOrchestrator.execute(EngineExecutionOrchestrator.java:93) ~[junit-platform-launcher-1.10.5.jar:1.10.5]
	at org.junit.platform.launcher.core.EngineExecutionOrchestrator.lambda$execute$0(EngineExecutionOrchestrator.java:58) ~[junit-platform-launcher-1.10.5.jar:1.10.5]
	at org.junit.platform.launcher.core.EngineExecutionOrchestrator.withInterceptedStreams(EngineExecutionOrchestrator.java:141) ~[junit-platform-launcher-1.10.5.jar:1.10.5]
	at org.junit.platform.launcher.core.EngineExecutionOrchestrator.execute(EngineExecutionOrchestrator.java:57) ~[junit-platform-launcher-1.10.5.jar:1.10.5]
	at org.junit.platform.launcher.core.DefaultLauncher.execute(DefaultLauncher.java:103) ~[junit-platform-launcher-1.10.5.jar:1.10.5]
	at org.junit.platform.launcher.core.DefaultLauncher.execute(DefaultLauncher.java:85) ~[junit-platform-launcher-1.10.5.jar:1.10.5]
	at org.junit.platform.launcher.core.DelegatingLauncher.execute(DelegatingLauncher.java:47) ~[junit-platform-launcher-1.10.5.jar:1.10.5]
	at org.apache.maven.surefire.junitplatform.LazyLauncher.execute(LazyLauncher.java:56) ~[surefire-junit-platform-3.2.5.jar:3.2.5]
	at org.apache.maven.surefire.junitplatform.JUnitPlatformProvider.execute(JUnitPlatformProvider.java:184) ~[surefire-junit-platform-3.2.5.jar:3.2.5]
	at org.apache.maven.surefire.junitplatform.JUnitPlatformProvider.invokeAllTests(JUnitPlatformProvider.java:148) ~[surefire-junit-platform-3.2.5.jar:3.2.5]
	at org.apache.maven.surefire.junitplatform.JUnitPlatformProvider.invoke(JUnitPlatformProvider.java:122) ~[surefire-junit-platform-3.2.5.jar:3.2.5]
	at org.apache.maven.surefire.booter.ForkedBooter.runSuitesInProcess(ForkedBooter.java:385) ~[surefire-booter-3.2.5.jar:3.2.5]
	at org.apache.maven.surefire.booter.ForkedBooter.execute(ForkedBooter.java:162) ~[surefire-booter-3.2.5.jar:3.2.5]
	at org.apache.maven.surefire.booter.ForkedBooter.run(ForkedBooter.java:507) ~[surefire-booter-3.2.5.jar:3.2.5]
	at org.apache.maven.surefire.booter.ForkedBooter.main(ForkedBooter.java:495) ~[surefire-booter-3.2.5.jar:3.2.5]

2026-03-02T12:39:51.867+05:30  WARN 6540 --- [           main] o.s.test.context.TestContextManager      : Caught exception while allowing TestExecutionListener [org.springframework.test.context.web.ServletTestExecutionListener] to prepare test instance [com.bookfair.controller.AuthControllerTest@7d0e46dd]

java.lang.IllegalStateException: ApplicationContext failure threshold (1) exceeded: skipping repeated attempt to load context for [WebMergedContextConfiguration@29becf8b testClass = com.bookfair.controller.AuthControllerTest, locations = [], classes = [com.bookfair.BookfairApplication], contextInitializerClasses = [], activeProfiles = [], propertySourceDescriptors = [], propertySourceProperties = ["org.springframework.boot.test.context.SpringBootTestContextBootstrapper=true"], contextCustomizers = [[ImportsContextCustomizer@628b1538 key = [org.springframework.boot.test.autoconfigure.web.servlet.MockMvcWebDriverAutoConfiguration, org.springframework.boot.test.autoconfigure.web.servlet.MockMvcAutoConfiguration, org.springframework.boot.autoconfigure.security.oauth2.client.servlet.OAuth2ClientAutoConfiguration, org.springframework.boot.autoconfigure.security.servlet.SecurityAutoConfiguration, org.springframework.boot.autoconfigure.security.servlet.SecurityFilterAutoConfiguration, org.springframework.boot.autoconfigure.security.servlet.UserDetailsServiceAutoConfiguration, org.springframework.boot.autoconfigure.security.oauth2.resource.servlet.OAuth2ResourceServerAutoConfiguration, org.springframework.boot.test.autoconfigure.web.servlet.MockMvcSecurityConfiguration, org.springframework.boot.test.autoconfigure.web.servlet.MockMvcWebClientAutoConfiguration, org.springframework.boot.test.autoconfigure.web.reactive.WebTestClientAutoConfiguration]], org.springframework.boot.test.context.filter.ExcludeFilterContextCustomizer@44be0077, org.springframework.boot.test.json.DuplicateJsonObjectContextCustomizerFactory$DuplicateJsonObjectContextCustomizer@6aa8e115, org.springframework.boot.test.mock.mockito.MockitoContextCustomizer@0, org.springframework.boot.test.web.client.TestRestTemplateContextCustomizer@2570851e, org.springframework.boot.test.web.reactor.netty.DisableReactorResourceFactoryGlobalResourcesContextCustomizerFactory$DisableReactorResourceFactoryGlobalResourcesContextCustomizerCustomizer@1c39680d, org.springframework.boot.test.autoconfigure.OnFailureConditionReportContextCustomizerFactory$OnFailureConditionReportContextCustomizer@a37aefe, org.springframework.boot.test.autoconfigure.actuate.observability.ObservabilityContextCustomizerFactory$DisableObservabilityContextCustomizer@1f, org.springframework.boot.test.autoconfigure.properties.PropertyMappingContextCustomizer@4b3fa0b3, org.springframework.boot.test.autoconfigure.web.servlet.WebDriverContextCustomizer@5be49b60, org.springframework.boot.test.context.SpringBootTestAnnotation@9f8dd146], resourceBasePath = "src/main/webapp", contextLoader = org.springframework.boot.test.context.SpringBootContextLoader, parent = null]
	at org.springframework.test.context.cache.DefaultCacheAwareContextLoaderDelegate.loadContext(DefaultCacheAwareContextLoaderDelegate.java:145) ~[spring-test-6.1.14.jar:6.1.14]
	at org.springframework.test.context.support.DefaultTestContext.getApplicationContext(DefaultTestContext.java:130) ~[spring-test-6.1.14.jar:6.1.14]
	at org.springframework.test.context.web.ServletTestExecutionListener.setUpRequestContextIfNecessary(ServletTestExecutionListener.java:191) ~[spring-test-6.1.14.jar:6.1.14]
	at org.springframework.test.context.web.ServletTestExecutionListener.prepareTestInstance(ServletTestExecutionListener.java:130) ~[spring-test-6.1.14.jar:6.1.14]
	at org.springframework.test.context.TestContextManager.prepareTestInstance(TestContextManager.java:260) ~[spring-test-6.1.14.jar:6.1.14]
	at org.springframework.test.context.junit.jupiter.SpringExtension.postProcessTestInstance(SpringExtension.java:163) ~[spring-test-6.1.14.jar:6.1.14]
	at org.junit.jupiter.engine.descriptor.ClassBasedTestDescriptor.lambda$invokeTestInstancePostProcessors$10(ClassBasedTestDescriptor.java:378) ~[junit-jupiter-engine-5.10.5.jar:5.10.5]
	at org.junit.jupiter.engine.descriptor.ClassBasedTestDescriptor.executeAndMaskThrowable(ClassBasedTestDescriptor.java:383) ~[junit-jupiter-engine-5.10.5.jar:5.10.5]
	at org.junit.jupiter.engine.descriptor.ClassBasedTestDescriptor.lambda$invokeTestInstancePostProcessors$11(ClassBasedTestDescriptor.java:378) ~[junit-jupiter-engine-5.10.5.jar:5.10.5]
	at java.base/java.util.stream.ReferencePipeline$3$1.accept(ReferencePipeline.java:214) ~[na:na]
	at java.base/java.util.stream.ReferencePipeline$2$1.accept(ReferencePipeline.java:197) ~[na:na]
	at java.base/java.util.ArrayList$ArrayListSpliterator.forEachRemaining(ArrayList.java:1716) ~[na:na]
	at java.base/java.util.stream.AbstractPipeline.copyInto(AbstractPipeline.java:570) ~[na:na]
	at java.base/java.util.stream.AbstractPipeline.wrapAndCopyInto(AbstractPipeline.java:560) ~[na:na]
	at java.base/java.util.stream.StreamSpliterators$WrappingSpliterator.forEachRemaining(StreamSpliterators.java:315) ~[na:na]
	at java.base/java.util.stream.Streams$ConcatSpliterator.forEachRemaining(Streams.java:735) ~[na:na]
	at java.base/java.util.stream.Streams$ConcatSpliterator.forEachRemaining(Streams.java:734) ~[na:na]
	at java.base/java.util.stream.ReferencePipeline$Head.forEach(ReferencePipeline.java:803) ~[na:na]
	at org.junit.jupiter.engine.descriptor.ClassBasedTestDescriptor.invokeTestInstancePostProcessors(ClassBasedTestDescriptor.java:377) ~[junit-jupiter-engine-5.10.5.jar:5.10.5]
	at org.junit.jupiter.engine.descriptor.ClassBasedTestDescriptor.lambda$instantiateAndPostProcessTestInstance$6(ClassBasedTestDescriptor.java:290) ~[junit-jupiter-engine-5.10.5.jar:5.10.5]
	at org.junit.platform.engine.support.hierarchical.ThrowableCollector.execute(ThrowableCollector.java:73) ~[junit-platform-engine-1.10.5.jar:1.10.5]
	at org.junit.jupiter.engine.descriptor.ClassBasedTestDescriptor.instantiateAndPostProcessTestInstance(ClassBasedTestDescriptor.java:289) ~[junit-jupiter-engine-5.10.5.jar:5.10.5]
	at org.junit.jupiter.engine.descriptor.ClassBasedTestDescriptor.lambda$testInstancesProvider$4(ClassBasedTestDescriptor.java:279) ~[junit-jupiter-engine-5.10.5.jar:5.10.5]
	at java.base/java.util.Optional.orElseGet(Optional.java:364) ~[na:na]
	at org.junit.jupiter.engine.descriptor.ClassBasedTestDescriptor.lambda$testInstancesProvider$5(ClassBasedTestDescriptor.java:278) ~[junit-jupiter-engine-5.10.5.jar:5.10.5]
	at org.junit.jupiter.engine.execution.TestInstancesProvider.getTestInstances(TestInstancesProvider.java:31) ~[junit-jupiter-engine-5.10.5.jar:5.10.5]
	at org.junit.jupiter.engine.descriptor.TestMethodTestDescriptor.lambda$prepare$0(TestMethodTestDescriptor.java:106) ~[junit-jupiter-engine-5.10.5.jar:5.10.5]
	at org.junit.platform.engine.support.hierarchical.ThrowableCollector.execute(ThrowableCollector.java:73) ~[junit-platform-engine-1.10.5.jar:1.10.5]
	at org.junit.jupiter.engine.descriptor.TestMethodTestDescriptor.prepare(TestMethodTestDescriptor.java:105) ~[junit-jupiter-engine-5.10.5.jar:5.10.5]
	at org.junit.jupiter.engine.descriptor.TestMethodTestDescriptor.prepare(TestMethodTestDescriptor.java:69) ~[junit-jupiter-engine-5.10.5.jar:5.10.5]
	at org.junit.platform.engine.support.hierarchical.NodeTestTask.lambda$prepare$2(NodeTestTask.java:128) ~[junit-platform-engine-1.10.5.jar:1.10.5]
	at org.junit.platform.engine.support.hierarchical.ThrowableCollector.execute(ThrowableCollector.java:73) ~[junit-platform-engine-1.10.5.jar:1.10.5]
	at org.junit.platform.engine.support.hierarchical.NodeTestTask.prepare(NodeTestTask.java:128) ~[junit-platform-engine-1.10.5.jar:1.10.5]
	at org.junit.platform.engine.support.hierarchical.NodeTestTask.execute(NodeTestTask.java:95) ~[junit-platform-engine-1.10.5.jar:1.10.5]
	at java.base/java.util.ArrayList.forEach(ArrayList.java:1604) ~[na:na]
	at org.junit.platform.engine.support.hierarchical.SameThreadHierarchicalTestExecutorService.invokeAll(SameThreadHierarchicalTestExecutorService.java:41) ~[junit-platform-engine-1.10.5.jar:1.10.5]
	at org.junit.platform.engine.support.hierarchical.NodeTestTask.lambda$executeRecursively$6(NodeTestTask.java:160) ~[junit-platform-engine-1.10.5.jar:1.10.5]
	at org.junit.platform.engine.support.hierarchical.ThrowableCollector.execute(ThrowableCollector.java:73) ~[junit-platform-engine-1.10.5.jar:1.10.5]
	at org.junit.platform.engine.support.hierarchical.NodeTestTask.lambda$executeRecursively$8(NodeTestTask.java:146) ~[junit-platform-engine-1.10.5.jar:1.10.5]
	at org.junit.platform.engine.support.hierarchical.Node.around(Node.java:137) ~[junit-platform-engine-1.10.5.jar:1.10.5]
	at org.junit.platform.engine.support.hierarchical.NodeTestTask.lambda$executeRecursively$9(NodeTestTask.java:144) ~[junit-platform-engine-1.10.5.jar:1.10.5]
	at org.junit.platform.engine.support.hierarchical.ThrowableCollector.execute(ThrowableCollector.java:73) ~[junit-platform-engine-1.10.5.jar:1.10.5]
	at org.junit.platform.engine.support.hierarchical.NodeTestTask.executeRecursively(NodeTestTask.java:143) ~[junit-platform-engine-1.10.5.jar:1.10.5]
	at org.junit.platform.engine.support.hierarchical.NodeTestTask.execute(NodeTestTask.java:100) ~[junit-platform-engine-1.10.5.jar:1.10.5]
	at java.base/java.util.ArrayList.forEach(ArrayList.java:1604) ~[na:na]
	at org.junit.platform.engine.support.hierarchical.SameThreadHierarchicalTestExecutorService.invokeAll(SameThreadHierarchicalTestExecutorService.java:41) ~[junit-platform-engine-1.10.5.jar:1.10.5]
	at org.junit.platform.engine.support.hierarchical.NodeTestTask.lambda$executeRecursively$6(NodeTestTask.java:160) ~[junit-platform-engine-1.10.5.jar:1.10.5]
	at org.junit.platform.engine.support.hierarchical.ThrowableCollector.execute(ThrowableCollector.java:73) ~[junit-platform-engine-1.10.5.jar:1.10.5]
	at org.junit.platform.engine.support.hierarchical.NodeTestTask.lambda$executeRecursively$8(NodeTestTask.java:146) ~[junit-platform-engine-1.10.5.jar:1.10.5]
	at org.junit.platform.engine.support.hierarchical.Node.around(Node.java:137) ~[junit-platform-engine-1.10.5.jar:1.10.5]
	at org.junit.platform.engine.support.hierarchical.NodeTestTask.lambda$executeRecursively$9(NodeTestTask.java:144) ~[junit-platform-engine-1.10.5.jar:1.10.5]
	at org.junit.platform.engine.support.hierarchical.ThrowableCollector.execute(ThrowableCollector.java:73) ~[junit-platform-engine-1.10.5.jar:1.10.5]
	at org.junit.platform.engine.support.hierarchical.NodeTestTask.executeRecursively(NodeTestTask.java:143) ~[junit-platform-engine-1.10.5.jar:1.10.5]
	at org.junit.platform.engine.support.hierarchical.NodeTestTask.execute(NodeTestTask.java:100) ~[junit-platform-engine-1.10.5.jar:1.10.5]
	at org.junit.platform.engine.support.hierarchical.SameThreadHierarchicalTestExecutorService.submit(SameThreadHierarchicalTestExecutorService.java:35) ~[junit-platform-engine-1.10.5.jar:1.10.5]
	at org.junit.platform.engine.support.hierarchical.HierarchicalTestExecutor.execute(HierarchicalTestExecutor.java:57) ~[junit-platform-engine-1.10.5.jar:1.10.5]
	at org.junit.platform.engine.support.hierarchical.HierarchicalTestEngine.execute(HierarchicalTestEngine.java:54) ~[junit-platform-engine-1.10.5.jar:1.10.5]
	at org.junit.platform.launcher.core.EngineExecutionOrchestrator.execute(EngineExecutionOrchestrator.java:198) ~[junit-platform-launcher-1.10.5.jar:1.10.5]
	at org.junit.platform.launcher.core.EngineExecutionOrchestrator.execute(EngineExecutionOrchestrator.java:169) ~[junit-platform-launcher-1.10.5.jar:1.10.5]
	at org.junit.platform.launcher.core.EngineExecutionOrchestrator.execute(EngineExecutionOrchestrator.java:93) ~[junit-platform-launcher-1.10.5.jar:1.10.5]
	at org.junit.platform.launcher.core.EngineExecutionOrchestrator.lambda$execute$0(EngineExecutionOrchestrator.java:58) ~[junit-platform-launcher-1.10.5.jar:1.10.5]
	at org.junit.platform.launcher.core.EngineExecutionOrchestrator.withInterceptedStreams(EngineExecutionOrchestrator.java:141) ~[junit-platform-launcher-1.10.5.jar:1.10.5]
	at org.junit.platform.launcher.core.EngineExecutionOrchestrator.execute(EngineExecutionOrchestrator.java:57) ~[junit-platform-launcher-1.10.5.jar:1.10.5]
	at org.junit.platform.launcher.core.DefaultLauncher.execute(DefaultLauncher.java:103) ~[junit-platform-launcher-1.10.5.jar:1.10.5]
	at org.junit.platform.launcher.core.DefaultLauncher.execute(DefaultLauncher.java:85) ~[junit-platform-launcher-1.10.5.jar:1.10.5]
	at org.junit.platform.launcher.core.DelegatingLauncher.execute(DelegatingLauncher.java:47) ~[junit-platform-launcher-1.10.5.jar:1.10.5]
	at org.apache.maven.surefire.junitplatform.LazyLauncher.execute(LazyLauncher.java:56) ~[surefire-junit-platform-3.2.5.jar:3.2.5]
	at org.apache.maven.surefire.junitplatform.JUnitPlatformProvider.execute(JUnitPlatformProvider.java:184) ~[surefire-junit-platform-3.2.5.jar:3.2.5]
	at org.apache.maven.surefire.junitplatform.JUnitPlatformProvider.invokeAllTests(JUnitPlatformProvider.java:148) ~[surefire-junit-platform-3.2.5.jar:3.2.5]
	at org.apache.maven.surefire.junitplatform.JUnitPlatformProvider.invoke(JUnitPlatformProvider.java:122) ~[surefire-junit-platform-3.2.5.jar:3.2.5]
	at org.apache.maven.surefire.booter.ForkedBooter.runSuitesInProcess(ForkedBooter.java:385) ~[surefire-booter-3.2.5.jar:3.2.5]
	at org.apache.maven.surefire.booter.ForkedBooter.execute(ForkedBooter.java:162) ~[surefire-booter-3.2.5.jar:3.2.5]
	at org.apache.maven.surefire.booter.ForkedBooter.run(ForkedBooter.java:507) ~[surefire-booter-3.2.5.jar:3.2.5]
	at org.apache.maven.surefire.booter.ForkedBooter.main(ForkedBooter.java:495) ~[surefire-booter-3.2.5.jar:3.2.5]

2026-03-02T12:39:51.872+05:30  WARN 6540 --- [           main] o.s.test.context.TestContextManager      : Caught exception while allowing TestExecutionListener [org.springframework.test.context.web.ServletTestExecutionListener] to prepare test instance [com.bookfair.controller.AuthControllerTest@2cd6fae8]

java.lang.IllegalStateException: ApplicationContext failure threshold (1) exceeded: skipping repeated attempt to load context for [WebMergedContextConfiguration@29becf8b testClass = com.bookfair.controller.AuthControllerTest, locations = [], classes = [com.bookfair.BookfairApplication], contextInitializerClasses = [], activeProfiles = [], propertySourceDescriptors = [], propertySourceProperties = ["org.springframework.boot.test.context.SpringBootTestContextBootstrapper=true"], contextCustomizers = [[ImportsContextCustomizer@628b1538 key = [org.springframework.boot.test.autoconfigure.web.servlet.MockMvcWebDriverAutoConfiguration, org.springframework.boot.test.autoconfigure.web.servlet.MockMvcAutoConfiguration, org.springframework.boot.autoconfigure.security.oauth2.client.servlet.OAuth2ClientAutoConfiguration, org.springframework.boot.autoconfigure.security.servlet.SecurityAutoConfiguration, org.springframework.boot.autoconfigure.security.servlet.SecurityFilterAutoConfiguration, org.springframework.boot.autoconfigure.security.servlet.UserDetailsServiceAutoConfiguration, org.springframework.boot.autoconfigure.security.oauth2.resource.servlet.OAuth2ResourceServerAutoConfiguration, org.springframework.boot.test.autoconfigure.web.servlet.MockMvcSecurityConfiguration, org.springframework.boot.test.autoconfigure.web.servlet.MockMvcWebClientAutoConfiguration, org.springframework.boot.test.autoconfigure.web.reactive.WebTestClientAutoConfiguration]], org.springframework.boot.test.context.filter.ExcludeFilterContextCustomizer@44be0077, org.springframework.boot.test.json.DuplicateJsonObjectContextCustomizerFactory$DuplicateJsonObjectContextCustomizer@6aa8e115, org.springframework.boot.test.mock.mockito.MockitoContextCustomizer@0, org.springframework.boot.test.web.client.TestRestTemplateContextCustomizer@2570851e, org.springframework.boot.test.web.reactor.netty.DisableReactorResourceFactoryGlobalResourcesContextCustomizerFactory$DisableReactorResourceFactoryGlobalResourcesContextCustomizerCustomizer@1c39680d, org.springframework.boot.test.autoconfigure.OnFailureConditionReportContextCustomizerFactory$OnFailureConditionReportContextCustomizer@a37aefe, org.springframework.boot.test.autoconfigure.actuate.observability.ObservabilityContextCustomizerFactory$DisableObservabilityContextCustomizer@1f, org.springframework.boot.test.autoconfigure.properties.PropertyMappingContextCustomizer@4b3fa0b3, org.springframework.boot.test.autoconfigure.web.servlet.WebDriverContextCustomizer@5be49b60, org.springframework.boot.test.context.SpringBootTestAnnotation@9f8dd146], resourceBasePath = "src/main/webapp", contextLoader = org.springframework.boot.test.context.SpringBootContextLoader, parent = null]
	at org.springframework.test.context.cache.DefaultCacheAwareContextLoaderDelegate.loadContext(DefaultCacheAwareContextLoaderDelegate.java:145) ~[spring-test-6.1.14.jar:6.1.14]
	at org.springframework.test.context.support.DefaultTestContext.getApplicationContext(DefaultTestContext.java:130) ~[spring-test-6.1.14.jar:6.1.14]
	at org.springframework.test.context.web.ServletTestExecutionListener.setUpRequestContextIfNecessary(ServletTestExecutionListener.java:191) ~[spring-test-6.1.14.jar:6.1.14]
	at org.springframework.test.context.web.ServletTestExecutionListener.prepareTestInstance(ServletTestExecutionListener.java:130) ~[spring-test-6.1.14.jar:6.1.14]
	at org.springframework.test.context.TestContextManager.prepareTestInstance(TestContextManager.java:260) ~[spring-test-6.1.14.jar:6.1.14]
	at org.springframework.test.context.junit.jupiter.SpringExtension.postProcessTestInstance(SpringExtension.java:163) ~[spring-test-6.1.14.jar:6.1.14]
	at org.junit.jupiter.engine.descriptor.ClassBasedTestDescriptor.lambda$invokeTestInstancePostProcessors$10(ClassBasedTestDescriptor.java:378) ~[junit-jupiter-engine-5.10.5.jar:5.10.5]
	at org.junit.jupiter.engine.descriptor.ClassBasedTestDescriptor.executeAndMaskThrowable(ClassBasedTestDescriptor.java:383) ~[junit-jupiter-engine-5.10.5.jar:5.10.5]
	at org.junit.jupiter.engine.descriptor.ClassBasedTestDescriptor.lambda$invokeTestInstancePostProcessors$11(ClassBasedTestDescriptor.java:378) ~[junit-jupiter-engine-5.10.5.jar:5.10.5]
	at java.base/java.util.stream.ReferencePipeline$3$1.accept(ReferencePipeline.java:214) ~[na:na]
	at java.base/java.util.stream.ReferencePipeline$2$1.accept(ReferencePipeline.java:197) ~[na:na]
	at java.base/java.util.ArrayList$ArrayListSpliterator.forEachRemaining(ArrayList.java:1716) ~[na:na]
	at java.base/java.util.stream.AbstractPipeline.copyInto(AbstractPipeline.java:570) ~[na:na]
	at java.base/java.util.stream.AbstractPipeline.wrapAndCopyInto(AbstractPipeline.java:560) ~[na:na]
	at java.base/java.util.stream.StreamSpliterators$WrappingSpliterator.forEachRemaining(StreamSpliterators.java:315) ~[na:na]
	at java.base/java.util.stream.Streams$ConcatSpliterator.forEachRemaining(Streams.java:735) ~[na:na]
	at java.base/java.util.stream.Streams$ConcatSpliterator.forEachRemaining(Streams.java:734) ~[na:na]
	at java.base/java.util.stream.ReferencePipeline$Head.forEach(ReferencePipeline.java:803) ~[na:na]
	at org.junit.jupiter.engine.descriptor.ClassBasedTestDescriptor.invokeTestInstancePostProcessors(ClassBasedTestDescriptor.java:377) ~[junit-jupiter-engine-5.10.5.jar:5.10.5]
	at org.junit.jupiter.engine.descriptor.ClassBasedTestDescriptor.lambda$instantiateAndPostProcessTestInstance$6(ClassBasedTestDescriptor.java:290) ~[junit-jupiter-engine-5.10.5.jar:5.10.5]
	at org.junit.platform.engine.support.hierarchical.ThrowableCollector.execute(ThrowableCollector.java:73) ~[junit-platform-engine-1.10.5.jar:1.10.5]
	at org.junit.jupiter.engine.descriptor.ClassBasedTestDescriptor.instantiateAndPostProcessTestInstance(ClassBasedTestDescriptor.java:289) ~[junit-jupiter-engine-5.10.5.jar:5.10.5]
	at org.junit.jupiter.engine.descriptor.ClassBasedTestDescriptor.lambda$testInstancesProvider$4(ClassBasedTestDescriptor.java:279) ~[junit-jupiter-engine-5.10.5.jar:5.10.5]
	at java.base/java.util.Optional.orElseGet(Optional.java:364) ~[na:na]
	at org.junit.jupiter.engine.descriptor.ClassBasedTestDescriptor.lambda$testInstancesProvider$5(ClassBasedTestDescriptor.java:278) ~[junit-jupiter-engine-5.10.5.jar:5.10.5]
	at org.junit.jupiter.engine.execution.TestInstancesProvider.getTestInstances(TestInstancesProvider.java:31) ~[junit-jupiter-engine-5.10.5.jar:5.10.5]
	at org.junit.jupiter.engine.descriptor.TestMethodTestDescriptor.lambda$prepare$0(TestMethodTestDescriptor.java:106) ~[junit-jupiter-engine-5.10.5.jar:5.10.5]
	at org.junit.platform.engine.support.hierarchical.ThrowableCollector.execute(ThrowableCollector.java:73) ~[junit-platform-engine-1.10.5.jar:1.10.5]
	at org.junit.jupiter.engine.descriptor.TestMethodTestDescriptor.prepare(TestMethodTestDescriptor.java:105) ~[junit-jupiter-engine-5.10.5.jar:5.10.5]
	at org.junit.jupiter.engine.descriptor.TestMethodTestDescriptor.prepare(TestMethodTestDescriptor.java:69) ~[junit-jupiter-engine-5.10.5.jar:5.10.5]
	at org.junit.platform.engine.support.hierarchical.NodeTestTask.lambda$prepare$2(NodeTestTask.java:128) ~[junit-platform-engine-1.10.5.jar:1.10.5]
	at org.junit.platform.engine.support.hierarchical.ThrowableCollector.execute(ThrowableCollector.java:73) ~[junit-platform-engine-1.10.5.jar:1.10.5]
	at org.junit.platform.engine.support.hierarchical.NodeTestTask.prepare(NodeTestTask.java:128) ~[junit-platform-engine-1.10.5.jar:1.10.5]
	at org.junit.platform.engine.support.hierarchical.NodeTestTask.execute(NodeTestTask.java:95) ~[junit-platform-engine-1.10.5.jar:1.10.5]
	at java.base/java.util.ArrayList.forEach(ArrayList.java:1604) ~[na:na]
	at org.junit.platform.engine.support.hierarchical.SameThreadHierarchicalTestExecutorService.invokeAll(SameThreadHierarchicalTestExecutorService.java:41) ~[junit-platform-engine-1.10.5.jar:1.10.5]
	at org.junit.platform.engine.support.hierarchical.NodeTestTask.lambda$executeRecursively$6(NodeTestTask.java:160) ~[junit-platform-engine-1.10.5.jar:1.10.5]
	at org.junit.platform.engine.support.hierarchical.ThrowableCollector.execute(ThrowableCollector.java:73) ~[junit-platform-engine-1.10.5.jar:1.10.5]
	at org.junit.platform.engine.support.hierarchical.NodeTestTask.lambda$executeRecursively$8(NodeTestTask.java:146) ~[junit-platform-engine-1.10.5.jar:1.10.5]
	at org.junit.platform.engine.support.hierarchical.Node.around(Node.java:137) ~[junit-platform-engine-1.10.5.jar:1.10.5]
	at org.junit.platform.engine.support.hierarchical.NodeTestTask.lambda$executeRecursively$9(NodeTestTask.java:144) ~[junit-platform-engine-1.10.5.jar:1.10.5]
	at org.junit.platform.engine.support.hierarchical.ThrowableCollector.execute(ThrowableCollector.java:73) ~[junit-platform-engine-1.10.5.jar:1.10.5]
	at org.junit.platform.engine.support.hierarchical.NodeTestTask.executeRecursively(NodeTestTask.java:143) ~[junit-platform-engine-1.10.5.jar:1.10.5]
	at org.junit.platform.engine.support.hierarchical.NodeTestTask.execute(NodeTestTask.java:100) ~[junit-platform-engine-1.10.5.jar:1.10.5]
	at java.base/java.util.ArrayList.forEach(ArrayList.java:1604) ~[na:na]
	at org.junit.platform.engine.support.hierarchical.SameThreadHierarchicalTestExecutorService.invokeAll(SameThreadHierarchicalTestExecutorService.java:41) ~[junit-platform-engine-1.10.5.jar:1.10.5]
	at org.junit.platform.engine.support.hierarchical.NodeTestTask.lambda$executeRecursively$6(NodeTestTask.java:160) ~[junit-platform-engine-1.10.5.jar:1.10.5]
	at org.junit.platform.engine.support.hierarchical.ThrowableCollector.execute(ThrowableCollector.java:73) ~[junit-platform-engine-1.10.5.jar:1.10.5]
	at org.junit.platform.engine.support.hierarchical.NodeTestTask.lambda$executeRecursively$8(NodeTestTask.java:146) ~[junit-platform-engine-1.10.5.jar:1.10.5]
	at org.junit.platform.engine.support.hierarchical.Node.around(Node.java:137) ~[junit-platform-engine-1.10.5.jar:1.10.5]
	at org.junit.platform.engine.support.hierarchical.NodeTestTask.lambda$executeRecursively$9(NodeTestTask.java:144) ~[junit-platform-engine-1.10.5.jar:1.10.5]
	at org.junit.platform.engine.support.hierarchical.ThrowableCollector.execute(ThrowableCollector.java:73) ~[junit-platform-engine-1.10.5.jar:1.10.5]
	at org.junit.platform.engine.support.hierarchical.NodeTestTask.executeRecursively(NodeTestTask.java:143) ~[junit-platform-engine-1.10.5.jar:1.10.5]
	at org.junit.platform.engine.support.hierarchical.NodeTestTask.execute(NodeTestTask.java:100) ~[junit-platform-engine-1.10.5.jar:1.10.5]
	at org.junit.platform.engine.support.hierarchical.SameThreadHierarchicalTestExecutorService.submit(SameThreadHierarchicalTestExecutorService.java:35) ~[junit-platform-engine-1.10.5.jar:1.10.5]
	at org.junit.platform.engine.support.hierarchical.HierarchicalTestExecutor.execute(HierarchicalTestExecutor.java:57) ~[junit-platform-engine-1.10.5.jar:1.10.5]
	at org.junit.platform.engine.support.hierarchical.HierarchicalTestEngine.execute(HierarchicalTestEngine.java:54) ~[junit-platform-engine-1.10.5.jar:1.10.5]
	at org.junit.platform.launcher.core.EngineExecutionOrchestrator.execute(EngineExecutionOrchestrator.java:198) ~[junit-platform-launcher-1.10.5.jar:1.10.5]
	at org.junit.platform.launcher.core.EngineExecutionOrchestrator.execute(EngineExecutionOrchestrator.java:169) ~[junit-platform-launcher-1.10.5.jar:1.10.5]
	at org.junit.platform.launcher.core.EngineExecutionOrchestrator.execute(EngineExecutionOrchestrator.java:93) ~[junit-platform-launcher-1.10.5.jar:1.10.5]
	at org.junit.platform.launcher.core.EngineExecutionOrchestrator.lambda$execute$0(EngineExecutionOrchestrator.java:58) ~[junit-platform-launcher-1.10.5.jar:1.10.5]
	at org.junit.platform.launcher.core.EngineExecutionOrchestrator.withInterceptedStreams(EngineExecutionOrchestrator.java:141) ~[junit-platform-launcher-1.10.5.jar:1.10.5]
	at org.junit.platform.launcher.core.EngineExecutionOrchestrator.execute(EngineExecutionOrchestrator.java:57) ~[junit-platform-launcher-1.10.5.jar:1.10.5]
	at org.junit.platform.launcher.core.DefaultLauncher.execute(DefaultLauncher.java:103) ~[junit-platform-launcher-1.10.5.jar:1.10.5]
	at org.junit.platform.launcher.core.DefaultLauncher.execute(DefaultLauncher.java:85) ~[junit-platform-launcher-1.10.5.jar:1.10.5]
	at org.junit.platform.launcher.core.DelegatingLauncher.execute(DelegatingLauncher.java:47) ~[junit-platform-launcher-1.10.5.jar:1.10.5]
	at org.apache.maven.surefire.junitplatform.LazyLauncher.execute(LazyLauncher.java:56) ~[surefire-junit-platform-3.2.5.jar:3.2.5]
	at org.apache.maven.surefire.junitplatform.JUnitPlatformProvider.execute(JUnitPlatformProvider.java:184) ~[surefire-junit-platform-3.2.5.jar:3.2.5]
	at org.apache.maven.surefire.junitplatform.JUnitPlatformProvider.invokeAllTests(JUnitPlatformProvider.java:148) ~[surefire-junit-platform-3.2.5.jar:3.2.5]
	at org.apache.maven.surefire.junitplatform.JUnitPlatformProvider.invoke(JUnitPlatformProvider.java:122) ~[surefire-junit-platform-3.2.5.jar:3.2.5]
	at org.apache.maven.surefire.booter.ForkedBooter.runSuitesInProcess(ForkedBooter.java:385) ~[surefire-booter-3.2.5.jar:3.2.5]
	at org.apache.maven.surefire.booter.ForkedBooter.execute(ForkedBooter.java:162) ~[surefire-booter-3.2.5.jar:3.2.5]
	at org.apache.maven.surefire.booter.ForkedBooter.run(ForkedBooter.java:507) ~[surefire-booter-3.2.5.jar:3.2.5]
	at org.apache.maven.surefire.booter.ForkedBooter.main(ForkedBooter.java:495) ~[surefire-booter-3.2.5.jar:3.2.5]

2026-03-02T12:39:51.876+05:30  WARN 6540 --- [           main] o.s.test.context.TestContextManager      : Caught exception while allowing TestExecutionListener [org.springframework.test.context.web.ServletTestExecutionListener] to prepare test instance [com.bookfair.controller.AuthControllerTest@72ea5674]

java.lang.IllegalStateException: ApplicationContext failure threshold (1) exceeded: skipping repeated attempt to load context for [WebMergedContextConfiguration@29becf8b testClass = com.bookfair.controller.AuthControllerTest, locations = [], classes = [com.bookfair.BookfairApplication], contextInitializerClasses = [], activeProfiles = [], propertySourceDescriptors = [], propertySourceProperties = ["org.springframework.boot.test.context.SpringBootTestContextBootstrapper=true"], contextCustomizers = [[ImportsContextCustomizer@628b1538 key = [org.springframework.boot.test.autoconfigure.web.servlet.MockMvcWebDriverAutoConfiguration, org.springframework.boot.test.autoconfigure.web.servlet.MockMvcAutoConfiguration, org.springframework.boot.autoconfigure.security.oauth2.client.servlet.OAuth2ClientAutoConfiguration, org.springframework.boot.autoconfigure.security.servlet.SecurityAutoConfiguration, org.springframework.boot.autoconfigure.security.servlet.SecurityFilterAutoConfiguration, org.springframework.boot.autoconfigure.security.servlet.UserDetailsServiceAutoConfiguration, org.springframework.boot.autoconfigure.security.oauth2.resource.servlet.OAuth2ResourceServerAutoConfiguration, org.springframework.boot.test.autoconfigure.web.servlet.MockMvcSecurityConfiguration, org.springframework.boot.test.autoconfigure.web.servlet.MockMvcWebClientAutoConfiguration, org.springframework.boot.test.autoconfigure.web.reactive.WebTestClientAutoConfiguration]], org.springframework.boot.test.context.filter.ExcludeFilterContextCustomizer@44be0077, org.springframework.boot.test.json.DuplicateJsonObjectContextCustomizerFactory$DuplicateJsonObjectContextCustomizer@6aa8e115, org.springframework.boot.test.mock.mockito.MockitoContextCustomizer@0, org.springframework.boot.test.web.client.TestRestTemplateContextCustomizer@2570851e, org.springframework.boot.test.web.reactor.netty.DisableReactorResourceFactoryGlobalResourcesContextCustomizerFactory$DisableReactorResourceFactoryGlobalResourcesContextCustomizerCustomizer@1c39680d, org.springframework.boot.test.autoconfigure.OnFailureConditionReportContextCustomizerFactory$OnFailureConditionReportContextCustomizer@a37aefe, org.springframework.boot.test.autoconfigure.actuate.observability.ObservabilityContextCustomizerFactory$DisableObservabilityContextCustomizer@1f, org.springframework.boot.test.autoconfigure.properties.PropertyMappingContextCustomizer@4b3fa0b3, org.springframework.boot.test.autoconfigure.web.servlet.WebDriverContextCustomizer@5be49b60, org.springframework.boot.test.context.SpringBootTestAnnotation@9f8dd146], resourceBasePath = "src/main/webapp", contextLoader = org.springframework.boot.test.context.SpringBootContextLoader, parent = null]
	at org.springframework.test.context.cache.DefaultCacheAwareContextLoaderDelegate.loadContext(DefaultCacheAwareContextLoaderDelegate.java:145) ~[spring-test-6.1.14.jar:6.1.14]
	at org.springframework.test.context.support.DefaultTestContext.getApplicationContext(DefaultTestContext.java:130) ~[spring-test-6.1.14.jar:6.1.14]
	at org.springframework.test.context.web.ServletTestExecutionListener.setUpRequestContextIfNecessary(ServletTestExecutionListener.java:191) ~[spring-test-6.1.14.jar:6.1.14]
	at org.springframework.test.context.web.ServletTestExecutionListener.prepareTestInstance(ServletTestExecutionListener.java:130) ~[spring-test-6.1.14.jar:6.1.14]
	at org.springframework.test.context.TestContextManager.prepareTestInstance(TestContextManager.java:260) ~[spring-test-6.1.14.jar:6.1.14]
	at org.springframework.test.context.junit.jupiter.SpringExtension.postProcessTestInstance(SpringExtension.java:163) ~[spring-test-6.1.14.jar:6.1.14]
	at org.junit.jupiter.engine.descriptor.ClassBasedTestDescriptor.lambda$invokeTestInstancePostProcessors$10(ClassBasedTestDescriptor.java:378) ~[junit-jupiter-engine-5.10.5.jar:5.10.5]
	at org.junit.jupiter.engine.descriptor.ClassBasedTestDescriptor.executeAndMaskThrowable(ClassBasedTestDescriptor.java:383) ~[junit-jupiter-engine-5.10.5.jar:5.10.5]
	at org.junit.jupiter.engine.descriptor.ClassBasedTestDescriptor.lambda$invokeTestInstancePostProcessors$11(ClassBasedTestDescriptor.java:378) ~[junit-jupiter-engine-5.10.5.jar:5.10.5]
	at java.base/java.util.stream.ReferencePipeline$3$1.accept(ReferencePipeline.java:214) ~[na:na]
	at java.base/java.util.stream.ReferencePipeline$2$1.accept(ReferencePipeline.java:197) ~[na:na]
	at java.base/java.util.ArrayList$ArrayListSpliterator.forEachRemaining(ArrayList.java:1716) ~[na:na]
	at java.base/java.util.stream.AbstractPipeline.copyInto(AbstractPipeline.java:570) ~[na:na]
	at java.base/java.util.stream.AbstractPipeline.wrapAndCopyInto(AbstractPipeline.java:560) ~[na:na]
	at java.base/java.util.stream.StreamSpliterators$WrappingSpliterator.forEachRemaining(StreamSpliterators.java:315) ~[na:na]
	at java.base/java.util.stream.Streams$ConcatSpliterator.forEachRemaining(Streams.java:735) ~[na:na]
	at java.base/java.util.stream.Streams$ConcatSpliterator.forEachRemaining(Streams.java:734) ~[na:na]
	at java.base/java.util.stream.ReferencePipeline$Head.forEach(ReferencePipeline.java:803) ~[na:na]
	at org.junit.jupiter.engine.descriptor.ClassBasedTestDescriptor.invokeTestInstancePostProcessors(ClassBasedTestDescriptor.java:377) ~[junit-jupiter-engine-5.10.5.jar:5.10.5]
	at org.junit.jupiter.engine.descriptor.ClassBasedTestDescriptor.lambda$instantiateAndPostProcessTestInstance$6(ClassBasedTestDescriptor.java:290) ~[junit-jupiter-engine-5.10.5.jar:5.10.5]
	at org.junit.platform.engine.support.hierarchical.ThrowableCollector.execute(ThrowableCollector.java:73) ~[junit-platform-engine-1.10.5.jar:1.10.5]
	at org.junit.jupiter.engine.descriptor.ClassBasedTestDescriptor.instantiateAndPostProcessTestInstance(ClassBasedTestDescriptor.java:289) ~[junit-jupiter-engine-5.10.5.jar:5.10.5]
	at org.junit.jupiter.engine.descriptor.ClassBasedTestDescriptor.lambda$testInstancesProvider$4(ClassBasedTestDescriptor.java:279) ~[junit-jupiter-engine-5.10.5.jar:5.10.5]
	at java.base/java.util.Optional.orElseGet(Optional.java:364) ~[na:na]
	at org.junit.jupiter.engine.descriptor.ClassBasedTestDescriptor.lambda$testInstancesProvider$5(ClassBasedTestDescriptor.java:278) ~[junit-jupiter-engine-5.10.5.jar:5.10.5]
	at org.junit.jupiter.engine.execution.TestInstancesProvider.getTestInstances(TestInstancesProvider.java:31) ~[junit-jupiter-engine-5.10.5.jar:5.10.5]
	at org.junit.jupiter.engine.descriptor.TestMethodTestDescriptor.lambda$prepare$0(TestMethodTestDescriptor.java:106) ~[junit-jupiter-engine-5.10.5.jar:5.10.5]
	at org.junit.platform.engine.support.hierarchical.ThrowableCollector.execute(ThrowableCollector.java:73) ~[junit-platform-engine-1.10.5.jar:1.10.5]
	at org.junit.jupiter.engine.descriptor.TestMethodTestDescriptor.prepare(TestMethodTestDescriptor.java:105) ~[junit-jupiter-engine-5.10.5.jar:5.10.5]
	at org.junit.jupiter.engine.descriptor.TestMethodTestDescriptor.prepare(TestMethodTestDescriptor.java:69) ~[junit-jupiter-engine-5.10.5.jar:5.10.5]
	at org.junit.platform.engine.support.hierarchical.NodeTestTask.lambda$prepare$2(NodeTestTask.java:128) ~[junit-platform-engine-1.10.5.jar:1.10.5]
	at org.junit.platform.engine.support.hierarchical.ThrowableCollector.execute(ThrowableCollector.java:73) ~[junit-platform-engine-1.10.5.jar:1.10.5]
	at org.junit.platform.engine.support.hierarchical.NodeTestTask.prepare(NodeTestTask.java:128) ~[junit-platform-engine-1.10.5.jar:1.10.5]
	at org.junit.platform.engine.support.hierarchical.NodeTestTask.execute(NodeTestTask.java:95) ~[junit-platform-engine-1.10.5.jar:1.10.5]
	at java.base/java.util.ArrayList.forEach(ArrayList.java:1604) ~[na:na]
	at org.junit.platform.engine.support.hierarchical.SameThreadHierarchicalTestExecutorService.invokeAll(SameThreadHierarchicalTestExecutorService.java:41) ~[junit-platform-engine-1.10.5.jar:1.10.5]
	at org.junit.platform.engine.support.hierarchical.NodeTestTask.lambda$executeRecursively$6(NodeTestTask.java:160) ~[junit-platform-engine-1.10.5.jar:1.10.5]
	at org.junit.platform.engine.support.hierarchical.ThrowableCollector.execute(ThrowableCollector.java:73) ~[junit-platform-engine-1.10.5.jar:1.10.5]
	at org.junit.platform.engine.support.hierarchical.NodeTestTask.lambda$executeRecursively$8(NodeTestTask.java:146) ~[junit-platform-engine-1.10.5.jar:1.10.5]
	at org.junit.platform.engine.support.hierarchical.Node.around(Node.java:137) ~[junit-platform-engine-1.10.5.jar:1.10.5]
	at org.junit.platform.engine.support.hierarchical.NodeTestTask.lambda$executeRecursively$9(NodeTestTask.java:144) ~[junit-platform-engine-1.10.5.jar:1.10.5]
	at org.junit.platform.engine.support.hierarchical.ThrowableCollector.execute(ThrowableCollector.java:73) ~[junit-platform-engine-1.10.5.jar:1.10.5]
	at org.junit.platform.engine.support.hierarchical.NodeTestTask.executeRecursively(NodeTestTask.java:143) ~[junit-platform-engine-1.10.5.jar:1.10.5]
	at org.junit.platform.engine.support.hierarchical.NodeTestTask.execute(NodeTestTask.java:100) ~[junit-platform-engine-1.10.5.jar:1.10.5]
	at java.base/java.util.ArrayList.forEach(ArrayList.java:1604) ~[na:na]
	at org.junit.platform.engine.support.hierarchical.SameThreadHierarchicalTestExecutorService.invokeAll(SameThreadHierarchicalTestExecutorService.java:41) ~[junit-platform-engine-1.10.5.jar:1.10.5]
	at org.junit.platform.engine.support.hierarchical.NodeTestTask.lambda$executeRecursively$6(NodeTestTask.java:160) ~[junit-platform-engine-1.10.5.jar:1.10.5]
	at org.junit.platform.engine.support.hierarchical.ThrowableCollector.execute(ThrowableCollector.java:73) ~[junit-platform-engine-1.10.5.jar:1.10.5]
	at org.junit.platform.engine.support.hierarchical.NodeTestTask.lambda$executeRecursively$8(NodeTestTask.java:146) ~[junit-platform-engine-1.10.5.jar:1.10.5]
	at org.junit.platform.engine.support.hierarchical.Node.around(Node.java:137) ~[junit-platform-engine-1.10.5.jar:1.10.5]
	at org.junit.platform.engine.support.hierarchical.NodeTestTask.lambda$executeRecursively$9(NodeTestTask.java:144) ~[junit-platform-engine-1.10.5.jar:1.10.5]
	at org.junit.platform.engine.support.hierarchical.ThrowableCollector.execute(ThrowableCollector.java:73) ~[junit-platform-engine-1.10.5.jar:1.10.5]
	at org.junit.platform.engine.support.hierarchical.NodeTestTask.executeRecursively(NodeTestTask.java:143) ~[junit-platform-engine-1.10.5.jar:1.10.5]
	at org.junit.platform.engine.support.hierarchical.NodeTestTask.execute(NodeTestTask.java:100) ~[junit-platform-engine-1.10.5.jar:1.10.5]
	at org.junit.platform.engine.support.hierarchical.SameThreadHierarchicalTestExecutorService.submit(SameThreadHierarchicalTestExecutorService.java:35) ~[junit-platform-engine-1.10.5.jar:1.10.5]
	at org.junit.platform.engine.support.hierarchical.HierarchicalTestExecutor.execute(HierarchicalTestExecutor.java:57) ~[junit-platform-engine-1.10.5.jar:1.10.5]
	at org.junit.platform.engine.support.hierarchical.HierarchicalTestEngine.execute(HierarchicalTestEngine.java:54) ~[junit-platform-engine-1.10.5.jar:1.10.5]
	at org.junit.platform.launcher.core.EngineExecutionOrchestrator.execute(EngineExecutionOrchestrator.java:198) ~[junit-platform-launcher-1.10.5.jar:1.10.5]
	at org.junit.platform.launcher.core.EngineExecutionOrchestrator.execute(EngineExecutionOrchestrator.java:169) ~[junit-platform-launcher-1.10.5.jar:1.10.5]
	at org.junit.platform.launcher.core.EngineExecutionOrchestrator.execute(EngineExecutionOrchestrator.java:93) ~[junit-platform-launcher-1.10.5.jar:1.10.5]
	at org.junit.platform.launcher.core.EngineExecutionOrchestrator.lambda$execute$0(EngineExecutionOrchestrator.java:58) ~[junit-platform-launcher-1.10.5.jar:1.10.5]
	at org.junit.platform.launcher.core.EngineExecutionOrchestrator.withInterceptedStreams(EngineExecutionOrchestrator.java:141) ~[junit-platform-launcher-1.10.5.jar:1.10.5]
	at org.junit.platform.launcher.core.EngineExecutionOrchestrator.execute(EngineExecutionOrchestrator.java:57) ~[junit-platform-launcher-1.10.5.jar:1.10.5]
	at org.junit.platform.launcher.core.DefaultLauncher.execute(DefaultLauncher.java:103) ~[junit-platform-launcher-1.10.5.jar:1.10.5]
	at org.junit.platform.launcher.core.DefaultLauncher.execute(DefaultLauncher.java:85) ~[junit-platform-launcher-1.10.5.jar:1.10.5]
	at org.junit.platform.launcher.core.DelegatingLauncher.execute(DelegatingLauncher.java:47) ~[junit-platform-launcher-1.10.5.jar:1.10.5]
	at org.apache.maven.surefire.junitplatform.LazyLauncher.execute(LazyLauncher.java:56) ~[surefire-junit-platform-3.2.5.jar:3.2.5]
	at org.apache.maven.surefire.junitplatform.JUnitPlatformProvider.execute(JUnitPlatformProvider.java:184) ~[surefire-junit-platform-3.2.5.jar:3.2.5]
	at org.apache.maven.surefire.junitplatform.JUnitPlatformProvider.invokeAllTests(JUnitPlatformProvider.java:148) ~[surefire-junit-platform-3.2.5.jar:3.2.5]
	at org.apache.maven.surefire.junitplatform.JUnitPlatformProvider.invoke(JUnitPlatformProvider.java:122) ~[surefire-junit-platform-3.2.5.jar:3.2.5]
	at org.apache.maven.surefire.booter.ForkedBooter.runSuitesInProcess(ForkedBooter.java:385) ~[surefire-booter-3.2.5.jar:3.2.5]
	at org.apache.maven.surefire.booter.ForkedBooter.execute(ForkedBooter.java:162) ~[surefire-booter-3.2.5.jar:3.2.5]
	at org.apache.maven.surefire.booter.ForkedBooter.run(ForkedBooter.java:507) ~[surefire-booter-3.2.5.jar:3.2.5]
	at org.apache.maven.surefire.booter.ForkedBooter.main(ForkedBooter.java:495) ~[surefire-booter-3.2.5.jar:3.2.5]

[ERROR] Tests run: 9, Failures: 0, Errors: 9, Skipped: 0, Time elapsed: 1.441 s <<< FAILURE! -- in com.bookfair.controller.AuthControllerTest
[ERROR] com.bookfair.controller.AuthControllerTest.me_validToken_returnsUser -- Time elapsed: 0.003 s <<< ERROR!
java.lang.IllegalStateException: Failed to load ApplicationContext for [WebMergedContextConfiguration@29becf8b testClass = com.bookfair.controller.AuthControllerTest, locations = [], classes = [com.bookfair.BookfairApplication], contextInitializerClasses = [], activeProfiles = [], propertySourceDescriptors = [], propertySourceProperties = ["org.springframework.boot.test.context.SpringBootTestContextBootstrapper=true"], contextCustomizers = [[ImportsContextCustomizer@628b1538 key = [org.springframework.boot.test.autoconfigure.web.servlet.MockMvcWebDriverAutoConfiguration, org.springframework.boot.test.autoconfigure.web.servlet.MockMvcAutoConfiguration, org.springframework.boot.autoconfigure.security.oauth2.client.servlet.OAuth2ClientAutoConfiguration, org.springframework.boot.autoconfigure.security.servlet.SecurityAutoConfiguration, org.springframework.boot.autoconfigure.security.servlet.SecurityFilterAutoConfiguration, org.springframework.boot.autoconfigure.security.servlet.UserDetailsServiceAutoConfiguration, org.springframework.boot.autoconfigure.security.oauth2.resource.servlet.OAuth2ResourceServerAutoConfiguration, org.springframework.boot.test.autoconfigure.web.servlet.MockMvcSecurityConfiguration, org.springframework.boot.test.autoconfigure.web.servlet.MockMvcWebClientAutoConfiguration, org.springframework.boot.test.autoconfigure.web.reactive.WebTestClientAutoConfiguration]], org.springframework.boot.test.context.filter.ExcludeFilterContextCustomizer@44be0077, org.springframework.boot.test.json.DuplicateJsonObjectContextCustomizerFactory$DuplicateJsonObjectContextCustomizer@6aa8e115, org.springframework.boot.test.mock.mockito.MockitoContextCustomizer@0, org.springframework.boot.test.web.client.TestRestTemplateContextCustomizer@2570851e, org.springframework.boot.test.web.reactor.netty.DisableReactorResourceFactoryGlobalResourcesContextCustomizerFactory$DisableReactorResourceFactoryGlobalResourcesContextCustomizerCustomizer@1c39680d, org.springframework.boot.test.autoconfigure.OnFailureConditionReportContextCustomizerFactory$OnFailureConditionReportContextCustomizer@a37aefe, org.springframework.boot.test.autoconfigure.actuate.observability.ObservabilityContextCustomizerFactory$DisableObservabilityContextCustomizer@1f, org.springframework.boot.test.autoconfigure.properties.PropertyMappingContextCustomizer@4b3fa0b3, org.springframework.boot.test.autoconfigure.web.servlet.WebDriverContextCustomizer@5be49b60, org.springframework.boot.test.context.SpringBootTestAnnotation@9f8dd146], resourceBasePath = "src/main/webapp", contextLoader = org.springframework.boot.test.context.SpringBootContextLoader, parent = null]
	at org.springframework.test.context.cache.DefaultCacheAwareContextLoaderDelegate.loadContext(DefaultCacheAwareContextLoaderDelegate.java:180)
	at org.springframework.test.context.support.DefaultTestContext.getApplicationContext(DefaultTestContext.java:130)
	at org.springframework.test.context.web.ServletTestExecutionListener.setUpRequestContextIfNecessary(ServletTestExecutionListener.java:191)
	at org.springframework.test.context.web.ServletTestExecutionListener.prepareTestInstance(ServletTestExecutionListener.java:130)
	at org.springframework.test.context.TestContextManager.prepareTestInstance(TestContextManager.java:260)
	at org.springframework.test.context.junit.jupiter.SpringExtension.postProcessTestInstance(SpringExtension.java:163)
	at java.base/java.util.stream.ReferencePipeline$3$1.accept(ReferencePipeline.java:214)
	at java.base/java.util.stream.ReferencePipeline$2$1.accept(ReferencePipeline.java:197)
	at java.base/java.util.ArrayList$ArrayListSpliterator.forEachRemaining(ArrayList.java:1716)
	at java.base/java.util.stream.AbstractPipeline.copyInto(AbstractPipeline.java:570)
	at java.base/java.util.stream.AbstractPipeline.wrapAndCopyInto(AbstractPipeline.java:560)
	at java.base/java.util.stream.StreamSpliterators$WrappingSpliterator.forEachRemaining(StreamSpliterators.java:315)
	at java.base/java.util.stream.Streams$ConcatSpliterator.forEachRemaining(Streams.java:735)
	at java.base/java.util.stream.Streams$ConcatSpliterator.forEachRemaining(Streams.java:734)
	at java.base/java.util.stream.ReferencePipeline$Head.forEach(ReferencePipeline.java:803)
	at java.base/java.util.Optional.orElseGet(Optional.java:364)
	at java.base/java.util.ArrayList.forEach(ArrayList.java:1604)
	at java.base/java.util.ArrayList.forEach(ArrayList.java:1604)
Caused by: org.springframework.beans.factory.BeanCreationException: Error creating bean with name 'entityManagerFactory' defined in class path resource [org/springframework/boot/autoconfigure/orm/jpa/HibernateJpaConfiguration.class]: Failed to initialize dependency 'dataSourceScriptDatabaseInitializer' of LoadTimeWeaverAware bean 'entityManagerFactory': Error creating bean with name 'dataSourceScriptDatabaseInitializer' defined in class path resource [org/springframework/boot/autoconfigure/sql/init/DataSourceInitializationConfiguration.class]: Failed to execute SQL script statement #1 of file [C:\Users\User\SA_PROJECT\backend\target\classes\data.sql]: TRUNCATE TABLE reservations CASCADE
	at org.springframework.beans.factory.support.AbstractBeanFactory.doGetBean(AbstractBeanFactory.java:326)
	at org.springframework.beans.factory.support.AbstractBeanFactory.getBean(AbstractBeanFactory.java:205)
	at org.springframework.context.support.AbstractApplicationContext.finishBeanFactoryInitialization(AbstractApplicationContext.java:954)
	at org.springframework.context.support.AbstractApplicationContext.refresh(AbstractApplicationContext.java:625)
	at org.springframework.boot.SpringApplication.refresh(SpringApplication.java:754)
	at org.springframework.boot.SpringApplication.refreshContext(SpringApplication.java:456)
	at org.springframework.boot.SpringApplication.run(SpringApplication.java:335)
	at org.springframework.boot.test.context.SpringBootContextLoader.lambda$loadContext$3(SpringBootContextLoader.java:137)
	at org.springframework.util.function.ThrowingSupplier.get(ThrowingSupplier.java:58)
	at org.springframework.util.function.ThrowingSupplier.get(ThrowingSupplier.java:46)
	at org.springframework.boot.SpringApplication.withHook(SpringApplication.java:1463)
	at org.springframework.boot.test.context.SpringBootContextLoader$ContextLoaderHook.run(SpringBootContextLoader.java:553)
	at org.springframework.boot.test.context.SpringBootContextLoader.loadContext(SpringBootContextLoader.java:137)
	at org.springframework.boot.test.context.SpringBootContextLoader.loadContext(SpringBootContextLoader.java:108)
	at org.springframework.test.context.cache.DefaultCacheAwareContextLoaderDelegate.loadContextInternal(DefaultCacheAwareContextLoaderDelegate.java:225)
	at org.springframework.test.context.cache.DefaultCacheAwareContextLoaderDelegate.loadContext(DefaultCacheAwareContextLoaderDelegate.java:152)
	... 17 more
Caused by: org.springframework.beans.factory.BeanCreationException: Error creating bean with name 'dataSourceScriptDatabaseInitializer' defined in class path resource [org/springframework/boot/autoconfigure/sql/init/DataSourceInitializationConfiguration.class]: Failed to execute SQL script statement #1 of file [C:\Users\User\SA_PROJECT\backend\target\classes\data.sql]: TRUNCATE TABLE reservations CASCADE
	at org.springframework.beans.factory.support.AbstractAutowireCapableBeanFactory.initializeBean(AbstractAutowireCapableBeanFactory.java:1806)
	at org.springframework.beans.factory.support.AbstractAutowireCapableBeanFactory.doCreateBean(AbstractAutowireCapableBeanFactory.java:600)
	at org.springframework.beans.factory.support.AbstractAutowireCapableBeanFactory.createBean(AbstractAutowireCapableBeanFactory.java:522)
	at org.springframework.beans.factory.support.AbstractBeanFactory.lambda$doGetBean$0(AbstractBeanFactory.java:337)
	at org.springframework.beans.factory.support.DefaultSingletonBeanRegistry.getSingleton(DefaultSingletonBeanRegistry.java:234)
	at org.springframework.beans.factory.support.AbstractBeanFactory.doGetBean(AbstractBeanFactory.java:335)
	at org.springframework.beans.factory.support.AbstractBeanFactory.getBean(AbstractBeanFactory.java:200)
	at org.springframework.beans.factory.support.AbstractBeanFactory.doGetBean(AbstractBeanFactory.java:313)
	... 32 more
Caused by: org.springframework.jdbc.datasource.init.ScriptStatementFailedException: Failed to execute SQL script statement #1 of file [C:\Users\User\SA_PROJECT\backend\target\classes\data.sql]: TRUNCATE TABLE reservations CASCADE
	at org.springframework.jdbc.datasource.init.ScriptUtils.executeSqlScript(ScriptUtils.java:282)
	at org.springframework.jdbc.datasource.init.ResourceDatabasePopulator.populate(ResourceDatabasePopulator.java:254)
	at org.springframework.jdbc.datasource.init.DatabasePopulatorUtils.execute(DatabasePopulatorUtils.java:54)
	at org.springframework.boot.jdbc.init.DataSourceScriptDatabaseInitializer.runScripts(DataSourceScriptDatabaseInitializer.java:87)
	at org.springframework.boot.sql.init.AbstractScriptDatabaseInitializer.runScripts(AbstractScriptDatabaseInitializer.java:146)
	at org.springframework.boot.sql.init.AbstractScriptDatabaseInitializer.applyScripts(AbstractScriptDatabaseInitializer.java:108)
	at org.springframework.boot.sql.init.AbstractScriptDatabaseInitializer.applyDataScripts(AbstractScriptDatabaseInitializer.java:102)
	at org.springframework.boot.sql.init.AbstractScriptDatabaseInitializer.initializeDatabase(AbstractScriptDatabaseInitializer.java:77)
	at org.springframework.boot.sql.init.AbstractScriptDatabaseInitializer.afterPropertiesSet(AbstractScriptDatabaseInitializer.java:66)
	at org.springframework.beans.factory.support.AbstractAutowireCapableBeanFactory.invokeInitMethods(AbstractAutowireCapableBeanFactory.java:1853)
	at org.springframework.beans.factory.support.AbstractAutowireCapableBeanFactory.initializeBean(AbstractAutowireCapableBeanFactory.java:1802)
	... 39 more
Caused by: org.h2.jdbc.JdbcSQLSyntaxErrorException: Table "RESERVATIONS" not found (this database is empty); SQL statement:
TRUNCATE TABLE reservations CASCADE [42104-224]
	at org.h2.message.DbException.getJdbcSQLException(DbException.java:514)
	at org.h2.message.DbException.getJdbcSQLException(DbException.java:489)
	at org.h2.message.DbException.get(DbException.java:223)
	at org.h2.message.DbException.get(DbException.java:199)
	at org.h2.command.Parser.getTableOrViewNotFoundDbException(Parser.java:8051)
	at org.h2.command.Parser.getTableOrViewNotFoundDbException(Parser.java:8035)
	at org.h2.command.Parser.readTableOrView(Parser.java:8024)
	at org.h2.command.Parser.readTableOrView(Parser.java:7990)
	at org.h2.command.Parser.parseTruncate(Parser.java:2018)
	at org.h2.command.Parser.parsePrepared(Parser.java:760)
	at org.h2.command.Parser.parse(Parser.java:592)
	at org.h2.command.Parser.parse(Parser.java:564)
	at org.h2.command.Parser.prepareCommand(Parser.java:483)
	at org.h2.engine.SessionLocal.prepareLocal(SessionLocal.java:639)
	at org.h2.engine.SessionLocal.prepareCommand(SessionLocal.java:559)
	at org.h2.jdbc.JdbcConnection.prepareCommand(JdbcConnection.java:1166)
	at org.h2.jdbc.JdbcStatement.executeInternal(JdbcStatement.java:245)
	at org.h2.jdbc.JdbcStatement.execute(JdbcStatement.java:231)
	at com.zaxxer.hikari.pool.ProxyStatement.execute(ProxyStatement.java:94)
	at com.zaxxer.hikari.pool.HikariProxyStatement.execute(HikariProxyStatement.java)
	at org.springframework.jdbc.datasource.init.ScriptUtils.executeSqlScript(ScriptUtils.java:261)
	... 49 more

[ERROR] com.bookfair.controller.AuthControllerTest.login_blankFields_returns400 -- Time elapsed: 0 s <<< ERROR!
java.lang.IllegalStateException: ApplicationContext failure threshold (1) exceeded: skipping repeated attempt to load context for [WebMergedContextConfiguration@29becf8b testClass = com.bookfair.controller.AuthControllerTest, locations = [], classes = [com.bookfair.BookfairApplication], contextInitializerClasses = [], activeProfiles = [], propertySourceDescriptors = [], propertySourceProperties = ["org.springframework.boot.test.context.SpringBootTestContextBootstrapper=true"], contextCustomizers = [[ImportsContextCustomizer@628b1538 key = [org.springframework.boot.test.autoconfigure.web.servlet.MockMvcWebDriverAutoConfiguration, org.springframework.boot.test.autoconfigure.web.servlet.MockMvcAutoConfiguration, org.springframework.boot.autoconfigure.security.oauth2.client.servlet.OAuth2ClientAutoConfiguration, org.springframework.boot.autoconfigure.security.servlet.SecurityAutoConfiguration, org.springframework.boot.autoconfigure.security.servlet.SecurityFilterAutoConfiguration, org.springframework.boot.autoconfigure.security.servlet.UserDetailsServiceAutoConfiguration, org.springframework.boot.autoconfigure.security.oauth2.resource.servlet.OAuth2ResourceServerAutoConfiguration, org.springframework.boot.test.autoconfigure.web.servlet.MockMvcSecurityConfiguration, org.springframework.boot.test.autoconfigure.web.servlet.MockMvcWebClientAutoConfiguration, org.springframework.boot.test.autoconfigure.web.reactive.WebTestClientAutoConfiguration]], org.springframework.boot.test.context.filter.ExcludeFilterContextCustomizer@44be0077, org.springframework.boot.test.json.DuplicateJsonObjectContextCustomizerFactory$DuplicateJsonObjectContextCustomizer@6aa8e115, org.springframework.boot.test.mock.mockito.MockitoContextCustomizer@0, org.springframework.boot.test.web.client.TestRestTemplateContextCustomizer@2570851e, org.springframework.boot.test.web.reactor.netty.DisableReactorResourceFactoryGlobalResourcesContextCustomizerFactory$DisableReactorResourceFactoryGlobalResourcesContextCustomizerCustomizer@1c39680d, org.springframework.boot.test.autoconfigure.OnFailureConditionReportContextCustomizerFactory$OnFailureConditionReportContextCustomizer@a37aefe, org.springframework.boot.test.autoconfigure.actuate.observability.ObservabilityContextCustomizerFactory$DisableObservabilityContextCustomizer@1f, org.springframework.boot.test.autoconfigure.properties.PropertyMappingContextCustomizer@4b3fa0b3, org.springframework.boot.test.autoconfigure.web.servlet.WebDriverContextCustomizer@5be49b60, org.springframework.boot.test.context.SpringBootTestAnnotation@9f8dd146], resourceBasePath = "src/main/webapp", contextLoader = org.springframework.boot.test.context.SpringBootContextLoader, parent = null]
	at org.springframework.test.context.cache.DefaultCacheAwareContextLoaderDelegate.loadContext(DefaultCacheAwareContextLoaderDelegate.java:145)
	at org.springframework.test.context.support.DefaultTestContext.getApplicationContext(DefaultTestContext.java:130)
	at org.springframework.test.context.web.ServletTestExecutionListener.setUpRequestContextIfNecessary(ServletTestExecutionListener.java:191)
	at org.springframework.test.context.web.ServletTestExecutionListener.prepareTestInstance(ServletTestExecutionListener.java:130)
	at org.springframework.test.context.TestContextManager.prepareTestInstance(TestContextManager.java:260)
	at org.springframework.test.context.junit.jupiter.SpringExtension.postProcessTestInstance(SpringExtension.java:163)
	at java.base/java.util.stream.ReferencePipeline$3$1.accept(ReferencePipeline.java:214)
	at java.base/java.util.stream.ReferencePipeline$2$1.accept(ReferencePipeline.java:197)
	at java.base/java.util.ArrayList$ArrayListSpliterator.forEachRemaining(ArrayList.java:1716)
	at java.base/java.util.stream.AbstractPipeline.copyInto(AbstractPipeline.java:570)
	at java.base/java.util.stream.AbstractPipeline.wrapAndCopyInto(AbstractPipeline.java:560)
	at java.base/java.util.stream.StreamSpliterators$WrappingSpliterator.forEachRemaining(StreamSpliterators.java:315)
	at java.base/java.util.stream.Streams$ConcatSpliterator.forEachRemaining(Streams.java:735)
	at java.base/java.util.stream.Streams$ConcatSpliterator.forEachRemaining(Streams.java:734)
	at java.base/java.util.stream.ReferencePipeline$Head.forEach(ReferencePipeline.java:803)
	at java.base/java.util.Optional.orElseGet(Optional.java:364)
	at java.base/java.util.ArrayList.forEach(ArrayList.java:1604)
	at java.base/java.util.ArrayList.forEach(ArrayList.java:1604)

[ERROR] com.bookfair.controller.AuthControllerTest.me_noToken_returns401 -- Time elapsed: 0 s <<< ERROR!
java.lang.IllegalStateException: ApplicationContext failure threshold (1) exceeded: skipping repeated attempt to load context for [WebMergedContextConfiguration@29becf8b testClass = com.bookfair.controller.AuthControllerTest, locations = [], classes = [com.bookfair.BookfairApplication], contextInitializerClasses = [], activeProfiles = [], propertySourceDescriptors = [], propertySourceProperties = ["org.springframework.boot.test.context.SpringBootTestContextBootstrapper=true"], contextCustomizers = [[ImportsContextCustomizer@628b1538 key = [org.springframework.boot.test.autoconfigure.web.servlet.MockMvcWebDriverAutoConfiguration, org.springframework.boot.test.autoconfigure.web.servlet.MockMvcAutoConfiguration, org.springframework.boot.autoconfigure.security.oauth2.client.servlet.OAuth2ClientAutoConfiguration, org.springframework.boot.autoconfigure.security.servlet.SecurityAutoConfiguration, org.springframework.boot.autoconfigure.security.servlet.SecurityFilterAutoConfiguration, org.springframework.boot.autoconfigure.security.servlet.UserDetailsServiceAutoConfiguration, org.springframework.boot.autoconfigure.security.oauth2.resource.servlet.OAuth2ResourceServerAutoConfiguration, org.springframework.boot.test.autoconfigure.web.servlet.MockMvcSecurityConfiguration, org.springframework.boot.test.autoconfigure.web.servlet.MockMvcWebClientAutoConfiguration, org.springframework.boot.test.autoconfigure.web.reactive.WebTestClientAutoConfiguration]], org.springframework.boot.test.context.filter.ExcludeFilterContextCustomizer@44be0077, org.springframework.boot.test.json.DuplicateJsonObjectContextCustomizerFactory$DuplicateJsonObjectContextCustomizer@6aa8e115, org.springframework.boot.test.mock.mockito.MockitoContextCustomizer@0, org.springframework.boot.test.web.client.TestRestTemplateContextCustomizer@2570851e, org.springframework.boot.test.web.reactor.netty.DisableReactorResourceFactoryGlobalResourcesContextCustomizerFactory$DisableReactorResourceFactoryGlobalResourcesContextCustomizerCustomizer@1c39680d, org.springframework.boot.test.autoconfigure.OnFailureConditionReportContextCustomizerFactory$OnFailureConditionReportContextCustomizer@a37aefe, org.springframework.boot.test.autoconfigure.actuate.observability.ObservabilityContextCustomizerFactory$DisableObservabilityContextCustomizer@1f, org.springframework.boot.test.autoconfigure.properties.PropertyMappingContextCustomizer@4b3fa0b3, org.springframework.boot.test.autoconfigure.web.servlet.WebDriverContextCustomizer@5be49b60, org.springframework.boot.test.context.SpringBootTestAnnotation@9f8dd146], resourceBasePath = "src/main/webapp", contextLoader = org.springframework.boot.test.context.SpringBootContextLoader, parent = null]
	at org.springframework.test.context.cache.DefaultCacheAwareContextLoaderDelegate.loadContext(DefaultCacheAwareContextLoaderDelegate.java:145)
	at org.springframework.test.context.support.DefaultTestContext.getApplicationContext(DefaultTestContext.java:130)
	at org.springframework.test.context.web.ServletTestExecutionListener.setUpRequestContextIfNecessary(ServletTestExecutionListener.java:191)
	at org.springframework.test.context.web.ServletTestExecutionListener.prepareTestInstance(ServletTestExecutionListener.java:130)
	at org.springframework.test.context.TestContextManager.prepareTestInstance(TestContextManager.java:260)
	at org.springframework.test.context.junit.jupiter.SpringExtension.postProcessTestInstance(SpringExtension.java:163)
	at java.base/java.util.stream.ReferencePipeline$3$1.accept(ReferencePipeline.java:214)
	at java.base/java.util.stream.ReferencePipeline$2$1.accept(ReferencePipeline.java:197)
	at java.base/java.util.ArrayList$ArrayListSpliterator.forEachRemaining(ArrayList.java:1716)
	at java.base/java.util.stream.AbstractPipeline.copyInto(AbstractPipeline.java:570)
	at java.base/java.util.stream.AbstractPipeline.wrapAndCopyInto(AbstractPipeline.java:560)
	at java.base/java.util.stream.StreamSpliterators$WrappingSpliterator.forEachRemaining(StreamSpliterators.java:315)
	at java.base/java.util.stream.Streams$ConcatSpliterator.forEachRemaining(Streams.java:735)
	at java.base/java.util.stream.Streams$ConcatSpliterator.forEachRemaining(Streams.java:734)
	at java.base/java.util.stream.ReferencePipeline$Head.forEach(ReferencePipeline.java:803)
	at java.base/java.util.Optional.orElseGet(Optional.java:364)
	at java.base/java.util.ArrayList.forEach(ArrayList.java:1604)
	at java.base/java.util.ArrayList.forEach(ArrayList.java:1604)

[ERROR] com.bookfair.controller.AuthControllerTest.login_validCredentials_returns200 -- Time elapsed: 0.001 s <<< ERROR!
java.lang.IllegalStateException: ApplicationContext failure threshold (1) exceeded: skipping repeated attempt to load context for [WebMergedContextConfiguration@29becf8b testClass = com.bookfair.controller.AuthControllerTest, locations = [], classes = [com.bookfair.BookfairApplication], contextInitializerClasses = [], activeProfiles = [], propertySourceDescriptors = [], propertySourceProperties = ["org.springframework.boot.test.context.SpringBootTestContextBootstrapper=true"], contextCustomizers = [[ImportsContextCustomizer@628b1538 key = [org.springframework.boot.test.autoconfigure.web.servlet.MockMvcWebDriverAutoConfiguration, org.springframework.boot.test.autoconfigure.web.servlet.MockMvcAutoConfiguration, org.springframework.boot.autoconfigure.security.oauth2.client.servlet.OAuth2ClientAutoConfiguration, org.springframework.boot.autoconfigure.security.servlet.SecurityAutoConfiguration, org.springframework.boot.autoconfigure.security.servlet.SecurityFilterAutoConfiguration, org.springframework.boot.autoconfigure.security.servlet.UserDetailsServiceAutoConfiguration, org.springframework.boot.autoconfigure.security.oauth2.resource.servlet.OAuth2ResourceServerAutoConfiguration, org.springframework.boot.test.autoconfigure.web.servlet.MockMvcSecurityConfiguration, org.springframework.boot.test.autoconfigure.web.servlet.MockMvcWebClientAutoConfiguration, org.springframework.boot.test.autoconfigure.web.reactive.WebTestClientAutoConfiguration]], org.springframework.boot.test.context.filter.ExcludeFilterContextCustomizer@44be0077, org.springframework.boot.test.json.DuplicateJsonObjectContextCustomizerFactory$DuplicateJsonObjectContextCustomizer@6aa8e115, org.springframework.boot.test.mock.mockito.MockitoContextCustomizer@0, org.springframework.boot.test.web.client.TestRestTemplateContextCustomizer@2570851e, org.springframework.boot.test.web.reactor.netty.DisableReactorResourceFactoryGlobalResourcesContextCustomizerFactory$DisableReactorResourceFactoryGlobalResourcesContextCustomizerCustomizer@1c39680d, org.springframework.boot.test.autoconfigure.OnFailureConditionReportContextCustomizerFactory$OnFailureConditionReportContextCustomizer@a37aefe, org.springframework.boot.test.autoconfigure.actuate.observability.ObservabilityContextCustomizerFactory$DisableObservabilityContextCustomizer@1f, org.springframework.boot.test.autoconfigure.properties.PropertyMappingContextCustomizer@4b3fa0b3, org.springframework.boot.test.autoconfigure.web.servlet.WebDriverContextCustomizer@5be49b60, org.springframework.boot.test.context.SpringBootTestAnnotation@9f8dd146], resourceBasePath = "src/main/webapp", contextLoader = org.springframework.boot.test.context.SpringBootContextLoader, parent = null]
	at org.springframework.test.context.cache.DefaultCacheAwareContextLoaderDelegate.loadContext(DefaultCacheAwareContextLoaderDelegate.java:145)
	at org.springframework.test.context.support.DefaultTestContext.getApplicationContext(DefaultTestContext.java:130)
	at org.springframework.test.context.web.ServletTestExecutionListener.setUpRequestContextIfNecessary(ServletTestExecutionListener.java:191)
	at org.springframework.test.context.web.ServletTestExecutionListener.prepareTestInstance(ServletTestExecutionListener.java:130)
	at org.springframework.test.context.TestContextManager.prepareTestInstance(TestContextManager.java:260)
	at org.springframework.test.context.junit.jupiter.SpringExtension.postProcessTestInstance(SpringExtension.java:163)
	at java.base/java.util.stream.ReferencePipeline$3$1.accept(ReferencePipeline.java:214)
	at java.base/java.util.stream.ReferencePipeline$2$1.accept(ReferencePipeline.java:197)
	at java.base/java.util.ArrayList$ArrayListSpliterator.forEachRemaining(ArrayList.java:1716)
	at java.base/java.util.stream.AbstractPipeline.copyInto(AbstractPipeline.java:570)
	at java.base/java.util.stream.AbstractPipeline.wrapAndCopyInto(AbstractPipeline.java:560)
	at java.base/java.util.stream.StreamSpliterators$WrappingSpliterator.forEachRemaining(StreamSpliterators.java:315)
	at java.base/java.util.stream.Streams$ConcatSpliterator.forEachRemaining(Streams.java:735)
	at java.base/java.util.stream.Streams$ConcatSpliterator.forEachRemaining(Streams.java:734)
	at java.base/java.util.stream.ReferencePipeline$Head.forEach(ReferencePipeline.java:803)
	at java.base/java.util.Optional.orElseGet(Optional.java:364)
	at java.base/java.util.ArrayList.forEach(ArrayList.java:1604)
	at java.base/java.util.ArrayList.forEach(ArrayList.java:1604)

[ERROR] com.bookfair.controller.AuthControllerTest.register_validData_returns200WithToken -- Time elapsed: 0.001 s <<< ERROR!
java.lang.IllegalStateException: ApplicationContext failure threshold (1) exceeded: skipping repeated attempt to load context for [WebMergedContextConfiguration@29becf8b testClass = com.bookfair.controller.AuthControllerTest, locations = [], classes = [com.bookfair.BookfairApplication], contextInitializerClasses = [], activeProfiles = [], propertySourceDescriptors = [], propertySourceProperties = ["org.springframework.boot.test.context.SpringBootTestContextBootstrapper=true"], contextCustomizers = [[ImportsContextCustomizer@628b1538 key = [org.springframework.boot.test.autoconfigure.web.servlet.MockMvcWebDriverAutoConfiguration, org.springframework.boot.test.autoconfigure.web.servlet.MockMvcAutoConfiguration, org.springframework.boot.autoconfigure.security.oauth2.client.servlet.OAuth2ClientAutoConfiguration, org.springframework.boot.autoconfigure.security.servlet.SecurityAutoConfiguration, org.springframework.boot.autoconfigure.security.servlet.SecurityFilterAutoConfiguration, org.springframework.boot.autoconfigure.security.servlet.UserDetailsServiceAutoConfiguration, org.springframework.boot.autoconfigure.security.oauth2.resource.servlet.OAuth2ResourceServerAutoConfiguration, org.springframework.boot.test.autoconfigure.web.servlet.MockMvcSecurityConfiguration, org.springframework.boot.test.autoconfigure.web.servlet.MockMvcWebClientAutoConfiguration, org.springframework.boot.test.autoconfigure.web.reactive.WebTestClientAutoConfiguration]], org.springframework.boot.test.context.filter.ExcludeFilterContextCustomizer@44be0077, org.springframework.boot.test.json.DuplicateJsonObjectContextCustomizerFactory$DuplicateJsonObjectContextCustomizer@6aa8e115, org.springframework.boot.test.mock.mockito.MockitoContextCustomizer@0, org.springframework.boot.test.web.client.TestRestTemplateContextCustomizer@2570851e, org.springframework.boot.test.web.reactor.netty.DisableReactorResourceFactoryGlobalResourcesContextCustomizerFactory$DisableReactorResourceFactoryGlobalResourcesContextCustomizerCustomizer@1c39680d, org.springframework.boot.test.autoconfigure.OnFailureConditionReportContextCustomizerFactory$OnFailureConditionReportContextCustomizer@a37aefe, org.springframework.boot.test.autoconfigure.actuate.observability.ObservabilityContextCustomizerFactory$DisableObservabilityContextCustomizer@1f, org.springframework.boot.test.autoconfigure.properties.PropertyMappingContextCustomizer@4b3fa0b3, org.springframework.boot.test.autoconfigure.web.servlet.WebDriverContextCustomizer@5be49b60, org.springframework.boot.test.context.SpringBootTestAnnotation@9f8dd146], resourceBasePath = "src/main/webapp", contextLoader = org.springframework.boot.test.context.SpringBootContextLoader, parent = null]
	at org.springframework.test.context.cache.DefaultCacheAwareContextLoaderDelegate.loadContext(DefaultCacheAwareContextLoaderDelegate.java:145)
	at org.springframework.test.context.support.DefaultTestContext.getApplicationContext(DefaultTestContext.java:130)
	at org.springframework.test.context.web.ServletTestExecutionListener.setUpRequestContextIfNecessary(ServletTestExecutionListener.java:191)
	at org.springframework.test.context.web.ServletTestExecutionListener.prepareTestInstance(ServletTestExecutionListener.java:130)
	at org.springframework.test.context.TestContextManager.prepareTestInstance(TestContextManager.java:260)
	at org.springframework.test.context.junit.jupiter.SpringExtension.postProcessTestInstance(SpringExtension.java:163)
	at java.base/java.util.stream.ReferencePipeline$3$1.accept(ReferencePipeline.java:214)
	at java.base/java.util.stream.ReferencePipeline$2$1.accept(ReferencePipeline.java:197)
	at java.base/java.util.ArrayList$ArrayListSpliterator.forEachRemaining(ArrayList.java:1716)
	at java.base/java.util.stream.AbstractPipeline.copyInto(AbstractPipeline.java:570)
	at java.base/java.util.stream.AbstractPipeline.wrapAndCopyInto(AbstractPipeline.java:560)
	at java.base/java.util.stream.StreamSpliterators$WrappingSpliterator.forEachRemaining(StreamSpliterators.java:315)
	at java.base/java.util.stream.Streams$ConcatSpliterator.forEachRemaining(Streams.java:735)
	at java.base/java.util.stream.Streams$ConcatSpliterator.forEachRemaining(Streams.java:734)
	at java.base/java.util.stream.ReferencePipeline$Head.forEach(ReferencePipeline.java:803)
	at java.base/java.util.Optional.orElseGet(Optional.java:364)
	at java.base/java.util.ArrayList.forEach(ArrayList.java:1604)
	at java.base/java.util.ArrayList.forEach(ArrayList.java:1604)

[ERROR] com.bookfair.controller.AuthControllerTest.vendor_cannotAccessAdmin_returns403 -- Time elapsed: 0.001 s <<< ERROR!
java.lang.IllegalStateException: ApplicationContext failure threshold (1) exceeded: skipping repeated attempt to load context for [WebMergedContextConfiguration@29becf8b testClass = com.bookfair.controller.AuthControllerTest, locations = [], classes = [com.bookfair.BookfairApplication], contextInitializerClasses = [], activeProfiles = [], propertySourceDescriptors = [], propertySourceProperties = ["org.springframework.boot.test.context.SpringBootTestContextBootstrapper=true"], contextCustomizers = [[ImportsContextCustomizer@628b1538 key = [org.springframework.boot.test.autoconfigure.web.servlet.MockMvcWebDriverAutoConfiguration, org.springframework.boot.test.autoconfigure.web.servlet.MockMvcAutoConfiguration, org.springframework.boot.autoconfigure.security.oauth2.client.servlet.OAuth2ClientAutoConfiguration, org.springframework.boot.autoconfigure.security.servlet.SecurityAutoConfiguration, org.springframework.boot.autoconfigure.security.servlet.SecurityFilterAutoConfiguration, org.springframework.boot.autoconfigure.security.servlet.UserDetailsServiceAutoConfiguration, org.springframework.boot.autoconfigure.security.oauth2.resource.servlet.OAuth2ResourceServerAutoConfiguration, org.springframework.boot.test.autoconfigure.web.servlet.MockMvcSecurityConfiguration, org.springframework.boot.test.autoconfigure.web.servlet.MockMvcWebClientAutoConfiguration, org.springframework.boot.test.autoconfigure.web.reactive.WebTestClientAutoConfiguration]], org.springframework.boot.test.context.filter.ExcludeFilterContextCustomizer@44be0077, org.springframework.boot.test.json.DuplicateJsonObjectContextCustomizerFactory$DuplicateJsonObjectContextCustomizer@6aa8e115, org.springframework.boot.test.mock.mockito.MockitoContextCustomizer@0, org.springframework.boot.test.web.client.TestRestTemplateContextCustomizer@2570851e, org.springframework.boot.test.web.reactor.netty.DisableReactorResourceFactoryGlobalResourcesContextCustomizerFactory$DisableReactorResourceFactoryGlobalResourcesContextCustomizerCustomizer@1c39680d, org.springframework.boot.test.autoconfigure.OnFailureConditionReportContextCustomizerFactory$OnFailureConditionReportContextCustomizer@a37aefe, org.springframework.boot.test.autoconfigure.actuate.observability.ObservabilityContextCustomizerFactory$DisableObservabilityContextCustomizer@1f, org.springframework.boot.test.autoconfigure.properties.PropertyMappingContextCustomizer@4b3fa0b3, org.springframework.boot.test.autoconfigure.web.servlet.WebDriverContextCustomizer@5be49b60, org.springframework.boot.test.context.SpringBootTestAnnotation@9f8dd146], resourceBasePath = "src/main/webapp", contextLoader = org.springframework.boot.test.context.SpringBootContextLoader, parent = null]
	at org.springframework.test.context.cache.DefaultCacheAwareContextLoaderDelegate.loadContext(DefaultCacheAwareContextLoaderDelegate.java:145)
	at org.springframework.test.context.support.DefaultTestContext.getApplicationContext(DefaultTestContext.java:130)
	at org.springframework.test.context.web.ServletTestExecutionListener.setUpRequestContextIfNecessary(ServletTestExecutionListener.java:191)
	at org.springframework.test.context.web.ServletTestExecutionListener.prepareTestInstance(ServletTestExecutionListener.java:130)
	at org.springframework.test.context.TestContextManager.prepareTestInstance(TestContextManager.java:260)
	at org.springframework.test.context.junit.jupiter.SpringExtension.postProcessTestInstance(SpringExtension.java:163)
	at java.base/java.util.stream.ReferencePipeline$3$1.accept(ReferencePipeline.java:214)
	at java.base/java.util.stream.ReferencePipeline$2$1.accept(ReferencePipeline.java:197)
	at java.base/java.util.ArrayList$ArrayListSpliterator.forEachRemaining(ArrayList.java:1716)
	at java.base/java.util.stream.AbstractPipeline.copyInto(AbstractPipeline.java:570)
	at java.base/java.util.stream.AbstractPipeline.wrapAndCopyInto(AbstractPipeline.java:560)
	at java.base/java.util.stream.StreamSpliterators$WrappingSpliterator.forEachRemaining(StreamSpliterators.java:315)
	at java.base/java.util.stream.Streams$ConcatSpliterator.forEachRemaining(Streams.java:735)
	at java.base/java.util.stream.Streams$ConcatSpliterator.forEachRemaining(Streams.java:734)
	at java.base/java.util.stream.ReferencePipeline$Head.forEach(ReferencePipeline.java:803)
	at java.base/java.util.Optional.orElseGet(Optional.java:364)
	at java.base/java.util.ArrayList.forEach(ArrayList.java:1604)
	at java.base/java.util.ArrayList.forEach(ArrayList.java:1604)

[ERROR] com.bookfair.controller.AuthControllerTest.register_duplicateUsername_returns409 -- Time elapsed: 0.001 s <<< ERROR!
java.lang.IllegalStateException: ApplicationContext failure threshold (1) exceeded: skipping repeated attempt to load context for [WebMergedContextConfiguration@29becf8b testClass = com.bookfair.controller.AuthControllerTest, locations = [], classes = [com.bookfair.BookfairApplication], contextInitializerClasses = [], activeProfiles = [], propertySourceDescriptors = [], propertySourceProperties = ["org.springframework.boot.test.context.SpringBootTestContextBootstrapper=true"], contextCustomizers = [[ImportsContextCustomizer@628b1538 key = [org.springframework.boot.test.autoconfigure.web.servlet.MockMvcWebDriverAutoConfiguration, org.springframework.boot.test.autoconfigure.web.servlet.MockMvcAutoConfiguration, org.springframework.boot.autoconfigure.security.oauth2.client.servlet.OAuth2ClientAutoConfiguration, org.springframework.boot.autoconfigure.security.servlet.SecurityAutoConfiguration, org.springframework.boot.autoconfigure.security.servlet.SecurityFilterAutoConfiguration, org.springframework.boot.autoconfigure.security.servlet.UserDetailsServiceAutoConfiguration, org.springframework.boot.autoconfigure.security.oauth2.resource.servlet.OAuth2ResourceServerAutoConfiguration, org.springframework.boot.test.autoconfigure.web.servlet.MockMvcSecurityConfiguration, org.springframework.boot.test.autoconfigure.web.servlet.MockMvcWebClientAutoConfiguration, org.springframework.boot.test.autoconfigure.web.reactive.WebTestClientAutoConfiguration]], org.springframework.boot.test.context.filter.ExcludeFilterContextCustomizer@44be0077, org.springframework.boot.test.json.DuplicateJsonObjectContextCustomizerFactory$DuplicateJsonObjectContextCustomizer@6aa8e115, org.springframework.boot.test.mock.mockito.MockitoContextCustomizer@0, org.springframework.boot.test.web.client.TestRestTemplateContextCustomizer@2570851e, org.springframework.boot.test.web.reactor.netty.DisableReactorResourceFactoryGlobalResourcesContextCustomizerFactory$DisableReactorResourceFactoryGlobalResourcesContextCustomizerCustomizer@1c39680d, org.springframework.boot.test.autoconfigure.OnFailureConditionReportContextCustomizerFactory$OnFailureConditionReportContextCustomizer@a37aefe, org.springframework.boot.test.autoconfigure.actuate.observability.ObservabilityContextCustomizerFactory$DisableObservabilityContextCustomizer@1f, org.springframework.boot.test.autoconfigure.properties.PropertyMappingContextCustomizer@4b3fa0b3, org.springframework.boot.test.autoconfigure.web.servlet.WebDriverContextCustomizer@5be49b60, org.springframework.boot.test.context.SpringBootTestAnnotation@9f8dd146], resourceBasePath = "src/main/webapp", contextLoader = org.springframework.boot.test.context.SpringBootContextLoader, parent = null]
	at org.springframework.test.context.cache.DefaultCacheAwareContextLoaderDelegate.loadContext(DefaultCacheAwareContextLoaderDelegate.java:145)
	at org.springframework.test.context.support.DefaultTestContext.getApplicationContext(DefaultTestContext.java:130)
	at org.springframework.test.context.web.ServletTestExecutionListener.setUpRequestContextIfNecessary(ServletTestExecutionListener.java:191)
	at org.springframework.test.context.web.ServletTestExecutionListener.prepareTestInstance(ServletTestExecutionListener.java:130)
	at org.springframework.test.context.TestContextManager.prepareTestInstance(TestContextManager.java:260)
	at org.springframework.test.context.junit.jupiter.SpringExtension.postProcessTestInstance(SpringExtension.java:163)
	at java.base/java.util.stream.ReferencePipeline$3$1.accept(ReferencePipeline.java:214)
	at java.base/java.util.stream.ReferencePipeline$2$1.accept(ReferencePipeline.java:197)
	at java.base/java.util.ArrayList$ArrayListSpliterator.forEachRemaining(ArrayList.java:1716)
	at java.base/java.util.stream.AbstractPipeline.copyInto(AbstractPipeline.java:570)
	at java.base/java.util.stream.AbstractPipeline.wrapAndCopyInto(AbstractPipeline.java:560)
	at java.base/java.util.stream.StreamSpliterators$WrappingSpliterator.forEachRemaining(StreamSpliterators.java:315)
	at java.base/java.util.stream.Streams$ConcatSpliterator.forEachRemaining(Streams.java:735)
	at java.base/java.util.stream.Streams$ConcatSpliterator.forEachRemaining(Streams.java:734)
	at java.base/java.util.stream.ReferencePipeline$Head.forEach(ReferencePipeline.java:803)
	at java.base/java.util.Optional.orElseGet(Optional.java:364)
	at java.base/java.util.ArrayList.forEach(ArrayList.java:1604)
	at java.base/java.util.ArrayList.forEach(ArrayList.java:1604)

[ERROR] com.bookfair.controller.AuthControllerTest.login_wrongPassword_returns401 -- Time elapsed: 0.001 s <<< ERROR!
java.lang.IllegalStateException: ApplicationContext failure threshold (1) exceeded: skipping repeated attempt to load context for [WebMergedContextConfiguration@29becf8b testClass = com.bookfair.controller.AuthControllerTest, locations = [], classes = [com.bookfair.BookfairApplication], contextInitializerClasses = [], activeProfiles = [], propertySourceDescriptors = [], propertySourceProperties = ["org.springframework.boot.test.context.SpringBootTestContextBootstrapper=true"], contextCustomizers = [[ImportsContextCustomizer@628b1538 key = [org.springframework.boot.test.autoconfigure.web.servlet.MockMvcWebDriverAutoConfiguration, org.springframework.boot.test.autoconfigure.web.servlet.MockMvcAutoConfiguration, org.springframework.boot.autoconfigure.security.oauth2.client.servlet.OAuth2ClientAutoConfiguration, org.springframework.boot.autoconfigure.security.servlet.SecurityAutoConfiguration, org.springframework.boot.autoconfigure.security.servlet.SecurityFilterAutoConfiguration, org.springframework.boot.autoconfigure.security.servlet.UserDetailsServiceAutoConfiguration, org.springframework.boot.autoconfigure.security.oauth2.resource.servlet.OAuth2ResourceServerAutoConfiguration, org.springframework.boot.test.autoconfigure.web.servlet.MockMvcSecurityConfiguration, org.springframework.boot.test.autoconfigure.web.servlet.MockMvcWebClientAutoConfiguration, org.springframework.boot.test.autoconfigure.web.reactive.WebTestClientAutoConfiguration]], org.springframework.boot.test.context.filter.ExcludeFilterContextCustomizer@44be0077, org.springframework.boot.test.json.DuplicateJsonObjectContextCustomizerFactory$DuplicateJsonObjectContextCustomizer@6aa8e115, org.springframework.boot.test.mock.mockito.MockitoContextCustomizer@0, org.springframework.boot.test.web.client.TestRestTemplateContextCustomizer@2570851e, org.springframework.boot.test.web.reactor.netty.DisableReactorResourceFactoryGlobalResourcesContextCustomizerFactory$DisableReactorResourceFactoryGlobalResourcesContextCustomizerCustomizer@1c39680d, org.springframework.boot.test.autoconfigure.OnFailureConditionReportContextCustomizerFactory$OnFailureConditionReportContextCustomizer@a37aefe, org.springframework.boot.test.autoconfigure.actuate.observability.ObservabilityContextCustomizerFactory$DisableObservabilityContextCustomizer@1f, org.springframework.boot.test.autoconfigure.properties.PropertyMappingContextCustomizer@4b3fa0b3, org.springframework.boot.test.autoconfigure.web.servlet.WebDriverContextCustomizer@5be49b60, org.springframework.boot.test.context.SpringBootTestAnnotation@9f8dd146], resourceBasePath = "src/main/webapp", contextLoader = org.springframework.boot.test.context.SpringBootContextLoader, parent = null]
	at org.springframework.test.context.cache.DefaultCacheAwareContextLoaderDelegate.loadContext(DefaultCacheAwareContextLoaderDelegate.java:145)
	at org.springframework.test.context.support.DefaultTestContext.getApplicationContext(DefaultTestContext.java:130)
	at org.springframework.test.context.web.ServletTestExecutionListener.setUpRequestContextIfNecessary(ServletTestExecutionListener.java:191)
	at org.springframework.test.context.web.ServletTestExecutionListener.prepareTestInstance(ServletTestExecutionListener.java:130)
	at org.springframework.test.context.TestContextManager.prepareTestInstance(TestContextManager.java:260)
	at org.springframework.test.context.junit.jupiter.SpringExtension.postProcessTestInstance(SpringExtension.java:163)
	at java.base/java.util.stream.ReferencePipeline$3$1.accept(ReferencePipeline.java:214)
	at java.base/java.util.stream.ReferencePipeline$2$1.accept(ReferencePipeline.java:197)
	at java.base/java.util.ArrayList$ArrayListSpliterator.forEachRemaining(ArrayList.java:1716)
	at java.base/java.util.stream.AbstractPipeline.copyInto(AbstractPipeline.java:570)
	at java.base/java.util.stream.AbstractPipeline.wrapAndCopyInto(AbstractPipeline.java:560)
	at java.base/java.util.stream.StreamSpliterators$WrappingSpliterator.forEachRemaining(StreamSpliterators.java:315)
	at java.base/java.util.stream.Streams$ConcatSpliterator.forEachRemaining(Streams.java:735)
	at java.base/java.util.stream.Streams$ConcatSpliterator.forEachRemaining(Streams.java:734)
	at java.base/java.util.stream.ReferencePipeline$Head.forEach(ReferencePipeline.java:803)
	at java.base/java.util.Optional.orElseGet(Optional.java:364)
	at java.base/java.util.ArrayList.forEach(ArrayList.java:1604)
	at java.base/java.util.ArrayList.forEach(ArrayList.java:1604)

[ERROR] com.bookfair.controller.AuthControllerTest.register_missingUsername_returns400 -- Time elapsed: 0.001 s <<< ERROR!
java.lang.IllegalStateException: ApplicationContext failure threshold (1) exceeded: skipping repeated attempt to load context for [WebMergedContextConfiguration@29becf8b testClass = com.bookfair.controller.AuthControllerTest, locations = [], classes = [com.bookfair.BookfairApplication], contextInitializerClasses = [], activeProfiles = [], propertySourceDescriptors = [], propertySourceProperties = ["org.springframework.boot.test.context.SpringBootTestContextBootstrapper=true"], contextCustomizers = [[ImportsContextCustomizer@628b1538 key = [org.springframework.boot.test.autoconfigure.web.servlet.MockMvcWebDriverAutoConfiguration, org.springframework.boot.test.autoconfigure.web.servlet.MockMvcAutoConfiguration, org.springframework.boot.autoconfigure.security.oauth2.client.servlet.OAuth2ClientAutoConfiguration, org.springframework.boot.autoconfigure.security.servlet.SecurityAutoConfiguration, org.springframework.boot.autoconfigure.security.servlet.SecurityFilterAutoConfiguration, org.springframework.boot.autoconfigure.security.servlet.UserDetailsServiceAutoConfiguration, org.springframework.boot.autoconfigure.security.oauth2.resource.servlet.OAuth2ResourceServerAutoConfiguration, org.springframework.boot.test.autoconfigure.web.servlet.MockMvcSecurityConfiguration, org.springframework.boot.test.autoconfigure.web.servlet.MockMvcWebClientAutoConfiguration, org.springframework.boot.test.autoconfigure.web.reactive.WebTestClientAutoConfiguration]], org.springframework.boot.test.context.filter.ExcludeFilterContextCustomizer@44be0077, org.springframework.boot.test.json.DuplicateJsonObjectContextCustomizerFactory$DuplicateJsonObjectContextCustomizer@6aa8e115, org.springframework.boot.test.mock.mockito.MockitoContextCustomizer@0, org.springframework.boot.test.web.client.TestRestTemplateContextCustomizer@2570851e, org.springframework.boot.test.web.reactor.netty.DisableReactorResourceFactoryGlobalResourcesContextCustomizerFactory$DisableReactorResourceFactoryGlobalResourcesContextCustomizerCustomizer@1c39680d, org.springframework.boot.test.autoconfigure.OnFailureConditionReportContextCustomizerFactory$OnFailureConditionReportContextCustomizer@a37aefe, org.springframework.boot.test.autoconfigure.actuate.observability.ObservabilityContextCustomizerFactory$DisableObservabilityContextCustomizer@1f, org.springframework.boot.test.autoconfigure.properties.PropertyMappingContextCustomizer@4b3fa0b3, org.springframework.boot.test.autoconfigure.web.servlet.WebDriverContextCustomizer@5be49b60, org.springframework.boot.test.context.SpringBootTestAnnotation@9f8dd146], resourceBasePath = "src/main/webapp", contextLoader = org.springframework.boot.test.context.SpringBootContextLoader, parent = null]
	at org.springframework.test.context.cache.DefaultCacheAwareContextLoaderDelegate.loadContext(DefaultCacheAwareContextLoaderDelegate.java:145)
	at org.springframework.test.context.support.DefaultTestContext.getApplicationContext(DefaultTestContext.java:130)
	at org.springframework.test.context.web.ServletTestExecutionListener.setUpRequestContextIfNecessary(ServletTestExecutionListener.java:191)
	at org.springframework.test.context.web.ServletTestExecutionListener.prepareTestInstance(ServletTestExecutionListener.java:130)
	at org.springframework.test.context.TestContextManager.prepareTestInstance(TestContextManager.java:260)
	at org.springframework.test.context.junit.jupiter.SpringExtension.postProcessTestInstance(SpringExtension.java:163)
	at java.base/java.util.stream.ReferencePipeline$3$1.accept(ReferencePipeline.java:214)
	at java.base/java.util.stream.ReferencePipeline$2$1.accept(ReferencePipeline.java:197)
	at java.base/java.util.ArrayList$ArrayListSpliterator.forEachRemaining(ArrayList.java:1716)
	at java.base/java.util.stream.AbstractPipeline.copyInto(AbstractPipeline.java:570)
	at java.base/java.util.stream.AbstractPipeline.wrapAndCopyInto(AbstractPipeline.java:560)
	at java.base/java.util.stream.StreamSpliterators$WrappingSpliterator.forEachRemaining(StreamSpliterators.java:315)
	at java.base/java.util.stream.Streams$ConcatSpliterator.forEachRemaining(Streams.java:735)
	at java.base/java.util.stream.Streams$ConcatSpliterator.forEachRemaining(Streams.java:734)
	at java.base/java.util.stream.ReferencePipeline$Head.forEach(ReferencePipeline.java:803)
	at java.base/java.util.Optional.orElseGet(Optional.java:364)
	at java.base/java.util.ArrayList.forEach(ArrayList.java:1604)
	at java.base/java.util.ArrayList.forEach(ArrayList.java:1604)

[INFO] Running com.bookfair.controller.EmailControllerTest
2026-03-02T12:39:51.884+05:30  INFO 6540 --- [           main] t.c.s.AnnotationConfigContextLoaderUtils : Could not detect default configuration classes for test class [com.bookfair.controller.EmailControllerTest]: EmailControllerTest does not declare any static, non-private, non-final, nested classes annotated with @Configuration.
2026-03-02T12:39:51.894+05:30  INFO 6540 --- [           main] .b.t.c.SpringBootTestContextBootstrapper : Found @SpringBootConfiguration com.bookfair.BookfairApplication for test class com.bookfair.controller.EmailControllerTest
2026-03-02T12:39:51.900+05:30  INFO 6540 --- [           main] o.s.b.d.r.RestartApplicationListener     : Restart disabled due to context in which it is running

  .   ____          _            __ _ _
 /\\ / ___'_ __ _ _(_)_ __  __ _ \ \ \ \
( ( )\___ | '_ | '_| | '_ \/ _` | \ \ \ \
 \\/  ___)| |_)| | | | | || (_| |  ) ) ) )
  '  |____| .__|_| |_|_| |_\__, | / / / /
 =========|_|==============|___/=/_/_/_/

 :: Spring Boot ::                (v3.3.5)

2026-03-02T12:39:51.934+05:30  INFO 6540 --- [           main] c.b.controller.EmailControllerTest       : Starting EmailControllerTest using Java 25.0.1 with PID 6540 (started by User in C:\Users\User\SA_PROJECT\backend)
2026-03-02T12:39:51.934+05:30  INFO 6540 --- [           main] c.b.controller.EmailControllerTest       : No active profile set, falling back to 1 default profile: "default"
2026-03-02T12:39:52.172+05:30  WARN 6540 --- [           main] o.s.w.c.s.GenericWebApplicationContext   : Exception encountered during context initialization - cancelling refresh attempt: org.springframework.beans.factory.UnsatisfiedDependencyException: Error creating bean with name 'jwtAuthenticationFilter' defined in file [C:\Users\User\SA_PROJECT\backend\target\classes\com\bookfair\security\JwtAuthenticationFilter.class]: Unsatisfied dependency expressed through constructor parameter 0: No qualifying bean of type 'com.bookfair.security.JwtUtils' available: expected at least 1 bean which qualifies as autowire candidate. Dependency annotations: {}



=======================
=====
CONDITIONS EVALUATION 
REPORT
=======================
=====


Positive matches:
-----------------

   ErrorMvcAutoConfigur
ation matched:
      - 
@ConditionalOnClass 
found required classes 
'jakarta.servlet.Servle
t', 'org.springframewor
k.web.servlet.Dispatche
rServlet' 
(OnClassCondition)
      - found 
'session' scope (OnWebA
pplicationCondition)

   ErrorMvcAutoConfigur
ation#basicErrorControl
ler matched:
      - @ConditionalOnM
issingBean (types: org.
springframework.boot.we
b.servlet.error.ErrorCo
ntroller; 
SearchStrategy: 
current) did not find 
any beans 
(OnBeanCondition)

   ErrorMvcAutoConfigur
ation#errorAttributes 
matched:
      - @ConditionalOnM
issingBean (types: org.
springframework.boot.we
b.servlet.error.ErrorAt
tributes; 
SearchStrategy: 
current) did not find 
any beans 
(OnBeanCondition)

   ErrorMvcAutoConfigur
ation.WhitelabelErrorVi
ewConfiguration 
matched:
      - 
@ConditionalOnProperty 
(server.error.whitelabe
l.enabled) matched 
(OnPropertyCondition)
      - ErrorTemplate 
Missing did not find 
error template view (Er
rorMvcAutoConfiguration
.ErrorTemplateMissingCo
ndition)

   ErrorMvcAutoConfigur
ation.WhitelabelErrorVi
ewConfiguration#beanNam
eViewResolver matched:
      - @ConditionalOnM
issingBean (types: org.
springframework.web.ser
vlet.view.BeanNameViewR
esolver; 
SearchStrategy: all) 
did not find any beans 
(OnBeanCondition)

   ErrorMvcAutoConfigur
ation.WhitelabelErrorVi
ewConfiguration#default
ErrorView matched:
      - @ConditionalOnM
issingBean (names: 
error; SearchStrategy: 
all) did not find any 
beans (OnBeanCondition)

   
GsonAutoConfiguration 
matched:
      - 
@ConditionalOnClass 
found required class 
'com.google.gson.Gson' 
(OnClassCondition)

   GsonAutoConfiguratio
n#gson matched:
      - @ConditionalOnM
issingBean (types: 
com.google.gson.Gson; 
SearchStrategy: all) 
did not find any beans 
(OnBeanCondition)

   GsonAutoConfiguratio
n#gsonBuilder matched:
      - @ConditionalOnM
issingBean (types: com.
google.gson.GsonBuilder
; SearchStrategy: all) 
did not find any beans 
(OnBeanCondition)

   GsonHttpMessageConve
rtersConfiguration 
matched:
      - 
@ConditionalOnClass 
found required class 
'com.google.gson.Gson' 
(OnClassCondition)

   HttpEncodingAutoConf
iguration matched:
      - 
@ConditionalOnClass 
found required class 'o
rg.springframework.web.
filter.CharacterEncodin
gFilter' 
(OnClassCondition)
      - found 
'session' scope (OnWebA
pplicationCondition)
      - 
@ConditionalOnProperty 
(server.servlet.encodin
g.enabled) matched 
(OnPropertyCondition)

   HttpEncodingAutoConf
iguration#characterEnco
dingFilter matched:
      - @ConditionalOnM
issingBean (types: org.
springframework.web.fil
ter.CharacterEncodingFi
lter; SearchStrategy: 
all) did not find any 
beans (OnBeanCondition)

   HttpMessageConverter
sAutoConfiguration 
matched:
      - 
@ConditionalOnClass 
found required class 'o
rg.springframework.http
.converter.HttpMessageC
onverter' 
(OnClassCondition)
      - 
NoneNestedConditions 0 
matched 1 did not; 
NestedCondition on Http
MessageConvertersAutoCo
nfiguration.NotReactive
WebApplicationCondition
.ReactiveWebApplication
 did not find reactive 
web application 
classes (HttpMessageCon
vertersAutoConfiguratio
n.NotReactiveWebApplica
tionCondition)

   HttpMessageConverter
sAutoConfiguration#mess
ageConverters matched:
      - @ConditionalOnM
issingBean (types: org.
springframework.boot.au
toconfigure.http.HttpMe
ssageConverters; 
SearchStrategy: all) 
did not find any beans 
(OnBeanCondition)

   HttpMessageConverter
sAutoConfiguration.Stri
ngHttpMessageConverterC
onfiguration matched:
      - 
@ConditionalOnClass 
found required class 'o
rg.springframework.http
.converter.StringHttpMe
ssageConverter' 
(OnClassCondition)

   HttpMessageConverter
sAutoConfiguration.Stri
ngHttpMessageConverterC
onfiguration#stringHttp
MessageConverter 
matched:
      - @ConditionalOnM
issingBean (types: org.
springframework.http.co
nverter.StringHttpMessa
geConverter; 
SearchStrategy: all) 
did not find any beans 
(OnBeanCondition)

   JacksonAutoConfigura
tion matched:
      - 
@ConditionalOnClass 
found required class 'c
om.fasterxml.jackson.da
tabind.ObjectMapper' 
(OnClassCondition)

   JacksonAutoConfigura
tion.Jackson2ObjectMapp
erBuilderCustomizerConf
iguration matched:
      - 
@ConditionalOnClass 
found required class 'o
rg.springframework.http
.converter.json.Jackson
2ObjectMapperBuilder' 
(OnClassCondition)

   JacksonAutoConfigura
tion.JacksonObjectMappe
rBuilderConfiguration 
matched:
      - 
@ConditionalOnClass 
found required class 'o
rg.springframework.http
.converter.json.Jackson
2ObjectMapperBuilder' 
(OnClassCondition)

   JacksonAutoConfigura
tion.JacksonObjectMappe
rBuilderConfiguration#j
acksonObjectMapperBuild
er matched:
      - @ConditionalOnM
issingBean (types: org.
springframework.http.co
nverter.json.Jackson2Ob
jectMapperBuilder; 
SearchStrategy: all) 
did not find any beans 
(OnBeanCondition)

   JacksonAutoConfigura
tion.JacksonObjectMappe
rConfiguration matched:
      - 
@ConditionalOnClass 
found required class 'o
rg.springframework.http
.converter.json.Jackson
2ObjectMapperBuilder' 
(OnClassCondition)

   JacksonAutoConfigura
tion.JacksonObjectMappe
rConfiguration#jacksonO
bjectMapper matched:
      - @ConditionalOnM
issingBean (types: com.
fasterxml.jackson.datab
ind.ObjectMapper; 
SearchStrategy: all) 
did not find any beans 
(OnBeanCondition)

   JacksonAutoConfigura
tion.ParameterNamesModu
leConfiguration 
matched:
      - 
@ConditionalOnClass 
found required class 'c
om.fasterxml.jackson.mo
dule.paramnames.Paramet
erNamesModule' 
(OnClassCondition)

   JacksonAutoConfigura
tion.ParameterNamesModu
leConfiguration#paramet
erNamesModule matched:
      - @ConditionalOnM
issingBean (types: com.
fasterxml.jackson.modul
e.paramnames.ParameterN
amesModule; 
SearchStrategy: all) 
did not find any beans 
(OnBeanCondition)

   JacksonHttpMessageCo
nvertersConfiguration.M
appingJackson2HttpMessa
geConverterConfiguratio
n matched:
      - 
@ConditionalOnClass 
found required class 'c
om.fasterxml.jackson.da
tabind.ObjectMapper' 
(OnClassCondition)
      - 
@ConditionalOnProperty 
(spring.mvc.converters.
preferred-json-mapper=j
ackson) matched 
(OnPropertyCondition)
      - 
@ConditionalOnBean 
(types: com.fasterxml.j
ackson.databind.ObjectM
apper; SearchStrategy: 
all) found bean 
'jacksonObjectMapper' 
(OnBeanCondition)

   JacksonHttpMessageCo
nvertersConfiguration.M
appingJackson2HttpMessa
geConverterConfiguratio
n#mappingJackson2HttpMe
ssageConverter matched:
      - @ConditionalOnM
issingBean (types: org.
springframework.http.co
nverter.json.MappingJac
kson2HttpMessageConvert
er ignored: org.springf
ramework.hateoas.server
.mvc.TypeConstrainedMap
pingJackson2HttpMessage
Converter,org.springfra
mework.data.rest.webmvc
.alps.AlpsJsonHttpMessa
geConverter; 
SearchStrategy: all) 
did not find any beans 
(OnBeanCondition)

   MockMvcAutoConfigura
tion matched:
      - found 
'session' scope (OnWebA
pplicationCondition)

   MockMvcAutoConfigura
tion#dispatcherServlet 
matched:
      - @ConditionalOnM
issingBean (types: org.
springframework.web.ser
vlet.DispatcherServlet;
 SearchStrategy: all) 
did not find any beans 
(OnBeanCondition)

   MockMvcAutoConfigura
tion#dispatcherServletP
ath matched:
      - @ConditionalOnM
issingBean (types: org.
springframework.boot.au
toconfigure.web.servlet
.DispatcherServletPath;
 SearchStrategy: all) 
did not find any beans 
(OnBeanCondition)

   MockMvcAutoConfigura
tion#mockMvc matched:
      - @ConditionalOnM
issingBean (types: org.
springframework.test.we
b.servlet.MockMvc; 
SearchStrategy: all) 
did not find any beans 
(OnBeanCondition)

   MockMvcAutoConfigura
tion#mockMvcBuilder 
matched:
      - @ConditionalOnM
issingBean (types: org.
springframework.test.we
b.servlet.MockMvcBuilde
r; SearchStrategy: 
all) did not find any 
beans (OnBeanCondition)

   MockMvcSecurityConfi
guration matched:
      - 
@ConditionalOnClass 
found required class 'o
rg.springframework.secu
rity.test.web.servlet.r
equest.SecurityMockMvcR
equestPostProcessors' 
(OnClassCondition)

   MockMvcSecurityConfi
guration#securityMockMv
cBuilderCustomizer 
matched:
      - 
@ConditionalOnBean 
(names: springSecurityF
ilterChain; 
SearchStrategy: all) 
found bean 'springSecur
ityFilterChain' 
(OnBeanCondition)

   
NoOpCacheConfiguration 
matched:
      - Cache org.sprin
gframework.boot.autocon
figure.cache.NoOpCacheC
onfiguration NONE 
cache type 
(CacheCondition)

   SecurityAutoConfigur
ation matched:
      - 
@ConditionalOnClass 
found required class 'o
rg.springframework.secu
rity.authentication.Def
aultAuthenticationEvent
Publisher' 
(OnClassCondition)

   SecurityAutoConfigur
ation#authenticationEve
ntPublisher matched:
      - @ConditionalOnM
issingBean (types: org.
springframework.securit
y.authentication.Authen
ticationEventPublisher;
 SearchStrategy: all) 
did not find any beans 
(OnBeanCondition)

   SecurityFilterAutoCo
nfiguration matched:
      - 
@ConditionalOnClass 
found required classes 
'org.springframework.se
curity.web.context.Abst
ractSecurityWebApplicat
ionInitializer', 'org.s
pringframework.security
.config.http.SessionCre
ationPolicy' 
(OnClassCondition)
      - found 
'session' scope (OnWebA
pplicationCondition)

   SecurityFilterAutoCo
nfiguration#securityFil
terChainRegistration 
matched:
      - 
@ConditionalOnBean 
(names: springSecurityF
ilterChain; 
SearchStrategy: all) 
found bean 'springSecur
ityFilterChain' 
(OnBeanCondition)

   SpringBootWebSecurit
yConfiguration matched:
      - found 
'session' scope (OnWebA
pplicationCondition)

   SpringBootWebSecurit
yConfiguration.Security
FilterChainConfiguratio
n matched:
      - 
AllNestedConditions 2 
matched 0 did not; 
NestedCondition on Defa
ultWebSecurityCondition
.Beans @ConditionalOnMi
ssingBean (types: org.s
pringframework.security
.web.SecurityFilterChai
n; SearchStrategy: 
all) did not find any 
beans; NestedCondition 
on DefaultWebSecurityCo
ndition.Classes 
@ConditionalOnClass 
found required classes 
'org.springframework.se
curity.web.SecurityFilt
erChain', 'org.springfr
amework.security.config
.annotation.web.builder
s.HttpSecurity' (Defaul
tWebSecurityCondition)

   SpringBootWebSecurit
yConfiguration.WebSecur
ityEnablerConfiguration
 matched:
      - 
@ConditionalOnClass 
found required class 'o
rg.springframework.secu
rity.config.annotation.
web.configuration.Enabl
eWebSecurity' 
(OnClassCondition)
      - @ConditionalOnM
issingBean (names: spri
ngSecurityFilterChain; 
SearchStrategy: all) 
did not find any beans 
(OnBeanCondition)

   SpringDataWebAutoCon
figuration matched:
      - 
@ConditionalOnClass 
found required classes 
'org.springframework.da
ta.web.PageableHandlerM
ethodArgumentResolver',
 'org.springframework.w
eb.servlet.config.annot
ation.WebMvcConfigurer'
 (OnClassCondition)
      - found 
'session' scope (OnWebA
pplicationCondition)
      - @ConditionalOnM
issingBean (types: org.
springframework.data.we
b.PageableHandlerMethod
ArgumentResolver; 
SearchStrategy: all) 
did not find any beans 
(OnBeanCondition)

   SpringDataWebAutoCon
figuration#pageableCust
omizer matched:
      - @ConditionalOnM
issingBean (types: org.
springframework.data.we
b.config.PageableHandle
rMethodArgumentResolver
Customizer; 
SearchStrategy: all) 
did not find any beans 
(OnBeanCondition)

   SpringDataWebAutoCon
figuration#sortCustomiz
er matched:
      - @ConditionalOnM
issingBean (types: org.
springframework.data.we
b.config.SortHandlerMet
hodArgumentResolverCust
omizer; 
SearchStrategy: all) 
did not find any beans 
(OnBeanCondition)

   TaskExecutionAutoCon
figuration matched:
      - 
@ConditionalOnClass 
found required class 'o
rg.springframework.sche
duling.concurrent.Threa
dPoolTaskExecutor' 
(OnClassCondition)

   TaskExecutorConfigur
ations.SimpleAsyncTaskE
xecutorBuilderConfigura
tion#simpleAsyncTaskExe
cutorBuilder matched:
      - @ConditionalOnM
issingBean (types: org.
springframework.boot.ta
sk.SimpleAsyncTaskExecu
torBuilder; 
SearchStrategy: all) 
did not find any beans 
(OnBeanCondition)
      - @ConditionalOnT
hreading found 
PLATFORM 
(OnThreadingCondition)

   TaskExecutorConfigur
ations.TaskExecutorBuil
derConfiguration#taskEx
ecutorBuilder matched:
      - @ConditionalOnM
issingBean (types: org.
springframework.boot.ta
sk.TaskExecutorBuilder;
 SearchStrategy: all) 
did not find any beans 
(OnBeanCondition)

   TaskExecutorConfigur
ations.TaskExecutorConf
iguration matched:
      - @ConditionalOnM
issingBean (types: java
.util.concurrent.Execut
or; SearchStrategy: 
all) did not find any 
beans (OnBeanCondition)

   TaskExecutorConfigur
ations.TaskExecutorConf
iguration#applicationTa
skExecutor matched:
      - @ConditionalOnT
hreading found 
PLATFORM 
(OnThreadingCondition)

   TaskExecutorConfigur
ations.ThreadPoolTaskEx
ecutorBuilderConfigurat
ion#threadPoolTaskExecu
torBuilder matched:
      - @ConditionalOnM
issingBean (types: org.
springframework.boot.ta
sk.TaskExecutorBuilder,
org.springframework.boo
t.task.ThreadPoolTaskEx
ecutorBuilder; 
SearchStrategy: all) 
did not find any beans 
(OnBeanCondition)

   TemplateEngineConfig
urations.DefaultTemplat
eEngineConfiguration#te
mplateEngine matched:
      - @ConditionalOnM
issingBean (types: org.
thymeleaf.spring6.ISpri
ngTemplateEngine; 
SearchStrategy: all) 
did not find any beans 
(OnBeanCondition)

   ThymeleafAutoConfigu
ration matched:
      - 
@ConditionalOnClass 
found required classes 
'org.thymeleaf.template
mode.TemplateMode', 'or
g.thymeleaf.spring6.Spr
ingTemplateEngine' 
(OnClassCondition)

   ThymeleafAutoConfigu
ration.DefaultTemplateR
esolverConfiguration 
matched:
      - @ConditionalOnM
issingBean (names: defa
ultTemplateResolver; 
SearchStrategy: all) 
did not find any beans 
(OnBeanCondition)

   ThymeleafAutoConfigu
ration.ThymeleafWebMvcC
onfiguration matched:
      - found 
'session' scope (OnWebA
pplicationCondition)
      - 
@ConditionalOnProperty 
(spring.thymeleaf.enabl
ed) matched 
(OnPropertyCondition)

   ThymeleafAutoConfigu
ration.ThymeleafWebMvcC
onfiguration.ThymeleafV
iewResolverConfiguratio
n#thymeleafViewResolver
 matched:
      - @ConditionalOnM
issingBean (names: 
thymeleafViewResolver; 
SearchStrategy: all) 
did not find any beans 
(OnBeanCondition)

   UserDetailsServiceAu
toConfiguration 
matched:
      - 
@ConditionalOnClass 
found required class 'o
rg.springframework.secu
rity.authentication.Aut
henticationManager' 
(OnClassCondition)
      - 
AnyNestedCondition 1 
matched 2 did not; 
NestedCondition on User
DetailsServiceAutoConfi
guration.MissingAlterna
tiveOrUserPropertiesCon
figured.PasswordConfigu
red 
@ConditionalOnProperty 
(spring.security.user.p
assword) did not find 
property 'password'; 
NestedCondition on User
DetailsServiceAutoConfi
guration.MissingAlterna
tiveOrUserPropertiesCon
figured.NameConfigured 
@ConditionalOnProperty 
(spring.security.user.n
ame) did not find 
property 'name'; 
NestedCondition on User
DetailsServiceAutoConfi
guration.MissingAlterna
tiveOrUserPropertiesCon
figured.MissingAlternat
ive @ConditionalOnMissi
ngClass did not find 
unwanted classes 'org.s
pringframework.security
.oauth2.client.registra
tion.ClientRegistration
Repository', 'org.sprin
gframework.security.oau
th2.server.resource.int
rospection.OpaqueTokenI
ntrospector', 'org.spri
ngframework.security.sa
ml2.provider.service.re
gistration.RelyingParty
RegistrationRepository'
 (UserDetailsServiceAut
oConfiguration.MissingA
lternativeOrUserPropert
iesConfigured)
      - 
@ConditionalOnBean 
(types: org.springframe
work.security.config.an
notation.ObjectPostProc
essor; SearchStrategy: 
all) found bean 
'objectPostProcessor'; 
@ConditionalOnMissingBe
an (types: org.springfr
amework.security.authen
tication.Authentication
Manager,org.springframe
work.security.authentic
ation.AuthenticationPro
vider,org.springframewo
rk.security.core.userde
tails.UserDetailsServic
e,org.springframework.s
ecurity.authentication.
AuthenticationManagerRe
solver,org.springframew
ork.security.oauth2.jwt
.JwtDecoder; 
SearchStrategy: all) 
did not find any beans 
(OnBeanCondition)

   ValidationAutoConfig
uration matched:
      - 
@ConditionalOnClass 
found required class 'j
akarta.validation.execu
table.ExecutableValidat
or' (OnClassCondition)
      - 
@ConditionalOnResource 
found location classpat
h:META-INF/services/jak
arta.validation.spi.Val
idationProvider 
(OnResourceCondition)

   ValidationAutoConfig
uration#defaultValidato
r matched:
      - @ConditionalOnM
issingBean (types: jaka
rta.validation.Validato
r; SearchStrategy: 
all) did not find any 
beans (OnBeanCondition)

   ValidationAutoConfig
uration#methodValidatio
nPostProcessor matched:
      - @ConditionalOnM
issingBean (types: org.
springframework.validat
ion.beanvalidation.Meth
odValidationPostProcess
or; SearchStrategy: 
current) did not find 
any beans 
(OnBeanCondition)

   WebMvcAutoConfigurat
ion matched:
      - 
@ConditionalOnClass 
found required classes 
'jakarta.servlet.Servle
t', 'org.springframewor
k.web.servlet.Dispatche
rServlet', 'org.springf
ramework.web.servlet.co
nfig.annotation.WebMvcC
onfigurer' 
(OnClassCondition)
      - found 
'session' scope (OnWebA
pplicationCondition)
      - @ConditionalOnM
issingBean (types: org.
springframework.web.ser
vlet.config.annotation.
WebMvcConfigurationSupp
ort; SearchStrategy: 
all) did not find any 
beans (OnBeanCondition)

   WebMvcAutoConfigurat
ion#formContentFilter 
matched:
      - 
@ConditionalOnProperty 
(spring.mvc.formcontent
.filter.enabled) 
matched 
(OnPropertyCondition)
      - @ConditionalOnM
issingBean (types: org.
springframework.web.fil
ter.FormContentFilter; 
SearchStrategy: all) 
did not find any beans 
(OnBeanCondition)

   WebMvcAutoConfigurat
ion.EnableWebMvcConfigu
ration#flashMapManager 
matched:
      - @ConditionalOnM
issingBean (names: 
flashMapManager; 
SearchStrategy: all) 
did not find any beans 
(OnBeanCondition)

   WebMvcAutoConfigurat
ion.EnableWebMvcConfigu
ration#localeResolver 
matched:
      - @ConditionalOnM
issingBean (names: 
localeResolver; 
SearchStrategy: all) 
did not find any beans 
(OnBeanCondition)

   WebMvcAutoConfigurat
ion.EnableWebMvcConfigu
ration#themeResolver 
matched:
      - @ConditionalOnM
issingBean (names: 
themeResolver; 
SearchStrategy: all) 
did not find any beans 
(OnBeanCondition)

   WebMvcAutoConfigurat
ion.WebMvcAutoConfigura
tionAdapter#defaultView
Resolver matched:
      - @ConditionalOnM
issingBean (types: org.
springframework.web.ser
vlet.view.InternalResou
rceViewResolver; 
SearchStrategy: all) 
did not find any beans 
(OnBeanCondition)

   WebMvcAutoConfigurat
ion.WebMvcAutoConfigura
tionAdapter#requestCont
extFilter matched:
      - @ConditionalOnM
issingBean (types: org.
springframework.web.con
text.request.RequestCon
textListener,org.spring
framework.web.filter.Re
questContextFilter; 
SearchStrategy: all) 
did not find any beans 
(OnBeanCondition)

   WebMvcAutoConfigurat
ion.WebMvcAutoConfigura
tionAdapter#viewResolve
r matched:
      - 
@ConditionalOnBean 
(types: org.springframe
work.web.servlet.ViewRe
solver; 
SearchStrategy: all) 
found beans 
'defaultViewResolver', 
'beanNameViewResolver',
 'mvcViewResolver'; @Co
nditionalOnMissingBean 
(names: viewResolver 
types: org.springframew
ork.web.servlet.view.Co
ntentNegotiatingViewRes
olver; SearchStrategy: 
all) did not find any 
beans (OnBeanCondition)


Negative matches:
-----------------

   Cache2kCacheConfigur
ation:
      Did not match:
         - 
@ConditionalOnClass 
did not find required 
class 'org.cache2k.Cach
e2kBuilder' 
(OnClassCondition)

   
CacheAutoConfiguration:
      Did not match:
         - 
@ConditionalOnBean 
(types: org.springframe
work.cache.interceptor.
CacheAspectSupport; 
SearchStrategy: all) 
did not find any beans 
of type org.springframe
work.cache.interceptor.
CacheAspectSupport 
(OnBeanCondition)
      Matched:
         - 
@ConditionalOnClass 
found required class 'o
rg.springframework.cach
e.CacheManager' 
(OnClassCondition)

   CacheAutoConfigurati
on.CacheManagerEntityMa
nagerFactoryDependsOnPo
stProcessor:
      Did not match:
         - Ancestor org
.springframework.boot.a
utoconfigure.cache.Cach
eAutoConfiguration did 
not match (ConditionEva
luationReport.Ancestors
MatchedCondition)
      Matched:
         - 
@ConditionalOnClass 
found required class 'o
rg.springframework.orm.
jpa.LocalContainerEntit
yManagerFactoryBean' 
(OnClassCondition)

   CaffeineCacheConfigu
ration:
      Did not match:
         - 
@ConditionalOnClass 
did not find required 
class 'com.github.benma
nes.caffeine.cache.Caff
eine' 
(OnClassCondition)

   CouchbaseCacheConfig
uration:
      Did not match:
         - 
@ConditionalOnClass 
did not find required 
class 'com.couchbase.cl
ient.java.Cluster' 
(OnClassCondition)

   ErrorMvcAutoConfigur
ation.DefaultErrorViewR
esolverConfiguration#co
nventionErrorViewResolv
er:
      Did not match:
         - 
@ConditionalOnBean 
(types: org.springframe
work.web.servlet.Dispat
cherServlet; 
SearchStrategy: all) 
did not find any beans 
of type org.springframe
work.web.servlet.Dispat
cherServlet 
(OnBeanCondition)

   FreeMarkerAutoConfig
uration:
      Did not match:
         - 
@ConditionalOnClass 
did not find required 
class 'freemarker.templ
ate.Configuration' 
(OnClassCondition)

   GenericCacheConfigur
ation:
      Did not match:
         - Cache org.sp
ringframework.boot.auto
configure.cache.Generic
CacheConfiguration 
unknown cache type 
(CacheCondition)

   GroovyTemplateAutoCo
nfiguration:
      Did not match:
         - 
@ConditionalOnClass 
did not find required 
class 'groovy.text.mark
up.MarkupTemplateEngine
' (OnClassCondition)

   GsonHttpMessageConve
rtersConfiguration.Gson
HttpMessageConverterCon
figuration:
      Did not match:
         - 
AnyNestedCondition 0 
matched 2 did not; 
NestedCondition on Gson
HttpMessageConvertersCo
nfiguration.PreferGsonO
rJacksonAndJsonbUnavail
ableCondition.JacksonJs
onbUnavailable 
NoneNestedConditions 1 
matched 1 did not; 
NestedCondition on Gson
HttpMessageConvertersCo
nfiguration.JacksonAndJ
sonbUnavailableConditio
n.JsonbPreferred 
@ConditionalOnProperty 
(spring.mvc.converters.
preferred-json-mapper=j
sonb) did not find 
property 'spring.mvc.co
nverters.preferred-json
-mapper'; 
NestedCondition on Gson
HttpMessageConvertersCo
nfiguration.JacksonAndJ
sonbUnavailableConditio
n.JacksonAvailable 
@ConditionalOnBean 
(types: org.springframe
work.http.converter.jso
n.MappingJackson2HttpMe
ssageConverter; 
SearchStrategy: all) 
found bean 'mappingJack
son2HttpMessageConverte
r'; NestedCondition on 
GsonHttpMessageConverte
rsConfiguration.PreferG
sonOrJacksonAndJsonbUna
vailableCondition.GsonP
referred 
@ConditionalOnProperty 
(spring.mvc.converters.
preferred-json-mapper=g
son) did not find 
property 'spring.mvc.co
nverters.preferred-json
-mapper' (GsonHttpMessa
geConvertersConfigurati
on.PreferGsonOrJacksonA
ndJsonbUnavailableCondi
tion)

   HazelcastCacheConfig
uration:
      Did not match:
         - 
@ConditionalOnClass 
did not find required 
class 'com.hazelcast.co
re.HazelcastInstance' 
(OnClassCondition)

   HypermediaAutoConfig
uration:
      Did not match:
         - 
@ConditionalOnClass 
did not find required 
class 'org.springframew
ork.hateoas.EntityModel
' (OnClassCondition)

   InfinispanCacheConfi
guration:
      Did not match:
         - 
@ConditionalOnClass 
did not find required 
class 'org.infinispan.s
pring.embedded.provider
.SpringEmbeddedCacheMan
ager' 
(OnClassCondition)

   JCacheCacheConfigura
tion:
      Did not match:
         - 
@ConditionalOnClass 
did not find required 
class 
'javax.cache.Caching' 
(OnClassCondition)

   JacksonHttpMessageCo
nvertersConfiguration.M
appingJackson2XmlHttpMe
ssageConverterConfigura
tion:
      Did not match:
         - 
@ConditionalOnClass 
did not find required 
class 'com.fasterxml.ja
ckson.dataformat.xml.Xm
lMapper' 
(OnClassCondition)

   
JsonbAutoConfiguration:
      Did not match:
         - 
@ConditionalOnClass 
did not find required 
class 'jakarta.json.bin
d.Jsonb' 
(OnClassCondition)

   JsonbHttpMessageConv
ertersConfiguration:
      Did not match:
         - 
@ConditionalOnClass 
did not find required 
class 'jakarta.json.bin
d.Jsonb' 
(OnClassCondition)

   MessageSourceAutoCon
figuration:
      Did not match:
         - 
ResourceBundle did not 
find bundle with 
basename messages (Mess
ageSourceAutoConfigurat
ion.ResourceBundleCondi
tion)

   MockMvcAutoConfigura
tion.WebTestClientMockM
vcConfiguration:
      Did not match:
         - 
@ConditionalOnClass 
did not find required 
class 'org.springframew
ork.web.reactive.functi
on.client.WebClient' 
(OnClassCondition)

   MockMvcWebClientAuto
Configuration:
      Did not match:
         - 
@ConditionalOnClass 
did not find required 
class 'com.gargoylesoft
ware.htmlunit.WebClient
' (OnClassCondition)

   MockMvcWebDriverAuto
Configuration:
      Did not match:
         - 
@ConditionalOnClass 
did not find required 
class 'org.openqa.selen
ium.htmlunit.HtmlUnitDr
iver' 
(OnClassCondition)

   MustacheAutoConfigur
ation:
      Did not match:
         - 
@ConditionalOnClass 
did not find required 
class 'com.samskivert.m
ustache.Mustache' 
(OnClassCondition)

   OAuth2ClientAutoConf
iguration:
      Did not match:
         - 
@ConditionalOnClass 
did not find required 
class 'org.springframew
ork.security.oauth2.cli
ent.registration.Client
Registration' 
(OnClassCondition)

   OAuth2ResourceServer
AutoConfiguration:
      Did not match:
         - 
@ConditionalOnClass 
did not find required 
class 'org.springframew
ork.security.oauth2.ser
ver.resource.authentica
tion.BearerTokenAuthent
icationToken' 
(OnClassCondition)

   RedisCacheConfigurat
ion:
      Did not match:
         - Cache org.sp
ringframework.boot.auto
configure.cache.RedisCa
cheConfiguration 
unknown cache type 
(CacheCondition)
      Matched:
         - 
@ConditionalOnClass 
found required class 'o
rg.springframework.data
.redis.connection.Redis
ConnectionFactory' 
(OnClassCondition)

   SecurityDataConfigur
ation:
      Did not match:
         - 
@ConditionalOnClass 
did not find required 
class 'org.springframew
ork.security.data.repos
itory.query.SecurityEva
luationContextExtension
' (OnClassCondition)

   SimpleCacheConfigura
tion:
      Did not match:
         - Cache org.sp
ringframework.boot.auto
configure.cache.SimpleC
acheConfiguration 
unknown cache type 
(CacheCondition)

   TaskExecutorConfigur
ations.SimpleAsyncTaskE
xecutorBuilderConfigura
tion#simpleAsyncTaskExe
cutorBuilderVirtualThre
ads:
      Did not match:
         - @Conditional
OnMissingBean (types: o
rg.springframework.boot
.task.SimpleAsyncTaskEx
ecutorBuilder; 
SearchStrategy: all) 
found beans of type 'or
g.springframework.boot.
task.SimpleAsyncTaskExe
cutorBuilder' simpleAsy
ncTaskExecutorBuilder 
(OnBeanCondition)

   TaskExecutorConfigur
ations.TaskExecutorConf
iguration#applicationTa
skExecutorVirtualThread
s:
      Did not match:
         - @Conditional
OnThreading did not 
find VIRTUAL 
(OnThreadingCondition)

   TemplateEngineConfig
urations.ReactiveTempla
teEngineConfiguration:
      Did not match:
         - did not 
find reactive web 
application classes (On
WebApplicationCondition
)

   ThymeleafAutoConfigu
ration.DataAttributeDia
lectConfiguration:
      Did not match:
         - 
@ConditionalOnClass 
did not find required 
class 'com.github.mxab.
thymeleaf.extras.dataat
tribute.dialect.DataAtt
ributeDialect' 
(OnClassCondition)

   ThymeleafAutoConfigu
ration.ThymeleafSecurit
yDialectConfiguration:
      Did not match:
         - 
@ConditionalOnClass 
did not find required 
class 'org.thymeleaf.ex
tras.springsecurity6.di
alect.SpringSecurityDia
lect' 
(OnClassCondition)

   ThymeleafAutoConfigu
ration.ThymeleafWebFlux
Configuration:
      Did not match:
         - did not 
find reactive web 
application classes (On
WebApplicationCondition
)

   ThymeleafAutoConfigu
ration.ThymeleafWebLayo
utConfiguration:
      Did not match:
         - 
@ConditionalOnClass 
did not find required 
class 'nz.net.ultraq.th
ymeleaf.layoutdialect.L
ayoutDialect' 
(OnClassCondition)

   ThymeleafAutoConfigu
ration.ThymeleafWebMvcC
onfiguration#resourceUr
lEncodingFilter:
      Did not match:
         - @Conditional
OnEnabledResourceChain 
did not find class org.
webjars.WebJarAssetLoca
tor (OnEnabledResourceC
hainCondition)

   WebMvcAutoConfigurat
ion#hiddenHttpMethodFil
ter:
      Did not match:
         - 
@ConditionalOnProperty 
(spring.mvc.hiddenmetho
d.filter.enabled) did 
not find property 
'enabled' 
(OnPropertyCondition)

   WebMvcAutoConfigurat
ion.ProblemDetailsError
HandlingConfiguration:
      Did not match:
         - 
@ConditionalOnProperty 
(spring.mvc.problemdeta
ils.enabled=true) did 
not find property 
'enabled' 
(OnPropertyCondition)

   WebMvcAutoConfigurat
ion.ResourceChainCustom
izerConfiguration:
      Did not match:
         - @Conditional
OnEnabledResourceChain 
did not find class org.
webjars.WebJarAssetLoca
tor (OnEnabledResourceC
hainCondition)

   WebMvcAutoConfigurat
ion.WebMvcAutoConfigura
tionAdapter#beanNameVie
wResolver:
      Did not match:
         - @Conditional
OnMissingBean (types: o
rg.springframework.web.
servlet.view.BeanNameVi
ewResolver; 
SearchStrategy: all) 
found beans of type 'or
g.springframework.web.s
ervlet.view.BeanNameVie
wResolver' 
beanNameViewResolver 
(OnBeanCondition)

   WebTestClientAutoCon
figuration:
      Did not match:
         - 
@ConditionalOnClass 
did not find required 
class 'org.springframew
ork.web.reactive.functi
on.client.WebClient' 
(OnClassCondition)


Exclusions:
-----------

    org.springframework
.boot.autoconfigure.dat
a.redis.RedisAutoConfig
uration

    org.springframework
.boot.autoconfigure.dat
a.redis.RedisRepositori
esAutoConfiguration


Unconditional classes:
----------------------

    None



2026-03-02T12:39:52.174+05:30  INFO 6540 --- [           main] .s.b.a.l.ConditionEvaluationReportLogger : 

Error starting ApplicationContext. To display the condition evaluation report re-run your application with 'debug' enabled.
2026-03-02T12:39:52.181+05:30 ERROR 6540 --- [           main] o.s.b.d.LoggingFailureAnalysisReporter   : 

***************************
APPLICATION FAILED TO START
***************************

Description:

Parameter 0 of constructor in com.bookfair.security.JwtAuthenticationFilter required a bean of type 'com.bookfair.security.JwtUtils' that could not be found.


Action:

Consider defining a bean of type 'com.bookfair.security.JwtUtils' in your configuration.

2026-03-02T12:39:52.181+05:30  WARN 6540 --- [           main] o.s.test.context.TestContextManager      : Caught exception while allowing TestExecutionListener [org.springframework.boot.test.mock.mockito.MockitoTestExecutionListener] to prepare test instance [com.bookfair.controller.EmailControllerTest@f111e97]

java.lang.IllegalStateException: Failed to load ApplicationContext for [WebMergedContextConfiguration@7a9e44ff testClass = com.bookfair.controller.EmailControllerTest, locations = [], classes = [com.bookfair.BookfairApplication], contextInitializerClasses = [], activeProfiles = [], propertySourceDescriptors = [], propertySourceProperties = ["org.springframework.boot.test.autoconfigure.web.servlet.WebMvcTestContextBootstrapper=true"], contextCustomizers = [[ImportsContextCustomizer@1f8e1096 key = [org.springframework.boot.autoconfigure.task.TaskExecutionAutoConfiguration, org.springframework.boot.autoconfigure.cache.CacheAutoConfiguration, org.springframework.boot.autoconfigure.web.servlet.HttpEncodingAutoConfiguration, org.springframework.boot.autoconfigure.validation.ValidationAutoConfiguration, org.springframework.boot.autoconfigure.context.MessageSourceAutoConfiguration, org.springframework.boot.autoconfigure.hateoas.HypermediaAutoConfiguration, org.springframework.boot.autoconfigure.jackson.JacksonAutoConfiguration, org.springframework.boot.autoconfigure.data.web.SpringDataWebAutoConfiguration, org.springframework.boot.test.autoconfigure.web.reactive.WebTestClientAutoConfiguration, org.springframework.boot.autoconfigure.web.servlet.error.ErrorMvcAutoConfiguration, org.springframework.boot.test.autoconfigure.web.servlet.MockMvcAutoConfiguration, org.springframework.boot.autoconfigure.security.servlet.SecurityAutoConfiguration, org.springframework.boot.autoconfigure.security.servlet.SecurityFilterAutoConfiguration, org.springframework.boot.autoconfigure.http.HttpMessageConvertersAutoConfiguration, org.springframework.boot.autoconfigure.security.oauth2.client.servlet.OAuth2ClientAutoConfiguration, org.springframework.boot.test.autoconfigure.web.servlet.MockMvcSecurityConfiguration, org.springframework.boot.test.autoconfigure.web.servlet.MockMvcWebClientAutoConfiguration, org.springframework.boot.test.autoconfigure.web.servlet.MockMvcWebDriverAutoConfiguration, org.springframework.boot.autoconfigure.thymeleaf.ThymeleafAutoConfiguration, org.springframework.boot.autoconfigure.gson.GsonAutoConfiguration, org.springframework.boot.autoconfigure.jsonb.JsonbAutoConfiguration, org.springframework.boot.autoconfigure.freemarker.FreeMarkerAutoConfiguration, org.springframework.boot.autoconfigure.web.servlet.WebMvcAutoConfiguration, org.springframework.boot.autoconfigure.security.servlet.UserDetailsServiceAutoConfiguration, org.springframework.boot.autoconfigure.security.oauth2.resource.servlet.OAuth2ResourceServerAutoConfiguration, org.springframework.boot.autoconfigure.groovy.template.GroovyTemplateAutoConfiguration, org.springframework.boot.autoconfigure.mustache.MustacheAutoConfiguration]], org.springframework.boot.test.context.filter.ExcludeFilterContextCustomizer@44be0077, org.springframework.boot.test.json.DuplicateJsonObjectContextCustomizerFactory$DuplicateJsonObjectContextCustomizer@6aa8e115, org.springframework.boot.test.mock.mockito.MockitoContextCustomizer@f35f53de, org.springframework.boot.test.web.reactor.netty.DisableReactorResourceFactoryGlobalResourcesContextCustomizerFactory$DisableReactorResourceFactoryGlobalResourcesContextCustomizerCustomizer@1c39680d, org.springframework.boot.test.autoconfigure.OnFailureConditionReportContextCustomizerFactory$OnFailureConditionReportContextCustomizer@a37aefe, org.springframework.boot.test.autoconfigure.OverrideAutoConfigurationContextCustomizerFactory$DisableAutoConfigurationContextCustomizer@37fb0bed, org.springframework.boot.test.autoconfigure.actuate.observability.ObservabilityContextCustomizerFactory$DisableObservabilityContextCustomizer@1f, org.springframework.boot.test.autoconfigure.filter.TypeExcludeFiltersContextCustomizer@3039459f, org.springframework.boot.test.autoconfigure.properties.PropertyMappingContextCustomizer@e349a9f1, org.springframework.boot.test.autoconfigure.web.servlet.WebDriverContextCustomizer@5be49b60, org.springframework.boot.test.context.SpringBootTestAnnotation@da99bfda], resourceBasePath = "src/main/webapp", contextLoader = org.springframework.boot.test.context.SpringBootContextLoader, parent = null]
	at org.springframework.test.context.cache.DefaultCacheAwareContextLoaderDelegate.loadContext(DefaultCacheAwareContextLoaderDelegate.java:180) ~[spring-test-6.1.14.jar:6.1.14]
	at org.springframework.test.context.support.DefaultTestContext.getApplicationContext(DefaultTestContext.java:130) ~[spring-test-6.1.14.jar:6.1.14]
	at org.springframework.boot.test.mock.mockito.MockitoTestExecutionListener.postProcessFields(MockitoTestExecutionListener.java:122) ~[spring-boot-test-3.3.5.jar:3.3.5]
	at org.springframework.boot.test.mock.mockito.MockitoTestExecutionListener.injectFields(MockitoTestExecutionListener.java:106) ~[spring-boot-test-3.3.5.jar:3.3.5]
	at org.springframework.boot.test.mock.mockito.MockitoTestExecutionListener.prepareTestInstance(MockitoTestExecutionListener.java:63) ~[spring-boot-test-3.3.5.jar:3.3.5]
	at org.springframework.test.context.TestContextManager.prepareTestInstance(TestContextManager.java:260) ~[spring-test-6.1.14.jar:6.1.14]
	at org.springframework.test.context.junit.jupiter.SpringExtension.postProcessTestInstance(SpringExtension.java:163) ~[spring-test-6.1.14.jar:6.1.14]
	at org.junit.jupiter.engine.descriptor.ClassBasedTestDescriptor.lambda$invokeTestInstancePostProcessors$10(ClassBasedTestDescriptor.java:378) ~[junit-jupiter-engine-5.10.5.jar:5.10.5]
	at org.junit.jupiter.engine.descriptor.ClassBasedTestDescriptor.executeAndMaskThrowable(ClassBasedTestDescriptor.java:383) ~[junit-jupiter-engine-5.10.5.jar:5.10.5]
	at org.junit.jupiter.engine.descriptor.ClassBasedTestDescriptor.lambda$invokeTestInstancePostProcessors$11(ClassBasedTestDescriptor.java:378) ~[junit-jupiter-engine-5.10.5.jar:5.10.5]
	at java.base/java.util.stream.ReferencePipeline$3$1.accept(ReferencePipeline.java:214) ~[na:na]
	at java.base/java.util.stream.ReferencePipeline$2$1.accept(ReferencePipeline.java:197) ~[na:na]
	at java.base/java.util.ArrayList$ArrayListSpliterator.forEachRemaining(ArrayList.java:1716) ~[na:na]
	at java.base/java.util.stream.AbstractPipeline.copyInto(AbstractPipeline.java:570) ~[na:na]
	at java.base/java.util.stream.AbstractPipeline.wrapAndCopyInto(AbstractPipeline.java:560) ~[na:na]
	at java.base/java.util.stream.StreamSpliterators$WrappingSpliterator.forEachRemaining(StreamSpliterators.java:315) ~[na:na]
	at java.base/java.util.stream.Streams$ConcatSpliterator.forEachRemaining(Streams.java:735) ~[na:na]
	at java.base/java.util.stream.Streams$ConcatSpliterator.forEachRemaining(Streams.java:734) ~[na:na]
	at java.base/java.util.stream.ReferencePipeline$Head.forEach(ReferencePipeline.java:803) ~[na:na]
	at org.junit.jupiter.engine.descriptor.ClassBasedTestDescriptor.invokeTestInstancePostProcessors(ClassBasedTestDescriptor.java:377) ~[junit-jupiter-engine-5.10.5.jar:5.10.5]
	at org.junit.jupiter.engine.descriptor.ClassBasedTestDescriptor.lambda$instantiateAndPostProcessTestInstance$6(ClassBasedTestDescriptor.java:290) ~[junit-jupiter-engine-5.10.5.jar:5.10.5]
	at org.junit.platform.engine.support.hierarchical.ThrowableCollector.execute(ThrowableCollector.java:73) ~[junit-platform-engine-1.10.5.jar:1.10.5]
	at org.junit.jupiter.engine.descriptor.ClassBasedTestDescriptor.instantiateAndPostProcessTestInstance(ClassBasedTestDescriptor.java:289) ~[junit-jupiter-engine-5.10.5.jar:5.10.5]
	at org.junit.jupiter.engine.descriptor.ClassBasedTestDescriptor.lambda$testInstancesProvider$4(ClassBasedTestDescriptor.java:279) ~[junit-jupiter-engine-5.10.5.jar:5.10.5]
	at java.base/java.util.Optional.orElseGet(Optional.java:364) ~[na:na]
	at org.junit.jupiter.engine.descriptor.ClassBasedTestDescriptor.lambda$testInstancesProvider$5(ClassBasedTestDescriptor.java:278) ~[junit-jupiter-engine-5.10.5.jar:5.10.5]
	at org.junit.jupiter.engine.execution.TestInstancesProvider.getTestInstances(TestInstancesProvider.java:31) ~[junit-jupiter-engine-5.10.5.jar:5.10.5]
	at org.junit.jupiter.engine.descriptor.TestMethodTestDescriptor.lambda$prepare$0(TestMethodTestDescriptor.java:106) ~[junit-jupiter-engine-5.10.5.jar:5.10.5]
	at org.junit.platform.engine.support.hierarchical.ThrowableCollector.execute(ThrowableCollector.java:73) ~[junit-platform-engine-1.10.5.jar:1.10.5]
	at org.junit.jupiter.engine.descriptor.TestMethodTestDescriptor.prepare(TestMethodTestDescriptor.java:105) ~[junit-jupiter-engine-5.10.5.jar:5.10.5]
	at org.junit.jupiter.engine.descriptor.TestMethodTestDescriptor.prepare(TestMethodTestDescriptor.java:69) ~[junit-jupiter-engine-5.10.5.jar:5.10.5]
	at org.junit.platform.engine.support.hierarchical.NodeTestTask.lambda$prepare$2(NodeTestTask.java:128) ~[junit-platform-engine-1.10.5.jar:1.10.5]
	at org.junit.platform.engine.support.hierarchical.ThrowableCollector.execute(ThrowableCollector.java:73) ~[junit-platform-engine-1.10.5.jar:1.10.5]
	at org.junit.platform.engine.support.hierarchical.NodeTestTask.prepare(NodeTestTask.java:128) ~[junit-platform-engine-1.10.5.jar:1.10.5]
	at org.junit.platform.engine.support.hierarchical.NodeTestTask.execute(NodeTestTask.java:95) ~[junit-platform-engine-1.10.5.jar:1.10.5]
	at java.base/java.util.ArrayList.forEach(ArrayList.java:1604) ~[na:na]
	at org.junit.platform.engine.support.hierarchical.SameThreadHierarchicalTestExecutorService.invokeAll(SameThreadHierarchicalTestExecutorService.java:41) ~[junit-platform-engine-1.10.5.jar:1.10.5]
	at org.junit.platform.engine.support.hierarchical.NodeTestTask.lambda$executeRecursively$6(NodeTestTask.java:160) ~[junit-platform-engine-1.10.5.jar:1.10.5]
	at org.junit.platform.engine.support.hierarchical.ThrowableCollector.execute(ThrowableCollector.java:73) ~[junit-platform-engine-1.10.5.jar:1.10.5]
	at org.junit.platform.engine.support.hierarchical.NodeTestTask.lambda$executeRecursively$8(NodeTestTask.java:146) ~[junit-platform-engine-1.10.5.jar:1.10.5]
	at org.junit.platform.engine.support.hierarchical.Node.around(Node.java:137) ~[junit-platform-engine-1.10.5.jar:1.10.5]
	at org.junit.platform.engine.support.hierarchical.NodeTestTask.lambda$executeRecursively$9(NodeTestTask.java:144) ~[junit-platform-engine-1.10.5.jar:1.10.5]
	at org.junit.platform.engine.support.hierarchical.ThrowableCollector.execute(ThrowableCollector.java:73) ~[junit-platform-engine-1.10.5.jar:1.10.5]
	at org.junit.platform.engine.support.hierarchical.NodeTestTask.executeRecursively(NodeTestTask.java:143) ~[junit-platform-engine-1.10.5.jar:1.10.5]
	at org.junit.platform.engine.support.hierarchical.NodeTestTask.execute(NodeTestTask.java:100) ~[junit-platform-engine-1.10.5.jar:1.10.5]
	at java.base/java.util.ArrayList.forEach(ArrayList.java:1604) ~[na:na]
	at org.junit.platform.engine.support.hierarchical.SameThreadHierarchicalTestExecutorService.invokeAll(SameThreadHierarchicalTestExecutorService.java:41) ~[junit-platform-engine-1.10.5.jar:1.10.5]
	at org.junit.platform.engine.support.hierarchical.NodeTestTask.lambda$executeRecursively$6(NodeTestTask.java:160) ~[junit-platform-engine-1.10.5.jar:1.10.5]
	at org.junit.platform.engine.support.hierarchical.ThrowableCollector.execute(ThrowableCollector.java:73) ~[junit-platform-engine-1.10.5.jar:1.10.5]
	at org.junit.platform.engine.support.hierarchical.NodeTestTask.lambda$executeRecursively$8(NodeTestTask.java:146) ~[junit-platform-engine-1.10.5.jar:1.10.5]
	at org.junit.platform.engine.support.hierarchical.Node.around(Node.java:137) ~[junit-platform-engine-1.10.5.jar:1.10.5]
	at org.junit.platform.engine.support.hierarchical.NodeTestTask.lambda$executeRecursively$9(NodeTestTask.java:144) ~[junit-platform-engine-1.10.5.jar:1.10.5]
	at org.junit.platform.engine.support.hierarchical.ThrowableCollector.execute(ThrowableCollector.java:73) ~[junit-platform-engine-1.10.5.jar:1.10.5]
	at org.junit.platform.engine.support.hierarchical.NodeTestTask.executeRecursively(NodeTestTask.java:143) ~[junit-platform-engine-1.10.5.jar:1.10.5]
	at org.junit.platform.engine.support.hierarchical.NodeTestTask.execute(NodeTestTask.java:100) ~[junit-platform-engine-1.10.5.jar:1.10.5]
	at org.junit.platform.engine.support.hierarchical.SameThreadHierarchicalTestExecutorService.submit(SameThreadHierarchicalTestExecutorService.java:35) ~[junit-platform-engine-1.10.5.jar:1.10.5]
	at org.junit.platform.engine.support.hierarchical.HierarchicalTestExecutor.execute(HierarchicalTestExecutor.java:57) ~[junit-platform-engine-1.10.5.jar:1.10.5]
	at org.junit.platform.engine.support.hierarchical.HierarchicalTestEngine.execute(HierarchicalTestEngine.java:54) ~[junit-platform-engine-1.10.5.jar:1.10.5]
	at org.junit.platform.launcher.core.EngineExecutionOrchestrator.execute(EngineExecutionOrchestrator.java:198) ~[junit-platform-launcher-1.10.5.jar:1.10.5]
	at org.junit.platform.launcher.core.EngineExecutionOrchestrator.execute(EngineExecutionOrchestrator.java:169) ~[junit-platform-launcher-1.10.5.jar:1.10.5]
	at org.junit.platform.launcher.core.EngineExecutionOrchestrator.execute(EngineExecutionOrchestrator.java:93) ~[junit-platform-launcher-1.10.5.jar:1.10.5]
	at org.junit.platform.launcher.core.EngineExecutionOrchestrator.lambda$execute$0(EngineExecutionOrchestrator.java:58) ~[junit-platform-launcher-1.10.5.jar:1.10.5]
	at org.junit.platform.launcher.core.EngineExecutionOrchestrator.withInterceptedStreams(EngineExecutionOrchestrator.java:141) ~[junit-platform-launcher-1.10.5.jar:1.10.5]
	at org.junit.platform.launcher.core.EngineExecutionOrchestrator.execute(EngineExecutionOrchestrator.java:57) ~[junit-platform-launcher-1.10.5.jar:1.10.5]
	at org.junit.platform.launcher.core.DefaultLauncher.execute(DefaultLauncher.java:103) ~[junit-platform-launcher-1.10.5.jar:1.10.5]
	at org.junit.platform.launcher.core.DefaultLauncher.execute(DefaultLauncher.java:85) ~[junit-platform-launcher-1.10.5.jar:1.10.5]
	at org.junit.platform.launcher.core.DelegatingLauncher.execute(DelegatingLauncher.java:47) ~[junit-platform-launcher-1.10.5.jar:1.10.5]
	at org.apache.maven.surefire.junitplatform.LazyLauncher.execute(LazyLauncher.java:56) ~[surefire-junit-platform-3.2.5.jar:3.2.5]
	at org.apache.maven.surefire.junitplatform.JUnitPlatformProvider.execute(JUnitPlatformProvider.java:184) ~[surefire-junit-platform-3.2.5.jar:3.2.5]
	at org.apache.maven.surefire.junitplatform.JUnitPlatformProvider.invokeAllTests(JUnitPlatformProvider.java:148) ~[surefire-junit-platform-3.2.5.jar:3.2.5]
	at org.apache.maven.surefire.junitplatform.JUnitPlatformProvider.invoke(JUnitPlatformProvider.java:122) ~[surefire-junit-platform-3.2.5.jar:3.2.5]
	at org.apache.maven.surefire.booter.ForkedBooter.runSuitesInProcess(ForkedBooter.java:385) ~[surefire-booter-3.2.5.jar:3.2.5]
	at org.apache.maven.surefire.booter.ForkedBooter.execute(ForkedBooter.java:162) ~[surefire-booter-3.2.5.jar:3.2.5]
	at org.apache.maven.surefire.booter.ForkedBooter.run(ForkedBooter.java:507) ~[surefire-booter-3.2.5.jar:3.2.5]
	at org.apache.maven.surefire.booter.ForkedBooter.main(ForkedBooter.java:495) ~[surefire-booter-3.2.5.jar:3.2.5]
Caused by: org.springframework.beans.factory.UnsatisfiedDependencyException: Error creating bean with name 'jwtAuthenticationFilter' defined in file [C:\Users\User\SA_PROJECT\backend\target\classes\com\bookfair\security\JwtAuthenticationFilter.class]: Unsatisfied dependency expressed through constructor parameter 0: No qualifying bean of type 'com.bookfair.security.JwtUtils' available: expected at least 1 bean which qualifies as autowire candidate. Dependency annotations: {}
	at org.springframework.beans.factory.support.ConstructorResolver.createArgumentArray(ConstructorResolver.java:795) ~[spring-beans-6.1.14.jar:6.1.14]
	at org.springframework.beans.factory.support.ConstructorResolver.autowireConstructor(ConstructorResolver.java:237) ~[spring-beans-6.1.14.jar:6.1.14]
	at org.springframework.beans.factory.support.AbstractAutowireCapableBeanFactory.autowireConstructor(AbstractAutowireCapableBeanFactory.java:1375) ~[spring-beans-6.1.14.jar:6.1.14]
	at org.springframework.beans.factory.support.AbstractAutowireCapableBeanFactory.createBeanInstance(AbstractAutowireCapableBeanFactory.java:1212) ~[spring-beans-6.1.14.jar:6.1.14]
	at org.springframework.beans.factory.support.AbstractAutowireCapableBeanFactory.doCreateBean(AbstractAutowireCapableBeanFactory.java:562) ~[spring-beans-6.1.14.jar:6.1.14]
	at org.springframework.beans.factory.support.AbstractAutowireCapableBeanFactory.createBean(AbstractAutowireCapableBeanFactory.java:522) ~[spring-beans-6.1.14.jar:6.1.14]
	at org.springframework.beans.factory.support.AbstractBeanFactory.lambda$doGetBean$0(AbstractBeanFactory.java:337) ~[spring-beans-6.1.14.jar:6.1.14]
	at org.springframework.beans.factory.support.DefaultSingletonBeanRegistry.getSingleton(DefaultSingletonBeanRegistry.java:234) ~[spring-beans-6.1.14.jar:6.1.14]
	at org.springframework.beans.factory.support.AbstractBeanFactory.doGetBean(AbstractBeanFactory.java:335) ~[spring-beans-6.1.14.jar:6.1.14]
	at org.springframework.beans.factory.support.AbstractBeanFactory.getBean(AbstractBeanFactory.java:200) ~[spring-beans-6.1.14.jar:6.1.14]
	at org.springframework.beans.factory.support.DefaultListableBeanFactory.preInstantiateSingletons(DefaultListableBeanFactory.java:975) ~[spring-beans-6.1.14.jar:6.1.14]
	at org.springframework.context.support.AbstractApplicationContext.finishBeanFactoryInitialization(AbstractApplicationContext.java:971) ~[spring-context-6.1.14.jar:6.1.14]
	at org.springframework.context.support.AbstractApplicationContext.refresh(AbstractApplicationContext.java:625) ~[spring-context-6.1.14.jar:6.1.14]
	at org.springframework.boot.SpringApplication.refresh(SpringApplication.java:754) ~[spring-boot-3.3.5.jar:3.3.5]
	at org.springframework.boot.SpringApplication.refreshContext(SpringApplication.java:456) ~[spring-boot-3.3.5.jar:3.3.5]
	at org.springframework.boot.SpringApplication.run(SpringApplication.java:335) ~[spring-boot-3.3.5.jar:3.3.5]
	at org.springframework.boot.test.context.SpringBootContextLoader.lambda$loadContext$3(SpringBootContextLoader.java:137) ~[spring-boot-test-3.3.5.jar:3.3.5]
	at org.springframework.util.function.ThrowingSupplier.get(ThrowingSupplier.java:58) ~[spring-core-6.1.14.jar:6.1.14]
	at org.springframework.util.function.ThrowingSupplier.get(ThrowingSupplier.java:46) ~[spring-core-6.1.14.jar:6.1.14]
	at org.springframework.boot.SpringApplication.withHook(SpringApplication.java:1463) ~[spring-boot-3.3.5.jar:3.3.5]
	at org.springframework.boot.test.context.SpringBootContextLoader$ContextLoaderHook.run(SpringBootContextLoader.java:553) ~[spring-boot-test-3.3.5.jar:3.3.5]
	at org.springframework.boot.test.context.SpringBootContextLoader.loadContext(SpringBootContextLoader.java:137) ~[spring-boot-test-3.3.5.jar:3.3.5]
	at org.springframework.boot.test.context.SpringBootContextLoader.loadContext(SpringBootContextLoader.java:108) ~[spring-boot-test-3.3.5.jar:3.3.5]
	at org.springframework.test.context.cache.DefaultCacheAwareContextLoaderDelegate.loadContextInternal(DefaultCacheAwareContextLoaderDelegate.java:225) ~[spring-test-6.1.14.jar:6.1.14]
	at org.springframework.test.context.cache.DefaultCacheAwareContextLoaderDelegate.loadContext(DefaultCacheAwareContextLoaderDelegate.java:152) ~[spring-test-6.1.14.jar:6.1.14]
	... 74 common frames omitted
Caused by: org.springframework.beans.factory.NoSuchBeanDefinitionException: No qualifying bean of type 'com.bookfair.security.JwtUtils' available: expected at least 1 bean which qualifies as autowire candidate. Dependency annotations: {}
	at org.springframework.beans.factory.support.DefaultListableBeanFactory.raiseNoMatchingBeanFound(DefaultListableBeanFactory.java:1880) ~[spring-beans-6.1.14.jar:6.1.14]
	at org.springframework.beans.factory.support.DefaultListableBeanFactory.doResolveDependency(DefaultListableBeanFactory.java:1406) ~[spring-beans-6.1.14.jar:6.1.14]
	at org.springframework.beans.factory.support.DefaultListableBeanFactory.resolveDependency(DefaultListableBeanFactory.java:1353) ~[spring-beans-6.1.14.jar:6.1.14]
	at org.springframework.beans.factory.support.ConstructorResolver.resolveAutowiredArgument(ConstructorResolver.java:904) ~[spring-beans-6.1.14.jar:6.1.14]
	at org.springframework.beans.factory.support.ConstructorResolver.createArgumentArray(ConstructorResolver.java:782) ~[spring-beans-6.1.14.jar:6.1.14]
	... 98 common frames omitted

[ERROR] Tests run: 1, Failures: 0, Errors: 1, Skipped: 0, Time elapsed: 0.303 s <<< FAILURE! -- in com.bookfair.controller.EmailControllerTest
[ERROR] com.bookfair.controller.EmailControllerTest.sendTest_shouldReturnOkAndInvokeService -- Time elapsed: 0.001 s <<< ERROR!
java.lang.IllegalStateException: Failed to load ApplicationContext for [WebMergedContextConfiguration@7a9e44ff testClass = com.bookfair.controller.EmailControllerTest, locations = [], classes = [com.bookfair.BookfairApplication], contextInitializerClasses = [], activeProfiles = [], propertySourceDescriptors = [], propertySourceProperties = ["org.springframework.boot.test.autoconfigure.web.servlet.WebMvcTestContextBootstrapper=true"], contextCustomizers = [[ImportsContextCustomizer@1f8e1096 key = [org.springframework.boot.autoconfigure.task.TaskExecutionAutoConfiguration, org.springframework.boot.autoconfigure.cache.CacheAutoConfiguration, org.springframework.boot.autoconfigure.web.servlet.HttpEncodingAutoConfiguration, org.springframework.boot.autoconfigure.validation.ValidationAutoConfiguration, org.springframework.boot.autoconfigure.context.MessageSourceAutoConfiguration, org.springframework.boot.autoconfigure.hateoas.HypermediaAutoConfiguration, org.springframework.boot.autoconfigure.jackson.JacksonAutoConfiguration, org.springframework.boot.autoconfigure.data.web.SpringDataWebAutoConfiguration, org.springframework.boot.test.autoconfigure.web.reactive.WebTestClientAutoConfiguration, org.springframework.boot.autoconfigure.web.servlet.error.ErrorMvcAutoConfiguration, org.springframework.boot.test.autoconfigure.web.servlet.MockMvcAutoConfiguration, org.springframework.boot.autoconfigure.security.servlet.SecurityAutoConfiguration, org.springframework.boot.autoconfigure.security.servlet.SecurityFilterAutoConfiguration, org.springframework.boot.autoconfigure.http.HttpMessageConvertersAutoConfiguration, org.springframework.boot.autoconfigure.security.oauth2.client.servlet.OAuth2ClientAutoConfiguration, org.springframework.boot.test.autoconfigure.web.servlet.MockMvcSecurityConfiguration, org.springframework.boot.test.autoconfigure.web.servlet.MockMvcWebClientAutoConfiguration, org.springframework.boot.test.autoconfigure.web.servlet.MockMvcWebDriverAutoConfiguration, org.springframework.boot.autoconfigure.thymeleaf.ThymeleafAutoConfiguration, org.springframework.boot.autoconfigure.gson.GsonAutoConfiguration, org.springframework.boot.autoconfigure.jsonb.JsonbAutoConfiguration, org.springframework.boot.autoconfigure.freemarker.FreeMarkerAutoConfiguration, org.springframework.boot.autoconfigure.web.servlet.WebMvcAutoConfiguration, org.springframework.boot.autoconfigure.security.servlet.UserDetailsServiceAutoConfiguration, org.springframework.boot.autoconfigure.security.oauth2.resource.servlet.OAuth2ResourceServerAutoConfiguration, org.springframework.boot.autoconfigure.groovy.template.GroovyTemplateAutoConfiguration, org.springframework.boot.autoconfigure.mustache.MustacheAutoConfiguration]], org.springframework.boot.test.context.filter.ExcludeFilterContextCustomizer@44be0077, org.springframework.boot.test.json.DuplicateJsonObjectContextCustomizerFactory$DuplicateJsonObjectContextCustomizer@6aa8e115, org.springframework.boot.test.mock.mockito.MockitoContextCustomizer@f35f53de, org.springframework.boot.test.web.reactor.netty.DisableReactorResourceFactoryGlobalResourcesContextCustomizerFactory$DisableReactorResourceFactoryGlobalResourcesContextCustomizerCustomizer@1c39680d, org.springframework.boot.test.autoconfigure.OnFailureConditionReportContextCustomizerFactory$OnFailureConditionReportContextCustomizer@a37aefe, org.springframework.boot.test.autoconfigure.OverrideAutoConfigurationContextCustomizerFactory$DisableAutoConfigurationContextCustomizer@37fb0bed, org.springframework.boot.test.autoconfigure.actuate.observability.ObservabilityContextCustomizerFactory$DisableObservabilityContextCustomizer@1f, org.springframework.boot.test.autoconfigure.filter.TypeExcludeFiltersContextCustomizer@3039459f, org.springframework.boot.test.autoconfigure.properties.PropertyMappingContextCustomizer@e349a9f1, org.springframework.boot.test.autoconfigure.web.servlet.WebDriverContextCustomizer@5be49b60, org.springframework.boot.test.context.SpringBootTestAnnotation@da99bfda], resourceBasePath = "src/main/webapp", contextLoader = org.springframework.boot.test.context.SpringBootContextLoader, parent = null]
	at org.springframework.test.context.cache.DefaultCacheAwareContextLoaderDelegate.loadContext(DefaultCacheAwareContextLoaderDelegate.java:180)
	at org.springframework.test.context.support.DefaultTestContext.getApplicationContext(DefaultTestContext.java:130)
	at org.springframework.boot.test.mock.mockito.MockitoTestExecutionListener.postProcessFields(MockitoTestExecutionListener.java:122)
	at org.springframework.boot.test.mock.mockito.MockitoTestExecutionListener.injectFields(MockitoTestExecutionListener.java:106)
	at org.springframework.boot.test.mock.mockito.MockitoTestExecutionListener.prepareTestInstance(MockitoTestExecutionListener.java:63)
	at org.springframework.test.context.TestContextManager.prepareTestInstance(TestContextManager.java:260)
	at org.springframework.test.context.junit.jupiter.SpringExtension.postProcessTestInstance(SpringExtension.java:163)
	at java.base/java.util.stream.ReferencePipeline$3$1.accept(ReferencePipeline.java:214)
	at java.base/java.util.stream.ReferencePipeline$2$1.accept(ReferencePipeline.java:197)
	at java.base/java.util.ArrayList$ArrayListSpliterator.forEachRemaining(ArrayList.java:1716)
	at java.base/java.util.stream.AbstractPipeline.copyInto(AbstractPipeline.java:570)
	at java.base/java.util.stream.AbstractPipeline.wrapAndCopyInto(AbstractPipeline.java:560)
	at java.base/java.util.stream.StreamSpliterators$WrappingSpliterator.forEachRemaining(StreamSpliterators.java:315)
	at java.base/java.util.stream.Streams$ConcatSpliterator.forEachRemaining(Streams.java:735)
	at java.base/java.util.stream.Streams$ConcatSpliterator.forEachRemaining(Streams.java:734)
	at java.base/java.util.stream.ReferencePipeline$Head.forEach(ReferencePipeline.java:803)
	at java.base/java.util.Optional.orElseGet(Optional.java:364)
	at java.base/java.util.ArrayList.forEach(ArrayList.java:1604)
	at java.base/java.util.ArrayList.forEach(ArrayList.java:1604)
Caused by: org.springframework.beans.factory.UnsatisfiedDependencyException: Error creating bean with name 'jwtAuthenticationFilter' defined in file [C:\Users\User\SA_PROJECT\backend\target\classes\com\bookfair\security\JwtAuthenticationFilter.class]: Unsatisfied dependency expressed through constructor parameter 0: No qualifying bean of type 'com.bookfair.security.JwtUtils' available: expected at least 1 bean which qualifies as autowire candidate. Dependency annotations: {}
	at org.springframework.beans.factory.support.ConstructorResolver.createArgumentArray(ConstructorResolver.java:795)
	at org.springframework.beans.factory.support.ConstructorResolver.autowireConstructor(ConstructorResolver.java:237)
	at org.springframework.beans.factory.support.AbstractAutowireCapableBeanFactory.autowireConstructor(AbstractAutowireCapableBeanFactory.java:1375)
	at org.springframework.beans.factory.support.AbstractAutowireCapableBeanFactory.createBeanInstance(AbstractAutowireCapableBeanFactory.java:1212)
	at org.springframework.beans.factory.support.AbstractAutowireCapableBeanFactory.doCreateBean(AbstractAutowireCapableBeanFactory.java:562)
	at org.springframework.beans.factory.support.AbstractAutowireCapableBeanFactory.createBean(AbstractAutowireCapableBeanFactory.java:522)
	at org.springframework.beans.factory.support.AbstractBeanFactory.lambda$doGetBean$0(AbstractBeanFactory.java:337)
	at org.springframework.beans.factory.support.DefaultSingletonBeanRegistry.getSingleton(DefaultSingletonBeanRegistry.java:234)
	at org.springframework.beans.factory.support.AbstractBeanFactory.doGetBean(AbstractBeanFactory.java:335)
	at org.springframework.beans.factory.support.AbstractBeanFactory.getBean(AbstractBeanFactory.java:200)
	at org.springframework.beans.factory.support.DefaultListableBeanFactory.preInstantiateSingletons(DefaultListableBeanFactory.java:975)
	at org.springframework.context.support.AbstractApplicationContext.finishBeanFactoryInitialization(AbstractApplicationContext.java:971)
	at org.springframework.context.support.AbstractApplicationContext.refresh(AbstractApplicationContext.java:625)
	at org.springframework.boot.SpringApplication.refresh(SpringApplication.java:754)
	at org.springframework.boot.SpringApplication.refreshContext(SpringApplication.java:456)
	at org.springframework.boot.SpringApplication.run(SpringApplication.java:335)
	at org.springframework.boot.test.context.SpringBootContextLoader.lambda$loadContext$3(SpringBootContextLoader.java:137)
	at org.springframework.util.function.ThrowingSupplier.get(ThrowingSupplier.java:58)
	at org.springframework.util.function.ThrowingSupplier.get(ThrowingSupplier.java:46)
	at org.springframework.boot.SpringApplication.withHook(SpringApplication.java:1463)
	at org.springframework.boot.test.context.SpringBootContextLoader$ContextLoaderHook.run(SpringBootContextLoader.java:553)
	at org.springframework.boot.test.context.SpringBootContextLoader.loadContext(SpringBootContextLoader.java:137)
	at org.springframework.boot.test.context.SpringBootContextLoader.loadContext(SpringBootContextLoader.java:108)
	at org.springframework.test.context.cache.DefaultCacheAwareContextLoaderDelegate.loadContextInternal(DefaultCacheAwareContextLoaderDelegate.java:225)
	at org.springframework.test.context.cache.DefaultCacheAwareContextLoaderDelegate.loadContext(DefaultCacheAwareContextLoaderDelegate.java:152)
	... 18 more
Caused by: org.springframework.beans.factory.NoSuchBeanDefinitionException: No qualifying bean of type 'com.bookfair.security.JwtUtils' available: expected at least 1 bean which qualifies as autowire candidate. Dependency annotations: {}
	at org.springframework.beans.factory.support.DefaultListableBeanFactory.raiseNoMatchingBeanFound(DefaultListableBeanFactory.java:1880)
	at org.springframework.beans.factory.support.DefaultListableBeanFactory.doResolveDependency(DefaultListableBeanFactory.java:1406)
	at org.springframework.beans.factory.support.DefaultListableBeanFactory.resolveDependency(DefaultListableBeanFactory.java:1353)
	at org.springframework.beans.factory.support.ConstructorResolver.resolveAutowiredArgument(ConstructorResolver.java:904)
	at org.springframework.beans.factory.support.ConstructorResolver.createArgumentArray(ConstructorResolver.java:782)
	... 42 more

[INFO] Running com.bookfair.security.JwtUtilsTest
2026-03-02T12:39:52.255+05:30 ERROR 6540 --- [           main] com.bookfair.security.JwtUtils           : JWT token is expired: JWT expired at 2026-03-02T07:09:51Z. Current time: 2026-03-02T07:09:52Z, a difference of 1254 milliseconds.  Allowed clock skew: 0 milliseconds.
2026-03-02T12:39:52.259+05:30 ERROR 6540 --- [           main] com.bookfair.security.JwtUtils           : Invalid JWT token: JWT strings must contain exactly 2 period characters. Found: 3
2026-03-02T12:39:52.267+05:30 ERROR 6540 --- [           main] com.bookfair.security.JwtUtils           : JWT claims string is empty: JWT String argument cannot be null or empty.
2026-03-02T12:39:52.273+05:30 ERROR 6540 --- [           main] com.bookfair.security.JwtUtils           : JWT signature is invalid: JWT signature does not match locally computed signature. JWT validity cannot be asserted and should not be trusted.
[INFO] Tests run: 9, Failures: 0, Errors: 0, Skipped: 0, Time elapsed: 0.101 s -- in com.bookfair.security.JwtUtilsTest
[INFO] Running com.bookfair.service.AdminServiceTest
[INFO] Tests run: 4, Failures: 0, Errors: 0, Skipped: 0, Time elapsed: 0.609 s -- in com.bookfair.service.AdminServiceTest
[INFO] Running com.bookfair.service.AuthServiceTest
[INFO] Tests run: 4, Failures: 0, Errors: 0, Skipped: 0, Time elapsed: 0.151 s -- in com.bookfair.service.AuthServiceTest
[INFO] Running com.bookfair.service.UserServiceTest
[INFO] Tests run: 8, Failures: 0, Errors: 0, Skipped: 0, Time elapsed: 0.075 s -- in com.bookfair.service.UserServiceTest
[INFO] 
[INFO] Results:
[INFO] 
[ERROR] Failures: 
[ERROR]   AdminControllerTest.updateHallLayout_ShouldReturnOk:94 No value at JSON path "$.updated"
[ERROR] Errors: 
[ERROR]   AuthControllerTest.login_blankFields_returns400 » IllegalState ApplicationContext failure threshold (1) exceeded: skipping repeated attempt to load context for [WebMergedContextConfiguration@29becf8b testClass = com.bookfair.controller.AuthControllerTest, locations = [], classes = [com.bookfair.BookfairApplication], contextInitializerClasses = [], activeProfiles = [], propertySourceDescriptors = [], propertySourceProperties = ["org.springframework.boot.test.context.SpringBootTestContextBootstrapper=true"], contextCustomizers = [[ImportsContextCustomizer@628b1538 key = [org.springframework.boot.test.autoconfigure.web.servlet.MockMvcWebDriverAutoConfiguration, org.springframework.boot.test.autoconfigure.web.servlet.MockMvcAutoConfiguration, org.springframework.boot.autoconfigure.security.oauth2.client.servlet.OAuth2ClientAutoConfiguration, org.springframework.boot.autoconfigure.security.servlet.SecurityAutoConfiguration, org.springframework.boot.autoconfigure.security.servlet.SecurityFilterAutoConfiguration, org.springframework.boot.autoconfigure.security.servlet.UserDetailsServiceAutoConfiguration, org.springframework.boot.autoconfigure.security.oauth2.resource.servlet.OAuth2ResourceServerAutoConfiguration, org.springframework.boot.test.autoconfigure.web.servlet.MockMvcSecurityConfiguration, org.springframework.boot.test.autoconfigure.web.servlet.MockMvcWebClientAutoConfiguration, org.springframework.boot.test.autoconfigure.web.reactive.WebTestClientAutoConfiguration]], org.springframework.boot.test.context.filter.ExcludeFilterContextCustomizer@44be0077, org.springframework.boot.test.json.DuplicateJsonObjectContextCustomizerFactory$DuplicateJsonObjectContextCustomizer@6aa8e115, org.springframework.boot.test.mock.mockito.MockitoContextCustomizer@0, org.springframework.boot.test.web.client.TestRestTemplateContextCustomizer@2570851e, org.springframework.boot.test.web.reactor.netty.DisableReactorResourceFactoryGlobalResourcesContextCustomizerFactory$DisableReactorResourceFactoryGlobalResourcesContextCustomizerCustomizer@1c39680d, org.springframework.boot.test.autoconfigure.OnFailureConditionReportContextCustomizerFactory$OnFailureConditionReportContextCustomizer@a37aefe, org.springframework.boot.test.autoconfigure.actuate.observability.ObservabilityContextCustomizerFactory$DisableObservabilityContextCustomizer@1f, org.springframework.boot.test.autoconfigure.properties.PropertyMappingContextCustomizer@4b3fa0b3, org.springframework.boot.test.autoconfigure.web.servlet.WebDriverContextCustomizer@5be49b60, org.springframework.boot.test.context.SpringBootTestAnnotation@9f8dd146], resourceBasePath = "src/main/webapp", contextLoader = org.springframework.boot.test.context.SpringBootContextLoader, parent = null]
[ERROR]   AuthControllerTest.login_validCredentials_returns200 » IllegalState ApplicationContext failure threshold (1) exceeded: skipping repeated attempt to load context for [WebMergedContextConfiguration@29becf8b testClass = com.bookfair.controller.AuthControllerTest, locations = [], classes = [com.bookfair.BookfairApplication], contextInitializerClasses = [], activeProfiles = [], propertySourceDescriptors = [], propertySourceProperties = ["org.springframework.boot.test.context.SpringBootTestContextBootstrapper=true"], contextCustomizers = [[ImportsContextCustomizer@628b1538 key = [org.springframework.boot.test.autoconfigure.web.servlet.MockMvcWebDriverAutoConfiguration, org.springframework.boot.test.autoconfigure.web.servlet.MockMvcAutoConfiguration, org.springframework.boot.autoconfigure.security.oauth2.client.servlet.OAuth2ClientAutoConfiguration, org.springframework.boot.autoconfigure.security.servlet.SecurityAutoConfiguration, org.springframework.boot.autoconfigure.security.servlet.SecurityFilterAutoConfiguration, org.springframework.boot.autoconfigure.security.servlet.UserDetailsServiceAutoConfiguration, org.springframework.boot.autoconfigure.security.oauth2.resource.servlet.OAuth2ResourceServerAutoConfiguration, org.springframework.boot.test.autoconfigure.web.servlet.MockMvcSecurityConfiguration, org.springframework.boot.test.autoconfigure.web.servlet.MockMvcWebClientAutoConfiguration, org.springframework.boot.test.autoconfigure.web.reactive.WebTestClientAutoConfiguration]], org.springframework.boot.test.context.filter.ExcludeFilterContextCustomizer@44be0077, org.springframework.boot.test.json.DuplicateJsonObjectContextCustomizerFactory$DuplicateJsonObjectContextCustomizer@6aa8e115, org.springframework.boot.test.mock.mockito.MockitoContextCustomizer@0, org.springframework.boot.test.web.client.TestRestTemplateContextCustomizer@2570851e, org.springframework.boot.test.web.reactor.netty.DisableReactorResourceFactoryGlobalResourcesContextCustomizerFactory$DisableReactorResourceFactoryGlobalResourcesContextCustomizerCustomizer@1c39680d, org.springframework.boot.test.autoconfigure.OnFailureConditionReportContextCustomizerFactory$OnFailureConditionReportContextCustomizer@a37aefe, org.springframework.boot.test.autoconfigure.actuate.observability.ObservabilityContextCustomizerFactory$DisableObservabilityContextCustomizer@1f, org.springframework.boot.test.autoconfigure.properties.PropertyMappingContextCustomizer@4b3fa0b3, org.springframework.boot.test.autoconfigure.web.servlet.WebDriverContextCustomizer@5be49b60, org.springframework.boot.test.context.SpringBootTestAnnotation@9f8dd146], resourceBasePath = "src/main/webapp", contextLoader = org.springframework.boot.test.context.SpringBootContextLoader, parent = null]
[ERROR]   AuthControllerTest.login_wrongPassword_returns401 » IllegalState ApplicationContext failure threshold (1) exceeded: skipping repeated attempt to load context for [WebMergedContextConfiguration@29becf8b testClass = com.bookfair.controller.AuthControllerTest, locations = [], classes = [com.bookfair.BookfairApplication], contextInitializerClasses = [], activeProfiles = [], propertySourceDescriptors = [], propertySourceProperties = ["org.springframework.boot.test.context.SpringBootTestContextBootstrapper=true"], contextCustomizers = [[ImportsContextCustomizer@628b1538 key = [org.springframework.boot.test.autoconfigure.web.servlet.MockMvcWebDriverAutoConfiguration, org.springframework.boot.test.autoconfigure.web.servlet.MockMvcAutoConfiguration, org.springframework.boot.autoconfigure.security.oauth2.client.servlet.OAuth2ClientAutoConfiguration, org.springframework.boot.autoconfigure.security.servlet.SecurityAutoConfiguration, org.springframework.boot.autoconfigure.security.servlet.SecurityFilterAutoConfiguration, org.springframework.boot.autoconfigure.security.servlet.UserDetailsServiceAutoConfiguration, org.springframework.boot.autoconfigure.security.oauth2.resource.servlet.OAuth2ResourceServerAutoConfiguration, org.springframework.boot.test.autoconfigure.web.servlet.MockMvcSecurityConfiguration, org.springframework.boot.test.autoconfigure.web.servlet.MockMvcWebClientAutoConfiguration, org.springframework.boot.test.autoconfigure.web.reactive.WebTestClientAutoConfiguration]], org.springframework.boot.test.context.filter.ExcludeFilterContextCustomizer@44be0077, org.springframework.boot.test.json.DuplicateJsonObjectContextCustomizerFactory$DuplicateJsonObjectContextCustomizer@6aa8e115, org.springframework.boot.test.mock.mockito.MockitoContextCustomizer@0, org.springframework.boot.test.web.client.TestRestTemplateContextCustomizer@2570851e, org.springframework.boot.test.web.reactor.netty.DisableReactorResourceFactoryGlobalResourcesContextCustomizerFactory$DisableReactorResourceFactoryGlobalResourcesContextCustomizerCustomizer@1c39680d, org.springframework.boot.test.autoconfigure.OnFailureConditionReportContextCustomizerFactory$OnFailureConditionReportContextCustomizer@a37aefe, org.springframework.boot.test.autoconfigure.actuate.observability.ObservabilityContextCustomizerFactory$DisableObservabilityContextCustomizer@1f, org.springframework.boot.test.autoconfigure.properties.PropertyMappingContextCustomizer@4b3fa0b3, org.springframework.boot.test.autoconfigure.web.servlet.WebDriverContextCustomizer@5be49b60, org.springframework.boot.test.context.SpringBootTestAnnotation@9f8dd146], resourceBasePath = "src/main/webapp", contextLoader = org.springframework.boot.test.context.SpringBootContextLoader, parent = null]
[ERROR]   AuthControllerTest.me_noToken_returns401 » IllegalState ApplicationContext failure threshold (1) exceeded: skipping repeated attempt to load context for [WebMergedContextConfiguration@29becf8b testClass = com.bookfair.controller.AuthControllerTest, locations = [], classes = [com.bookfair.BookfairApplication], contextInitializerClasses = [], activeProfiles = [], propertySourceDescriptors = [], propertySourceProperties = ["org.springframework.boot.test.context.SpringBootTestContextBootstrapper=true"], contextCustomizers = [[ImportsContextCustomizer@628b1538 key = [org.springframework.boot.test.autoconfigure.web.servlet.MockMvcWebDriverAutoConfiguration, org.springframework.boot.test.autoconfigure.web.servlet.MockMvcAutoConfiguration, org.springframework.boot.autoconfigure.security.oauth2.client.servlet.OAuth2ClientAutoConfiguration, org.springframework.boot.autoconfigure.security.servlet.SecurityAutoConfiguration, org.springframework.boot.autoconfigure.security.servlet.SecurityFilterAutoConfiguration, org.springframework.boot.autoconfigure.security.servlet.UserDetailsServiceAutoConfiguration, org.springframework.boot.autoconfigure.security.oauth2.resource.servlet.OAuth2ResourceServerAutoConfiguration, org.springframework.boot.test.autoconfigure.web.servlet.MockMvcSecurityConfiguration, org.springframework.boot.test.autoconfigure.web.servlet.MockMvcWebClientAutoConfiguration, org.springframework.boot.test.autoconfigure.web.reactive.WebTestClientAutoConfiguration]], org.springframework.boot.test.context.filter.ExcludeFilterContextCustomizer@44be0077, org.springframework.boot.test.json.DuplicateJsonObjectContextCustomizerFactory$DuplicateJsonObjectContextCustomizer@6aa8e115, org.springframework.boot.test.mock.mockito.MockitoContextCustomizer@0, org.springframework.boot.test.web.client.TestRestTemplateContextCustomizer@2570851e, org.springframework.boot.test.web.reactor.netty.DisableReactorResourceFactoryGlobalResourcesContextCustomizerFactory$DisableReactorResourceFactoryGlobalResourcesContextCustomizerCustomizer@1c39680d, org.springframework.boot.test.autoconfigure.OnFailureConditionReportContextCustomizerFactory$OnFailureConditionReportContextCustomizer@a37aefe, org.springframework.boot.test.autoconfigure.actuate.observability.ObservabilityContextCustomizerFactory$DisableObservabilityContextCustomizer@1f, org.springframework.boot.test.autoconfigure.properties.PropertyMappingContextCustomizer@4b3fa0b3, org.springframework.boot.test.autoconfigure.web.servlet.WebDriverContextCustomizer@5be49b60, org.springframework.boot.test.context.SpringBootTestAnnotation@9f8dd146], resourceBasePath = "src/main/webapp", contextLoader = org.springframework.boot.test.context.SpringBootContextLoader, parent = null]
[ERROR]   AuthControllerTest.me_validToken_returnsUser » IllegalState Failed to load ApplicationContext for [WebMergedContextConfiguration@29becf8b testClass = com.bookfair.controller.AuthControllerTest, locations = [], classes = [com.bookfair.BookfairApplication], contextInitializerClasses = [], activeProfiles = [], propertySourceDescriptors = [], propertySourceProperties = ["org.springframework.boot.test.context.SpringBootTestContextBootstrapper=true"], contextCustomizers = [[ImportsContextCustomizer@628b1538 key = [org.springframework.boot.test.autoconfigure.web.servlet.MockMvcWebDriverAutoConfiguration, org.springframework.boot.test.autoconfigure.web.servlet.MockMvcAutoConfiguration, org.springframework.boot.autoconfigure.security.oauth2.client.servlet.OAuth2ClientAutoConfiguration, org.springframework.boot.autoconfigure.security.servlet.SecurityAutoConfiguration, org.springframework.boot.autoconfigure.security.servlet.SecurityFilterAutoConfiguration, org.springframework.boot.autoconfigure.security.servlet.UserDetailsServiceAutoConfiguration, org.springframework.boot.autoconfigure.security.oauth2.resource.servlet.OAuth2ResourceServerAutoConfiguration, org.springframework.boot.test.autoconfigure.web.servlet.MockMvcSecurityConfiguration, org.springframework.boot.test.autoconfigure.web.servlet.MockMvcWebClientAutoConfiguration, org.springframework.boot.test.autoconfigure.web.reactive.WebTestClientAutoConfiguration]], org.springframework.boot.test.context.filter.ExcludeFilterContextCustomizer@44be0077, org.springframework.boot.test.json.DuplicateJsonObjectContextCustomizerFactory$DuplicateJsonObjectContextCustomizer@6aa8e115, org.springframework.boot.test.mock.mockito.MockitoContextCustomizer@0, org.springframework.boot.test.web.client.TestRestTemplateContextCustomizer@2570851e, org.springframework.boot.test.web.reactor.netty.DisableReactorResourceFactoryGlobalResourcesContextCustomizerFactory$DisableReactorResourceFactoryGlobalResourcesContextCustomizerCustomizer@1c39680d, org.springframework.boot.test.autoconfigure.OnFailureConditionReportContextCustomizerFactory$OnFailureConditionReportContextCustomizer@a37aefe, org.springframework.boot.test.autoconfigure.actuate.observability.ObservabilityContextCustomizerFactory$DisableObservabilityContextCustomizer@1f, org.springframework.boot.test.autoconfigure.properties.PropertyMappingContextCustomizer@4b3fa0b3, org.springframework.boot.test.autoconfigure.web.servlet.WebDriverContextCustomizer@5be49b60, org.springframework.boot.test.context.SpringBootTestAnnotation@9f8dd146], resourceBasePath = "src/main/webapp", contextLoader = org.springframework.boot.test.context.SpringBootContextLoader, parent = null]
[ERROR]   AuthControllerTest.register_duplicateUsername_returns409 » IllegalState ApplicationContext failure threshold (1) exceeded: skipping repeated attempt to load context for [WebMergedContextConfiguration@29becf8b testClass = com.bookfair.controller.AuthControllerTest, locations = [], classes = [com.bookfair.BookfairApplication], contextInitializerClasses = [], activeProfiles = [], propertySourceDescriptors = [], propertySourceProperties = ["org.springframework.boot.test.context.SpringBootTestContextBootstrapper=true"], contextCustomizers = [[ImportsContextCustomizer@628b1538 key = [org.springframework.boot.test.autoconfigure.web.servlet.MockMvcWebDriverAutoConfiguration, org.springframework.boot.test.autoconfigure.web.servlet.MockMvcAutoConfiguration, org.springframework.boot.autoconfigure.security.oauth2.client.servlet.OAuth2ClientAutoConfiguration, org.springframework.boot.autoconfigure.security.servlet.SecurityAutoConfiguration, org.springframework.boot.autoconfigure.security.servlet.SecurityFilterAutoConfiguration, org.springframework.boot.autoconfigure.security.servlet.UserDetailsServiceAutoConfiguration, org.springframework.boot.autoconfigure.security.oauth2.resource.servlet.OAuth2ResourceServerAutoConfiguration, org.springframework.boot.test.autoconfigure.web.servlet.MockMvcSecurityConfiguration, org.springframework.boot.test.autoconfigure.web.servlet.MockMvcWebClientAutoConfiguration, org.springframework.boot.test.autoconfigure.web.reactive.WebTestClientAutoConfiguration]], org.springframework.boot.test.context.filter.ExcludeFilterContextCustomizer@44be0077, org.springframework.boot.test.json.DuplicateJsonObjectContextCustomizerFactory$DuplicateJsonObjectContextCustomizer@6aa8e115, org.springframework.boot.test.mock.mockito.MockitoContextCustomizer@0, org.springframework.boot.test.web.client.TestRestTemplateContextCustomizer@2570851e, org.springframework.boot.test.web.reactor.netty.DisableReactorResourceFactoryGlobalResourcesContextCustomizerFactory$DisableReactorResourceFactoryGlobalResourcesContextCustomizerCustomizer@1c39680d, org.springframework.boot.test.autoconfigure.OnFailureConditionReportContextCustomizerFactory$OnFailureConditionReportContextCustomizer@a37aefe, org.springframework.boot.test.autoconfigure.actuate.observability.ObservabilityContextCustomizerFactory$DisableObservabilityContextCustomizer@1f, org.springframework.boot.test.autoconfigure.properties.PropertyMappingContextCustomizer@4b3fa0b3, org.springframework.boot.test.autoconfigure.web.servlet.WebDriverContextCustomizer@5be49b60, org.springframework.boot.test.context.SpringBootTestAnnotation@9f8dd146], resourceBasePath = "src/main/webapp", contextLoader = org.springframework.boot.test.context.SpringBootContextLoader, parent = null]
[ERROR]   AuthControllerTest.register_missingUsername_returns400 » IllegalState ApplicationContext failure threshold (1) exceeded: skipping repeated attempt to load context for [WebMergedContextConfiguration@29becf8b testClass = com.bookfair.controller.AuthControllerTest, locations = [], classes = [com.bookfair.BookfairApplication], contextInitializerClasses = [], activeProfiles = [], propertySourceDescriptors = [], propertySourceProperties = ["org.springframework.boot.test.context.SpringBootTestContextBootstrapper=true"], contextCustomizers = [[ImportsContextCustomizer@628b1538 key = [org.springframework.boot.test.autoconfigure.web.servlet.MockMvcWebDriverAutoConfiguration, org.springframework.boot.test.autoconfigure.web.servlet.MockMvcAutoConfiguration, org.springframework.boot.autoconfigure.security.oauth2.client.servlet.OAuth2ClientAutoConfiguration, org.springframework.boot.autoconfigure.security.servlet.SecurityAutoConfiguration, org.springframework.boot.autoconfigure.security.servlet.SecurityFilterAutoConfiguration, org.springframework.boot.autoconfigure.security.servlet.UserDetailsServiceAutoConfiguration, org.springframework.boot.autoconfigure.security.oauth2.resource.servlet.OAuth2ResourceServerAutoConfiguration, org.springframework.boot.test.autoconfigure.web.servlet.MockMvcSecurityConfiguration, org.springframework.boot.test.autoconfigure.web.servlet.MockMvcWebClientAutoConfiguration, org.springframework.boot.test.autoconfigure.web.reactive.WebTestClientAutoConfiguration]], org.springframework.boot.test.context.filter.ExcludeFilterContextCustomizer@44be0077, org.springframework.boot.test.json.DuplicateJsonObjectContextCustomizerFactory$DuplicateJsonObjectContextCustomizer@6aa8e115, org.springframework.boot.test.mock.mockito.MockitoContextCustomizer@0, org.springframework.boot.test.web.client.TestRestTemplateContextCustomizer@2570851e, org.springframework.boot.test.web.reactor.netty.DisableReactorResourceFactoryGlobalResourcesContextCustomizerFactory$DisableReactorResourceFactoryGlobalResourcesContextCustomizerCustomizer@1c39680d, org.springframework.boot.test.autoconfigure.OnFailureConditionReportContextCustomizerFactory$OnFailureConditionReportContextCustomizer@a37aefe, org.springframework.boot.test.autoconfigure.actuate.observability.ObservabilityContextCustomizerFactory$DisableObservabilityContextCustomizer@1f, org.springframework.boot.test.autoconfigure.properties.PropertyMappingContextCustomizer@4b3fa0b3, org.springframework.boot.test.autoconfigure.web.servlet.WebDriverContextCustomizer@5be49b60, org.springframework.boot.test.context.SpringBootTestAnnotation@9f8dd146], resourceBasePath = "src/main/webapp", contextLoader = org.springframework.boot.test.context.SpringBootContextLoader, parent = null]
[ERROR]   AuthControllerTest.register_validData_returns200WithToken » IllegalState ApplicationContext failure threshold (1) exceeded: skipping repeated attempt to load context for [WebMergedContextConfiguration@29becf8b testClass = com.bookfair.controller.AuthControllerTest, locations = [], classes = [com.bookfair.BookfairApplication], contextInitializerClasses = [], activeProfiles = [], propertySourceDescriptors = [], propertySourceProperties = ["org.springframework.boot.test.context.SpringBootTestContextBootstrapper=true"], contextCustomizers = [[ImportsContextCustomizer@628b1538 key = [org.springframework.boot.test.autoconfigure.web.servlet.MockMvcWebDriverAutoConfiguration, org.springframework.boot.test.autoconfigure.web.servlet.MockMvcAutoConfiguration, org.springframework.boot.autoconfigure.security.oauth2.client.servlet.OAuth2ClientAutoConfiguration, org.springframework.boot.autoconfigure.security.servlet.SecurityAutoConfiguration, org.springframework.boot.autoconfigure.security.servlet.SecurityFilterAutoConfiguration, org.springframework.boot.autoconfigure.security.servlet.UserDetailsServiceAutoConfiguration, org.springframework.boot.autoconfigure.security.oauth2.resource.servlet.OAuth2ResourceServerAutoConfiguration, org.springframework.boot.test.autoconfigure.web.servlet.MockMvcSecurityConfiguration, org.springframework.boot.test.autoconfigure.web.servlet.MockMvcWebClientAutoConfiguration, org.springframework.boot.test.autoconfigure.web.reactive.WebTestClientAutoConfiguration]], org.springframework.boot.test.context.filter.ExcludeFilterContextCustomizer@44be0077, org.springframework.boot.test.json.DuplicateJsonObjectContextCustomizerFactory$DuplicateJsonObjectContextCustomizer@6aa8e115, org.springframework.boot.test.mock.mockito.MockitoContextCustomizer@0, org.springframework.boot.test.web.client.TestRestTemplateContextCustomizer@2570851e, org.springframework.boot.test.web.reactor.netty.DisableReactorResourceFactoryGlobalResourcesContextCustomizerFactory$DisableReactorResourceFactoryGlobalResourcesContextCustomizerCustomizer@1c39680d, org.springframework.boot.test.autoconfigure.OnFailureConditionReportContextCustomizerFactory$OnFailureConditionReportContextCustomizer@a37aefe, org.springframework.boot.test.autoconfigure.actuate.observability.ObservabilityContextCustomizerFactory$DisableObservabilityContextCustomizer@1f, org.springframework.boot.test.autoconfigure.properties.PropertyMappingContextCustomizer@4b3fa0b3, org.springframework.boot.test.autoconfigure.web.servlet.WebDriverContextCustomizer@5be49b60, org.springframework.boot.test.context.SpringBootTestAnnotation@9f8dd146], resourceBasePath = "src/main/webapp", contextLoader = org.springframework.boot.test.context.SpringBootContextLoader, parent = null]
[ERROR]   AuthControllerTest.vendor_cannotAccessAdmin_returns403 » IllegalState ApplicationContext failure threshold (1) exceeded: skipping repeated attempt to load context for [WebMergedContextConfiguration@29becf8b testClass = com.bookfair.controller.AuthControllerTest, locations = [], classes = [com.bookfair.BookfairApplication], contextInitializerClasses = [], activeProfiles = [], propertySourceDescriptors = [], propertySourceProperties = ["org.springframework.boot.test.context.SpringBootTestContextBootstrapper=true"], contextCustomizers = [[ImportsContextCustomizer@628b1538 key = [org.springframework.boot.test.autoconfigure.web.servlet.MockMvcWebDriverAutoConfiguration, org.springframework.boot.test.autoconfigure.web.servlet.MockMvcAutoConfiguration, org.springframework.boot.autoconfigure.security.oauth2.client.servlet.OAuth2ClientAutoConfiguration, org.springframework.boot.autoconfigure.security.servlet.SecurityAutoConfiguration, org.springframework.boot.autoconfigure.security.servlet.SecurityFilterAutoConfiguration, org.springframework.boot.autoconfigure.security.servlet.UserDetailsServiceAutoConfiguration, org.springframework.boot.autoconfigure.security.oauth2.resource.servlet.OAuth2ResourceServerAutoConfiguration, org.springframework.boot.test.autoconfigure.web.servlet.MockMvcSecurityConfiguration, org.springframework.boot.test.autoconfigure.web.servlet.MockMvcWebClientAutoConfiguration, org.springframework.boot.test.autoconfigure.web.reactive.WebTestClientAutoConfiguration]], org.springframework.boot.test.context.filter.ExcludeFilterContextCustomizer@44be0077, org.springframework.boot.test.json.DuplicateJsonObjectContextCustomizerFactory$DuplicateJsonObjectContextCustomizer@6aa8e115, org.springframework.boot.test.mock.mockito.MockitoContextCustomizer@0, org.springframework.boot.test.web.client.TestRestTemplateContextCustomizer@2570851e, org.springframework.boot.test.web.reactor.netty.DisableReactorResourceFactoryGlobalResourcesContextCustomizerFactory$DisableReactorResourceFactoryGlobalResourcesContextCustomizerCustomizer@1c39680d, org.springframework.boot.test.autoconfigure.OnFailureConditionReportContextCustomizerFactory$OnFailureConditionReportContextCustomizer@a37aefe, org.springframework.boot.test.autoconfigure.actuate.observability.ObservabilityContextCustomizerFactory$DisableObservabilityContextCustomizer@1f, org.springframework.boot.test.autoconfigure.properties.PropertyMappingContextCustomizer@4b3fa0b3, org.springframework.boot.test.autoconfigure.web.servlet.WebDriverContextCustomizer@5be49b60, org.springframework.boot.test.context.SpringBootTestAnnotation@9f8dd146], resourceBasePath = "src/main/webapp", contextLoader = org.springframework.boot.test.context.SpringBootContextLoader, parent = null]
[ERROR]   EmailControllerTest.sendTest_shouldReturnOkAndInvokeService » IllegalState Failed to load ApplicationContext for [WebMergedContextConfiguration@7a9e44ff testClass = com.bookfair.controller.EmailControllerTest, locations = [], classes = [com.bookfair.BookfairApplication], contextInitializerClasses = [], activeProfiles = [], propertySourceDescriptors = [], propertySourceProperties = ["org.springframework.boot.test.autoconfigure.web.servlet.WebMvcTestContextBootstrapper=true"], contextCustomizers = [[ImportsContextCustomizer@1f8e1096 key = [org.springframework.boot.autoconfigure.task.TaskExecutionAutoConfiguration, org.springframework.boot.autoconfigure.cache.CacheAutoConfiguration, org.springframework.boot.autoconfigure.web.servlet.HttpEncodingAutoConfiguration, org.springframework.boot.autoconfigure.validation.ValidationAutoConfiguration, org.springframework.boot.autoconfigure.context.MessageSourceAutoConfiguration, org.springframework.boot.autoconfigure.hateoas.HypermediaAutoConfiguration, org.springframework.boot.autoconfigure.jackson.JacksonAutoConfiguration, org.springframework.boot.autoconfigure.data.web.SpringDataWebAutoConfiguration, org.springframework.boot.test.autoconfigure.web.reactive.WebTestClientAutoConfiguration, org.springframework.boot.autoconfigure.web.servlet.error.ErrorMvcAutoConfiguration, org.springframework.boot.test.autoconfigure.web.servlet.MockMvcAutoConfiguration, org.springframework.boot.autoconfigure.security.servlet.SecurityAutoConfiguration, org.springframework.boot.autoconfigure.security.servlet.SecurityFilterAutoConfiguration, org.springframework.boot.autoconfigure.http.HttpMessageConvertersAutoConfiguration, org.springframework.boot.autoconfigure.security.oauth2.client.servlet.OAuth2ClientAutoConfiguration, org.springframework.boot.test.autoconfigure.web.servlet.MockMvcSecurityConfiguration, org.springframework.boot.test.autoconfigure.web.servlet.MockMvcWebClientAutoConfiguration, org.springframework.boot.test.autoconfigure.web.servlet.MockMvcWebDriverAutoConfiguration, org.springframework.boot.autoconfigure.thymeleaf.ThymeleafAutoConfiguration, org.springframework.boot.autoconfigure.gson.GsonAutoConfiguration, org.springframework.boot.autoconfigure.jsonb.JsonbAutoConfiguration, org.springframework.boot.autoconfigure.freemarker.FreeMarkerAutoConfiguration, org.springframework.boot.autoconfigure.web.servlet.WebMvcAutoConfiguration, org.springframework.boot.autoconfigure.security.servlet.UserDetailsServiceAutoConfiguration, org.springframework.boot.autoconfigure.security.oauth2.resource.servlet.OAuth2ResourceServerAutoConfiguration, org.springframework.boot.autoconfigure.groovy.template.GroovyTemplateAutoConfiguration, org.springframework.boot.autoconfigure.mustache.MustacheAutoConfiguration]], org.springframework.boot.test.context.filter.ExcludeFilterContextCustomizer@44be0077, org.springframework.boot.test.json.DuplicateJsonObjectContextCustomizerFactory$DuplicateJsonObjectContextCustomizer@6aa8e115, org.springframework.boot.test.mock.mockito.MockitoContextCustomizer@f35f53de, org.springframework.boot.test.web.reactor.netty.DisableReactorResourceFactoryGlobalResourcesContextCustomizerFactory$DisableReactorResourceFactoryGlobalResourcesContextCustomizerCustomizer@1c39680d, org.springframework.boot.test.autoconfigure.OnFailureConditionReportContextCustomizerFactory$OnFailureConditionReportContextCustomizer@a37aefe, org.springframework.boot.test.autoconfigure.OverrideAutoConfigurationContextCustomizerFactory$DisableAutoConfigurationContextCustomizer@37fb0bed, org.springframework.boot.test.autoconfigure.actuate.observability.ObservabilityContextCustomizerFactory$DisableObservabilityContextCustomizer@1f, org.springframework.boot.test.autoconfigure.filter.TypeExcludeFiltersContextCustomizer@3039459f, org.springframework.boot.test.autoconfigure.properties.PropertyMappingContextCustomizer@e349a9f1, org.springframework.boot.test.autoconfigure.web.servlet.WebDriverContextCustomizer@5be49b60, org.springframework.boot.test.context.SpringBootTestAnnotation@da99bfda], resourceBasePath = "src/main/webapp", contextLoader = org.springframework.boot.test.context.SpringBootContextLoader, parent = null]
[INFO] 
[ERROR] Tests run: 37, Failures: 1, Errors: 10, Skipped: 0
[INFO] 
[INFO] ------------------------------------------------------------------------
[INFO] BUILD FAILURE
[INFO] ------------------------------------------------------------------------
[INFO] Total time:  18.154 s
[INFO] Finished at: 2026-03-02T12:39:53+05:30
[INFO] ------------------------------------------------------------------------
[ERROR] Failed to execute goal org.apache.maven.plugins:maven-surefire-plugin:3.2.5:test (default-test) on project stall-reservation-api: There are test failures.
[ERROR] 
[ERROR] Please refer to C:\Users\User\SA_PROJECT\backend\target\surefire-reports for the individual test results.
[ERROR] Please refer to dump files (if any exist) [date].dump, [date]-jvmRun[N].dump and [date].dumpstream.
[ERROR] -> [Help 1]
[ERROR] 
[ERROR] To see the full stack trace of the errors, re-run Maven with the -e switch.
[ERROR] Re-run Maven using the -X switch to enable full debug logging.
[ERROR] 
[ERROR] For more information about the errors and possible solutions, please read the following articles:
[ERROR] [Help 1] http://cwiki.apache.org/confluence/display/MAVEN/MojoFailureException
